[03:24:36] BBB.org Immigration Services Scraper
[03:24:36] Categories: 124 (51 US states + 11 CA provinces x 2 categories)
[03:24:36] Remaining: 124 | Existing leads: 0
[03:24:36] Max pages per category: 15
[03:24:36] Profile enrichment: YES
[03:24:36] Delays: 3-5s between requests
[03:24:36] Output: /Users/fardeenchoudhury/mortar-lead-scraper/output/immigration-services-bbb.csv
[03:24:36] 
[03:24:36] [1/124] US/AK immigration-lawyer
[03:24:37]   2 total results (up to 1 pages)
[03:24:37]   Page 1: 2 listings, 2 new
[03:24:37]   Subtotal: 2 listings, 2 new
[03:24:40] [2/124] US/AL immigration-lawyer
[03:24:41]   22 total results (up to 2 pages)
[03:24:41]   Page 1: 8 listings, 8 new
[03:24:45]   Page 2: 6 listings, 3 new
[03:24:45]   Subtotal: 14 listings, 11 new
[03:24:49] [3/124] US/AR immigration-lawyer
[03:24:49]   21 total results (up to 2 pages)
[03:24:49]   Page 1: 13 listings, 13 new
[03:24:54]   Page 2: 5 listings, 3 new
[03:24:54]   Subtotal: 18 listings, 16 new
[03:24:58] [4/124] US/AZ immigration-lawyer
[03:24:59]   104 total results (up to 7 pages)
[03:24:59]   Page 1: 12 listings, 12 new
[03:25:04]   Page 2: 14 listings, 10 new
[03:25:07]   Page 3: 14 listings, 14 new
[03:25:12]   Page 4: 15 listings, 10 new
[03:25:17]   Page 5: 15 listings, 15 new
[03:25:20]   Page 6: 15 listings, 11 new
[03:25:24]   Page 7: 13 listings, 1 new
[03:25:24]   Subtotal: 98 listings, 73 new
[03:25:27] [5/124] US/CA immigration-lawyer
[03:25:28]   351 total results (up to 15 pages)
[03:25:28]   Page 1: 15 listings, 15 new
[03:25:33]   Page 2: 16 listings, 8 new
[03:25:38]   Page 3: 15 listings, 8 new
[03:25:43]   Page 4: 15 listings, 3 new
[03:25:47]   Page 5: 12 listings, 12 new
[03:25:50]   Page 6: 14 listings, 14 new
[03:25:54]   Page 7: 15 listings, 15 new
[03:25:57]   Page 8: 14 listings, 14 new
[03:26:01]   Page 9: 15 listings, 15 new
[03:26:05]   Page 10: 15 listings, 11 new
[03:26:10]   Page 11: 15 listings, 8 new
[03:26:15]   Page 12: 11 listings, 8 new
[03:26:20]   Page 13: 12 listings, 2 new
[03:26:24]   Page 14: 13 listings, 12 new
[03:26:29]   Page 15: 13 listings, 13 new
[03:26:29]   Subtotal: 210 listings, 158 new
[03:26:29]   [Progress saved: 260 leads]
[03:26:33] [6/124] US/CO immigration-lawyer
[03:26:33]   39 total results (up to 3 pages)
[03:26:33]   Page 1: 12 listings, 12 new
[03:26:38]   Page 2: 13 listings, 5 new
[03:26:43]   Page 3: 9 listings, 4 new
[03:26:43]   Subtotal: 34 listings, 21 new
[03:26:47] [7/124] US/CT immigration-lawyer
[03:26:48]   25 total results (up to 2 pages)
[03:26:48]   Page 1: 13 listings, 13 new
[03:26:51]   Page 2: 7 listings, 1 new
[03:26:51]   Subtotal: 20 listings, 14 new
[03:26:55] [8/124] US/DC immigration-lawyer
[03:26:55]   25 total results (up to 2 pages)
[03:26:55]   Page 1: 14 listings, 14 new
[03:26:59]   Page 2: 11 listings, 10 new
[03:26:59]   Subtotal: 25 listings, 24 new
[03:27:02] [9/124] US/DE immigration-lawyer
[03:27:03]   17 total results (up to 2 pages)
[03:27:03]   Page 1: 10 listings, 10 new
[03:27:07]   Page 2: 2 listings, 0 new
[03:27:07]   Subtotal: 12 listings, 10 new
[03:27:10] [10/124] US/FL immigration-lawyer
[03:27:11]   338 total results (up to 15 pages)
[03:27:11]   Page 1: 12 listings, 12 new
[03:27:15]   Page 2: 13 listings, 12 new
[03:27:19]   Page 3: 14 listings, 6 new
[03:27:23]   Page 4: 12 listings, 3 new
[03:27:28]   Page 5: 13 listings, 13 new
[03:27:33]   Page 6: 12 listings, 12 new
[03:27:37]   Page 7: 14 listings, 14 new
[03:27:42]   Page 8: 13 listings, 13 new
[03:27:47]   Page 9: 13 listings, 12 new
[03:27:52]   Page 10: 14 listings, 14 new
[03:27:57]   Page 11: 12 listings, 5 new
[03:28:01]   Page 12: 14 listings, 0 new
[03:28:06]   Page 13: 15 listings, 15 new
[03:28:10]   Page 14: 15 listings, 14 new
[03:28:15]   Page 15: 14 listings, 12 new
[03:28:15]   Subtotal: 200 listings, 157 new
[03:28:15]   [Progress saved: 486 leads]
[03:28:18] [11/124] US/GA immigration-lawyer
[03:28:18]   67 total results (up to 5 pages)
[03:28:18]   Page 1: 15 listings, 15 new
[03:28:24]   Page 2: 14 listings, 12 new
[03:28:28]   Page 3: 14 listings, 10 new
[03:28:32]   Page 4: 14 listings, 7 new
[03:28:36]   Page 5: 7 listings, 0 new
[03:28:36]   Subtotal: 64 listings, 44 new
[03:28:41] [12/124] US/HI immigration-lawyer
[03:28:41]   10 total results (up to 1 pages)
[03:28:41]   Page 1: 8 listings, 8 new
[03:28:41]   Subtotal: 8 listings, 8 new
[03:28:45] [13/124] US/IA immigration-lawyer
[03:28:45]   2 total results (up to 1 pages)
[03:28:45]   Page 1: 2 listings, 2 new
[03:28:45]   Subtotal: 2 listings, 2 new
[03:28:50] [14/124] US/ID immigration-lawyer
[03:28:51]   12 total results (up to 1 pages)
[03:28:51]   Page 1: 11 listings, 11 new
[03:28:51]   Subtotal: 11 listings, 11 new
[03:28:55] [15/124] US/IL immigration-lawyer
[03:28:56]   187 total results (up to 13 pages)
[03:28:56]   Page 1: 13 listings, 13 new
[03:28:59]   Page 2: 14 listings, 2 new
[03:29:05]   Page 3: 12 listings, 8 new
[03:29:10]   Page 4: 13 listings, 13 new
[03:29:14]   Page 5: 15 listings, 13 new
[03:29:19]   Page 6: 14 listings, 12 new
[03:29:23]   Page 7: 14 listings, 0 new
[03:29:28]   Page 8: 13 listings, 12 new
[03:29:31]   Page 9: 14 listings, 11 new
[03:29:36]   Page 10: 14 listings, 0 new
[03:29:41]   Page 11: 13 listings, 2 new
[03:29:45]   Page 12: 15 listings, 12 new
[03:29:49]   Page 13: 7 listings, 5 new
[03:29:49]   Subtotal: 171 listings, 103 new
[03:29:49]   [Progress saved: 654 leads]
[03:29:52] [16/124] US/IN immigration-lawyer
[03:29:52]   21 total results (up to 2 pages)
[03:29:52]   Page 1: 15 listings, 15 new
[03:29:57]   Page 2: 6 listings, 2 new
[03:29:57]   Subtotal: 21 listings, 17 new
[03:30:01] [17/124] US/KS immigration-lawyer
[03:30:02]   3 total results (up to 1 pages)
[03:30:02]   Page 1: 3 listings, 3 new
[03:30:02]   Subtotal: 3 listings, 3 new
[03:30:06] [18/124] US/KY immigration-lawyer
[03:30:06]   10 total results (up to 1 pages)
[03:30:06]   Page 1: 10 listings, 10 new
[03:30:06]   Subtotal: 10 listings, 10 new
[03:30:09] [19/124] US/LA immigration-lawyer
[03:30:10]   16 total results (up to 2 pages)
[03:30:10]   Page 1: 14 listings, 14 new
[03:30:13]   Page 2: 1 listings, 1 new
[03:30:13]   Subtotal: 15 listings, 15 new
[03:30:17] [20/124] US/MA immigration-lawyer
[03:30:17]   36 total results (up to 3 pages)
[03:30:17]   Page 1: 11 listings, 11 new
[03:30:22]   Page 2: 13 listings, 12 new
[03:30:26]   Page 3: 6 listings, 0 new
[03:30:26]   Subtotal: 30 listings, 23 new
[03:30:26]   [Progress saved: 722 leads]
[03:30:30] [21/124] US/MD immigration-lawyer
[03:30:31]   56 total results (up to 4 pages)
[03:30:31]   Page 1: 11 listings, 11 new
[03:30:35]   Page 2: 15 listings, 10 new
[03:30:39]   Page 3: 14 listings, 10 new
[03:30:43]   Page 4: 11 listings, 0 new
[03:30:43]   Subtotal: 51 listings, 31 new
[03:30:48] [22/124] US/ME immigration-lawyer
[03:30:48]   No results
[03:30:52] [23/124] US/MI immigration-lawyer
[03:30:53]   34 total results (up to 3 pages)
[03:30:53]   Page 1: 13 listings, 13 new
[03:30:57]   Page 2: 11 listings, 5 new
[03:31:01]   Page 3: 3 listings, 0 new
[03:31:01]   Subtotal: 27 listings, 18 new
[03:31:04] [24/124] US/MN immigration-lawyer
[03:31:05]   27 total results (up to 2 pages)
[03:31:05]   Page 1: 14 listings, 14 new
[03:31:10]   Page 2: 12 listings, 11 new
[03:31:10]   Subtotal: 26 listings, 25 new
[03:31:14] [25/124] US/MO immigration-lawyer
[03:31:15]   33 total results (up to 3 pages)
[03:31:15]   Page 1: 14 listings, 12 new
[03:31:18]   Timeout, retrying...
[03:31:19]   Page 2: 15 listings, 6 new
[03:31:24]   Page 3: 1 listings, 1 new
[03:31:24]   Subtotal: 30 listings, 19 new
[03:31:24]   [Progress saved: 815 leads]
[03:31:27] [26/124] US/MS immigration-lawyer
[03:31:28]   10 total results (up to 1 pages)
[03:31:28]   Page 1: 5 listings, 5 new
[03:31:28]   Subtotal: 5 listings, 5 new
[03:31:31] [27/124] US/MT immigration-lawyer
[03:31:31]   1 total results (up to 1 pages)
[03:31:31]   Page 1: 1 listings, 1 new
[03:31:31]   Subtotal: 1 listings, 1 new
[03:31:36] [28/124] US/NC immigration-lawyer
[03:31:36]   54 total results (up to 4 pages)
[03:31:36]   Page 1: 11 listings, 11 new
[03:31:42]   Page 2: 14 listings, 14 new
[03:31:46]   Page 3: 15 listings, 0 new
[03:31:50]   Page 4: 9 listings, 0 new
[03:31:50]   Subtotal: 49 listings, 25 new
[03:31:53]   Timeout, retrying...
[03:31:54] [29/124] US/ND immigration-lawyer
[03:31:55]   2 total results (up to 1 pages)
[03:31:55]   Page 1: 2 listings, 2 new
[03:31:55]   Subtotal: 2 listings, 2 new
[03:31:59] [30/124] US/NE immigration-lawyer
[03:32:00]   17 total results (up to 2 pages)
[03:32:00]   Page 1: 13 listings, 12 new
[03:32:03]   Page 2: 2 listings, 1 new
[03:32:03]   Subtotal: 15 listings, 13 new
[03:32:03]   [Progress saved: 861 leads]
[03:32:07] [31/124] US/NH immigration-lawyer
[03:32:08]   6 total results (up to 1 pages)
[03:32:08]   Page 1: 5 listings, 5 new
[03:32:08]   Subtotal: 5 listings, 5 new
[03:32:11] [32/124] US/NJ immigration-lawyer
[03:32:11]   69 total results (up to 5 pages)
[03:32:11]   Page 1: 14 listings, 14 new
[03:32:16]   Page 2: 14 listings, 12 new
[03:32:21]   Page 3: 15 listings, 7 new
[03:32:24]   Page 4: 14 listings, 8 new
[03:32:28]   Timeout, retrying...
[03:32:29]   Page 5: 6 listings, 4 new
[03:32:29]   Subtotal: 63 listings, 45 new
[03:32:32] [33/124] US/NM immigration-lawyer
[03:32:33]   8 total results (up to 1 pages)
[03:32:33]   Page 1: 8 listings, 6 new
[03:32:33]   Subtotal: 8 listings, 6 new
[03:32:36] [34/124] US/NV immigration-lawyer
[03:32:37]   29 total results (up to 2 pages)
[03:32:37]   Page 1: 16 listings, 15 new
[03:32:42]   Page 2: 13 listings, 11 new
[03:32:42]   Subtotal: 29 listings, 26 new
[03:32:46] [35/124] US/NY immigration-lawyer
[03:32:46]   183 total results (up to 13 pages)
[03:32:46]   Page 1: 12 listings, 12 new
[03:32:52]   Page 2: 11 listings, 7 new
[03:32:56]   Page 3: 12 listings, 11 new
[03:33:00]   Page 4: 15 listings, 15 new
[03:33:05]   Page 5: 15 listings, 15 new
[03:33:10]   Page 6: 12 listings, 7 new
[03:33:14]   Page 7: 15 listings, 13 new
[03:33:18]   Page 8: 15 listings, 14 new
[03:33:23]   Page 9: 15 listings, 12 new
[03:33:28]   Page 10: 13 listings, 0 new
[03:33:32]   Page 11: 15 listings, 0 new
[03:33:36]   Page 12: 15 listings, 0 new
[03:33:41]   Page 13: 3 listings, 0 new
[03:33:41]   Subtotal: 168 listings, 106 new
[03:33:41]   [Progress saved: 1049 leads]
[03:33:44] [36/124] US/OH immigration-lawyer
[03:33:45]   53 total results (up to 4 pages)
[03:33:45]   Page 1: 13 listings, 13 new
[03:33:48]   Page 2: 15 listings, 12 new
[03:33:53]   Page 3: 15 listings, 6 new
[03:33:56]   Page 4: 8 listings, 2 new
[03:33:56]   Subtotal: 51 listings, 33 new
[03:34:00] [37/124] US/OK immigration-lawyer
[03:34:01]   24 total results (up to 2 pages)
[03:34:01]   Page 1: 13 listings, 13 new
[03:34:06]   Page 2: 8 listings, 4 new
[03:34:06]   Subtotal: 21 listings, 17 new
[03:34:09] [38/124] US/OR immigration-lawyer
[03:34:10]   25 total results (up to 2 pages)
[03:34:10]   Page 1: 13 listings, 11 new
[03:34:15]   Page 2: 8 listings, 8 new
[03:34:15]   Subtotal: 21 listings, 19 new
[03:34:18] [39/124] US/PA immigration-lawyer
[03:34:19]   55 total results (up to 4 pages)
[03:34:19]   Page 1: 6 listings, 5 new
[03:34:22]   Page 2: 15 listings, 13 new
[03:34:27]   Page 3: 15 listings, 2 new
[03:34:31]   Page 4: 11 listings, 7 new
[03:34:31]   Subtotal: 47 listings, 27 new
[03:34:35] [40/124] US/RI immigration-lawyer
[03:34:36]   3 total results (up to 1 pages)
[03:34:36]   Page 1: 3 listings, 3 new
[03:34:36]   Subtotal: 3 listings, 3 new
[03:34:36]   [Progress saved: 1148 leads]
[03:34:40] [41/124] US/SC immigration-lawyer
[03:34:41]   14 total results (up to 1 pages)
[03:34:41]   Page 1: 10 listings, 10 new
[03:34:41]   Subtotal: 10 listings, 10 new
[03:34:44] [42/124] US/SD immigration-lawyer
[03:34:45]   2 total results (up to 1 pages)
[03:34:45]   Page 1: 2 listings, 2 new
[03:34:45]   Subtotal: 2 listings, 2 new
[03:34:50] [43/124] US/TN immigration-lawyer
[03:34:50]   21 total results (up to 2 pages)
[03:34:50]   Page 1: 12 listings, 12 new
[03:34:54]   Page 2: 6 listings, 4 new
[03:34:54]   Subtotal: 18 listings, 16 new
[03:34:58] [44/124] US/TX immigration-lawyer
[03:34:59]   225 total results (up to 15 pages)
[03:34:59]   Page 1: 14 listings, 13 new
[03:35:04]   Page 2: 14 listings, 11 new
[03:35:09]   Page 3: 15 listings, 6 new
[03:35:15]   Page 4: 13 listings, 10 new
[03:35:19]   Page 5: 15 listings, 15 new
[03:35:24]   Page 6: 15 listings, 15 new
[03:35:28]   Page 7: 15 listings, 14 new
[03:35:33]   Page 8: 15 listings, 14 new
[03:35:37]   Page 9: 15 listings, 5 new
[03:35:42]   Page 10: 15 listings, 10 new
[03:35:46]   Page 11: 15 listings, 15 new
[03:35:52]   Page 12: 15 listings, 6 new
[03:35:55]   Page 13: 14 listings, 13 new
[03:35:59]   Page 14: 16 listings, 0 new
[03:36:03]   Page 15: 15 listings, 1 new
[03:36:03]   Subtotal: 221 listings, 148 new
[03:36:06] [45/124] US/UT immigration-lawyer
[03:36:07]   25 total results (up to 2 pages)
[03:36:07]   Page 1: 12 listings, 11 new
[03:36:11]   Page 2: 9 listings, 5 new
[03:36:11]   Subtotal: 21 listings, 16 new
[03:36:11]   [Progress saved: 1340 leads]
[03:36:16] [46/124] US/VA immigration-lawyer
[03:36:17]   66 total results (up to 5 pages)
[03:36:17]   Page 1: 14 listings, 13 new
[03:36:21]   Page 2: 14 listings, 11 new
[03:36:26]   Page 3: 13 listings, 5 new
[03:36:30]   Page 4: 13 listings, 2 new
[03:36:34]   Page 5: 6 listings, 6 new
[03:36:34]   Subtotal: 60 listings, 37 new
[03:36:37] [47/124] US/VT immigration-lawyer
[03:36:38]   2 total results (up to 1 pages)
[03:36:38]   Page 1: 2 listings, 2 new
[03:36:38]   Subtotal: 2 listings, 2 new
[03:36:41] [48/124] US/WA immigration-lawyer
[03:36:42]   68 total results (up to 5 pages)
[03:36:42]   Page 1: 10 listings, 8 new
[03:36:47]   Page 2: 12 listings, 11 new
[03:36:52]   Page 3: 14 listings, 14 new
[03:36:56]   Page 4: 15 listings, 8 new
[03:37:02]   Page 5: 7 listings, 4 new
[03:37:02]   Subtotal: 58 listings, 45 new
[03:37:06] [49/124] US/WI immigration-lawyer
[03:37:07]   34 total results (up to 3 pages)
[03:37:07]   Page 1: 8 listings, 8 new
[03:37:12]   Page 2: 12 listings, 10 new
[03:37:16]   Page 3: 4 listings, 4 new
[03:37:16]   Subtotal: 24 listings, 22 new
[03:37:20] [50/124] US/WV immigration-lawyer
[03:37:21]   No results
[03:37:21]   [Progress saved: 1446 leads]
[03:37:24] [51/124] US/WY immigration-lawyer
[03:37:25]   No results
[03:37:28] [52/124] CA/AB immigration-lawyer
[03:37:28]   47 total results (up to 4 pages)
[03:37:28]   Page 1: 15 listings, 15 new
[03:37:33]   Page 2: 14 listings, 10 new
[03:37:38]   Page 3: 15 listings, 15 new
[03:37:42]   Page 4: 2 listings, 1 new
[03:37:42]   Subtotal: 46 listings, 41 new
[03:37:47] [53/124] CA/BC immigration-lawyer
[03:37:48]   43 total results (up to 3 pages)
[03:37:48]   Page 1: 15 listings, 15 new
[03:37:50]   Timeout, retrying...
[03:37:53]   Page 2: 10 listings, 8 new
[03:37:54]   Timeout, retrying...
[03:37:57]   Page 3: 9 listings, 1 new
[03:37:57]   Subtotal: 34 listings, 24 new
[03:38:01] [54/124] CA/MB immigration-lawyer
[03:38:02]   2 total results (up to 1 pages)
[03:38:02]   Page 1: 2 listings, 2 new
[03:38:02]   Subtotal: 2 listings, 2 new
[03:38:06] [55/124] CA/NB immigration-lawyer
[03:38:07]   No results
[03:38:07]   [Progress saved: 1513 leads]
[03:38:10] [56/124] CA/NL immigration-lawyer
[03:38:10]   No results
[03:38:15] [57/124] CA/NS immigration-lawyer
[03:38:15]   1 total results (up to 1 pages)
[03:38:15]   Page 1: 1 listings, 1 new
[03:38:15]   Subtotal: 1 listings, 1 new
[03:38:20] [58/124] CA/NT immigration-lawyer
[03:38:20]   No results
[03:38:24] [59/124] CA/NU immigration-lawyer
[03:38:25]   No results
[03:38:26]   Timeout, retrying...
[03:38:29] [60/124] CA/ON immigration-lawyer
[03:38:29]   Timeout, retrying...
[03:38:30]   107 total results (up to 8 pages)
[03:38:30]   Page 1: 14 listings, 14 new
[03:38:35]   Page 2: 15 listings, 11 new
[03:38:36]   Timeout, retrying...
[03:38:39]   Page 3: 15 listings, 15 new
[03:38:40]   Timeout, retrying...
[03:38:43]   Page 4: 15 listings, 15 new
[03:38:48]   Page 5: 14 listings, 13 new
[03:38:50]   Timeout, retrying...
[03:38:53]   Page 6: 15 listings, 0 new
[03:38:55]   Timeout, retrying...
[03:38:56]   Page 7: 13 listings, 6 new
[03:39:00]   Page 8: 2 listings, 1 new
[03:39:00]   Subtotal: 103 listings, 75 new
[03:39:00]   [Progress saved: 1589 leads]
[03:39:01]   Timeout, retrying...
[03:39:04] [61/124] CA/PE immigration-lawyer
[03:39:04]   No results
[03:39:05]   Timeout, retrying...
[03:39:09] [62/124] CA/SK immigration-lawyer
[03:39:09]   1 total results (up to 1 pages)
[03:39:09]   Page 1: 1 listings, 1 new
[03:39:09]   Subtotal: 1 listings, 1 new
[03:39:12]   Timeout, retrying...
[03:39:13] [63/124] US/AK immigration-consultant
[03:39:14]   No results
[03:39:15]   Timeout, retrying...
[03:39:18] [64/124] US/AL immigration-consultant
[03:39:19]   No results
[03:39:23] [65/124] US/AR immigration-consultant
[03:39:23]   4 total results (up to 1 pages)
[03:39:23]   Page 1: 4 listings, 3 new
[03:39:23]   Subtotal: 4 listings, 3 new
[03:39:23]   [Progress saved: 1593 leads]
[03:39:25]   Timeout, retrying...
[03:39:28] [66/124] US/AZ immigration-consultant
[03:39:29]   49 total results (up to 4 pages)
[03:39:29]   Page 1: 12 listings, 8 new
[03:39:30]   Timeout, retrying...
[03:39:32]   Page 2: 14 listings, 11 new
[03:39:34]   Timeout, retrying...
[03:39:36]   Page 3: 15 listings, 14 new
[03:39:42]   Page 4: 4 listings, 3 new
[03:39:42]   Subtotal: 45 listings, 36 new
[03:39:43]   Timeout, retrying...
[03:39:45] [67/124] US/CA immigration-consultant
[03:39:45]   344 total results (up to 15 pages)
[03:39:45]   Page 1: 14 listings, 12 new
[03:39:47]   Timeout, retrying...
[03:39:49]   Timeout, retrying...
[03:39:49]   Page 2: 15 listings, 15 new
[03:39:50]   Timeout, retrying...
[03:39:54]   Page 3: 15 listings, 5 new
[03:39:59]   Page 4: 13 listings, 4 new
[03:40:00]   Timeout, retrying...
[03:40:02]   Page 5: 15 listings, 13 new
[03:40:05]   Timeout, retrying...
[03:40:06]   Page 6: 14 listings, 13 new
[03:40:09]   Timeout, retrying...
[03:40:11]   Page 7: 12 listings, 12 new
[03:40:15]   Page 8: 14 listings, 14 new
[03:40:18]   Timeout, retrying...
[03:40:19]   Page 9: 13 listings, 13 new
[03:40:23]   Page 10: 13 listings, 13 new
[03:40:24]   Timeout, retrying...
[03:40:28]   Page 11: 15 listings, 13 new
[03:40:32]   Page 12: 13 listings, 9 new
[03:40:36]   Page 13: 12 listings, 1 new
[03:40:40]   Page 14: 14 listings, 11 new
[03:40:44]   Timeout, retrying...
[03:40:45]   Page 15: 13 listings, 10 new
[03:40:45]   Subtotal: 205 listings, 158 new
[03:40:49] [68/124] US/CO immigration-consultant
[03:40:49]   9 total results (up to 1 pages)
[03:40:49]   Page 1: 7 listings, 7 new
[03:40:49]   Subtotal: 7 listings, 7 new
[03:40:53] [69/124] US/CT immigration-consultant
[03:40:53]   10 total results (up to 1 pages)
[03:40:53]   Page 1: 9 listings, 8 new
[03:40:53]   Subtotal: 9 listings, 8 new
[03:40:54]   Timeout, retrying...
[03:40:57] [70/124] US/DC immigration-consultant
[03:40:58]   14 total results (up to 1 pages)
[03:40:58]   Page 1: 11 listings, 8 new
[03:40:58]   Subtotal: 11 listings, 8 new
[03:40:58]   [Progress saved: 1810 leads]
[03:40:59]   Timeout, retrying...
[03:41:02] [71/124] US/DE immigration-consultant
[03:41:02]   2 total results (up to 1 pages)
[03:41:02]   Page 1: 2 listings, 1 new
[03:41:02]   Subtotal: 2 listings, 1 new
[03:41:05] [72/124] US/FL immigration-consultant
[03:41:06]   228 total results (up to 15 pages)
[03:41:06]   Page 1: 13 listings, 12 new
[03:41:09]   Page 2: 15 listings, 12 new
[03:41:15]   Page 3: 15 listings, 6 new
[03:41:20]   Page 4: 15 listings, 6 new
[03:41:25]   Page 5: 14 listings, 12 new
[03:41:29]   Page 6: 15 listings, 14 new
[03:41:35]   Page 7: 15 listings, 13 new
[03:41:40]   Page 8: 15 listings, 15 new
[03:41:45]   Page 9: 14 listings, 1 new
[03:41:51]   Page 10: 15 listings, 11 new
[03:41:56]   Page 11: 15 listings, 14 new
[03:42:00]   Page 12: 12 listings, 7 new
[03:42:04]   Page 13: 15 listings, 13 new
[03:42:08]   Page 14: 13 listings, 10 new
[03:42:12]   Page 15: 15 listings, 12 new
[03:42:12]   Subtotal: 216 listings, 158 new
[03:42:17] [73/124] US/GA immigration-consultant
[03:42:18]   32 total results (up to 3 pages)
[03:42:18]   Page 1: 14 listings, 12 new
[03:42:21]   Page 2: 15 listings, 9 new
[03:42:25]   Page 3: 2 listings, 1 new
[03:42:25]   Subtotal: 31 listings, 22 new
[03:42:30] [74/124] US/HI immigration-consultant
[03:42:31]   9 total results (up to 1 pages)
[03:42:31]   Page 1: 8 listings, 7 new
[03:42:31]   Subtotal: 8 listings, 7 new
[03:42:34] [75/124] US/IA immigration-consultant
[03:42:34]   1 total results (up to 1 pages)
[03:42:34]   Page 1: 1 listings, 0 new
[03:42:34]   [Progress saved: 1998 leads]
[03:42:37] [76/124] US/ID immigration-consultant
[03:42:38]   1 total results (up to 1 pages)
[03:42:38]   Page 1: 1 listings, 1 new
[03:42:38]   Subtotal: 1 listings, 1 new
[03:42:42] [77/124] US/IL immigration-consultant
[03:42:42]   59 total results (up to 4 pages)
[03:42:42]   Page 1: 10 listings, 6 new
[03:42:46]   Page 2: 12 listings, 8 new
[03:42:51]   Page 3: 13 listings, 4 new
[03:42:54]   Page 4: 14 listings, 11 new
[03:42:54]   Subtotal: 49 listings, 29 new
[03:42:58] [78/124] US/IN immigration-consultant
[03:42:58]   13 total results (up to 1 pages)
[03:42:58]   Page 1: 10 listings, 9 new
[03:42:58]   Subtotal: 10 listings, 9 new
[03:43:02] [79/124] US/KS immigration-consultant
[03:43:03]   No results
[03:43:08] [80/124] US/KY immigration-consultant
[03:43:08]   2 total results (up to 1 pages)
[03:43:08]   Page 1: 1 listings, 1 new
[03:43:08]   Subtotal: 1 listings, 1 new
[03:43:08]   [Progress saved: 2038 leads]
[03:43:12] [81/124] US/LA immigration-consultant
[03:43:12]   4 total results (up to 1 pages)
[03:43:12]   Page 1: 4 listings, 3 new
[03:43:12]   Subtotal: 4 listings, 3 new
[03:43:16] [82/124] US/MA immigration-consultant
[03:43:17]   20 total results (up to 2 pages)
[03:43:17]   Page 1: 15 listings, 14 new
[03:43:22]   Page 2: 5 listings, 5 new
[03:43:22]   Subtotal: 20 listings, 19 new
[03:43:27] [83/124] US/MD immigration-consultant
[03:43:27]   7 total results (up to 1 pages)
[03:43:27]   Page 1: 6 listings, 2 new
[03:43:27]   Subtotal: 6 listings, 2 new
[03:43:32] [84/124] US/ME immigration-consultant
[03:43:32]   1 total results (up to 1 pages)
[03:43:32]   Page 1: 1 listings, 1 new
[03:43:32]   Subtotal: 1 listings, 1 new
[03:43:33]   Timeout, retrying...
[03:43:36] [85/124] US/MI immigration-consultant
[03:43:37]   4 total results (up to 1 pages)
[03:43:37]   Page 1: 4 listings, 4 new
[03:43:37]   Subtotal: 4 listings, 4 new
[03:43:37]   [Progress saved: 2067 leads]
[03:43:40] [86/124] US/MN immigration-consultant
[03:43:41]   6 total results (up to 1 pages)
[03:43:41]   Page 1: 3 listings, 3 new
[03:43:41]   Subtotal: 3 listings, 3 new
[03:43:46] [87/124] US/MO immigration-consultant
[03:43:46]   10 total results (up to 1 pages)
[03:43:46]   Page 1: 8 listings, 8 new
[03:43:46]   Subtotal: 8 listings, 8 new
[03:43:51] [88/124] US/MS immigration-consultant
[03:43:51]   No results
[03:43:55] [89/124] US/MT immigration-consultant
[03:43:56]   No results
[03:43:59] [90/124] US/NC immigration-consultant
[03:44:00]   13 total results (up to 1 pages)
[03:44:00]   Page 1: 12 listings, 12 new
[03:44:00]   Subtotal: 12 listings, 12 new
[03:44:00]   [Progress saved: 2090 leads]
[03:44:05] [91/124] US/ND immigration-consultant
[03:44:05]   2 total results (up to 1 pages)
[03:44:05]   Page 1: 1 listings, 1 new
[03:44:05]   Subtotal: 1 listings, 1 new
[03:44:08]   Timeout, retrying...
[03:44:10] [92/124] US/NE immigration-consultant
[03:44:10]   10 total results (up to 1 pages)
[03:44:10]   Page 1: 6 listings, 6 new
[03:44:10]   Subtotal: 6 listings, 6 new
[03:44:15] [93/124] US/NH immigration-consultant
[03:44:15]   4 total results (up to 1 pages)
[03:44:15]   Page 1: 3 listings, 1 new
[03:44:15]   Subtotal: 3 listings, 1 new
[03:44:19] [94/124] US/NJ immigration-consultant
[03:44:20]   14 total results (up to 1 pages)
[03:44:20]   Page 1: 14 listings, 14 new
[03:44:20]   Subtotal: 14 listings, 14 new
[03:44:21]   Timeout, retrying...
[03:44:24] [95/124] US/NM immigration-consultant
[03:44:25]   1 total results (up to 1 pages)
[03:44:25]   Page 1: 1 listings, 1 new
[03:44:25]   Subtotal: 1 listings, 1 new
[03:44:25]   [Progress saved: 2113 leads]
[03:44:25]   Timeout, retrying...
[03:44:29] [96/124] US/NV immigration-consultant
[03:44:30]   25 total results (up to 2 pages)
[03:44:30]   Page 1: 14 listings, 11 new
[03:44:34]   Page 2: 9 listings, 6 new
[03:44:34]   Subtotal: 23 listings, 17 new
[03:44:38] [97/124] US/NY immigration-consultant
[03:44:38]   85 total results (up to 6 pages)
[03:44:38]   Page 1: 15 listings, 15 new
[03:44:43]   Timeout, retrying...
[03:44:43]   Page 2: 14 listings, 12 new
[03:44:47]   Page 3: 14 listings, 0 new
[03:44:53]   Page 4: 15 listings, 15 new
[03:44:56]   Timeout, retrying...
[03:44:56]   Page 5: 14 listings, 12 new
[03:45:00]   Page 6: 11 listings, 11 new
[03:45:00]   Subtotal: 83 listings, 65 new
[03:45:01]   Timeout, retrying...
[03:45:05] [98/124] US/OH immigration-consultant
[03:45:05]   7 total results (up to 1 pages)
[03:45:05]   Page 1: 7 listings, 5 new
[03:45:05]   Subtotal: 7 listings, 5 new
[03:45:10] [99/124] US/OK immigration-consultant
[03:45:10]   9 total results (up to 1 pages)
[03:45:10]   Page 1: 8 listings, 6 new
[03:45:10]   Subtotal: 8 listings, 6 new
[03:45:14] [100/124] US/OR immigration-consultant
[03:45:15]   5 total results (up to 1 pages)
[03:45:15]   Page 1: 3 listings, 3 new
[03:45:15]   Subtotal: 3 listings, 3 new
[03:45:15]   [Progress saved: 2209 leads]
[03:45:18] [101/124] US/PA immigration-consultant
[03:45:19]   10 total results (up to 1 pages)
[03:45:19]   Page 1: 10 listings, 9 new
[03:45:19]   Subtotal: 10 listings, 9 new
[03:45:23] [102/124] US/RI immigration-consultant
[03:45:23]   4 total results (up to 1 pages)
[03:45:23]   Page 1: 4 listings, 4 new
[03:45:23]   Subtotal: 4 listings, 4 new
[03:45:28] [103/124] US/SC immigration-consultant
[03:45:28]   8 total results (up to 1 pages)
[03:45:28]   Page 1: 8 listings, 7 new
[03:45:28]   Subtotal: 8 listings, 7 new
[03:45:31]   Timeout, retrying...
[03:45:32] [104/124] US/SD immigration-consultant
[03:45:33]   No results
[03:45:36]   Timeout, retrying...
[03:45:36] [105/124] US/TN immigration-consultant
[03:45:37]   7 total results (up to 1 pages)
[03:45:37]   Page 1: 6 listings, 3 new
[03:45:37]   Subtotal: 6 listings, 3 new
[03:45:37]   [Progress saved: 2232 leads]
[03:45:41] [106/124] US/TX immigration-consultant
[03:45:42]   60 total results (up to 4 pages)
[03:45:42]   Page 1: 14 listings, 12 new
[03:45:46]   Page 2: 12 listings, 9 new
[03:45:50]   Page 3: 14 listings, 6 new
[03:45:54]   Page 4: 15 listings, 11 new
[03:45:54]   Subtotal: 55 listings, 38 new
[03:45:58] [107/124] US/UT immigration-consultant
[03:45:58]   15 total results (up to 1 pages)
[03:45:58]   Page 1: 11 listings, 10 new
[03:45:58]   Subtotal: 11 listings, 10 new
[03:46:03]   Timeout, retrying...
[03:46:03] [108/124] US/VA immigration-consultant
[03:46:04]   15 total results (up to 1 pages)
[03:46:04]   Page 1: 12 listings, 8 new
[03:46:04]   Subtotal: 12 listings, 8 new
[03:46:08] [109/124] US/VT immigration-consultant
[03:46:08]   No results
[03:46:13] [110/124] US/WA immigration-consultant
[03:46:13]   27 total results (up to 2 pages)
[03:46:13]   Page 1: 8 listings, 5 new
[03:46:18]   Page 2: 10 listings, 6 new
[03:46:18]   Subtotal: 18 listings, 11 new
[03:46:18]   [Progress saved: 2299 leads]
[03:46:21] [111/124] US/WI immigration-consultant
[03:46:22]   5 total results (up to 1 pages)
[03:46:22]   Page 1: 5 listings, 4 new
[03:46:22]   Subtotal: 5 listings, 4 new
[03:46:25] [112/124] US/WV immigration-consultant
[03:46:25]   No results
[03:46:30] [113/124] US/WY immigration-consultant
[03:46:30]   No results
[03:46:35] [114/124] CA/AB immigration-consultant
[03:46:35]   239 total results (up to 15 pages)
[03:46:35]   Page 1: 15 listings, 11 new
[03:46:38]   Timeout, retrying...
[03:46:38]   Timeout, retrying...
[03:46:39]   Page 2: 15 listings, 14 new
[03:46:45]   Page 3: 15 listings, 15 new
[03:46:48]   Page 4: 15 listings, 15 new
[03:46:53]   Page 5: 14 listings, 13 new
[03:46:55]   Timeout, retrying...
[03:46:57]   Page 6: 14 listings, 12 new
[03:47:00]   Timeout, retrying...
[03:47:02]   Page 7: 15 listings, 15 new
[03:47:05]   Page 8: 15 listings, 0 new
[03:47:09]   Page 9: 15 listings, 14 new
[03:47:13]   Timeout, retrying...
[03:47:13]   Timeout, retrying...
[03:47:13]   Page 10: 15 listings, 14 new
[03:47:17]   Page 11: 14 listings, 0 new
[03:47:22]   Page 12: 15 listings, 14 new
[03:47:27]   Page 13: 15 listings, 14 new
[03:47:30]   Timeout, retrying...
[03:47:31]   Page 14: 15 listings, 15 new
[03:47:35]   Timeout, retrying...
[03:47:36]   Page 15: 14 listings, 13 new
[03:47:36]   Subtotal: 221 listings, 179 new
[03:47:40] [115/124] CA/BC immigration-consultant
[03:47:40]   406 total results (up to 15 pages)
[03:47:40]   Page 1: 15 listings, 14 new
[03:47:44]   Page 2: 16 listings, 5 new
[03:47:48]   Timeout, retrying...
[03:47:49]   Page 3: 15 listings, 15 new
[03:47:53]   Page 4: 14 listings, 14 new
[03:47:58]   Page 5: 15 listings, 14 new
[03:48:02]   Page 6: 15 listings, 14 new
[03:48:05]   Timeout, retrying...
[03:48:05]   Page 7: 15 listings, 15 new
[03:48:09]   Page 8: 14 listings, 14 new
[03:48:10]   Timeout, retrying...
[03:48:13]   Page 9: 15 listings, 14 new
[03:48:18]   Page 10: 15 listings, 15 new
[03:48:22]   Page 11: 15 listings, 13 new
[03:48:27]   Page 12: 14 listings, 0 new
[03:48:31]   Page 13: 14 listings, 13 new
[03:48:36]   Page 14: 15 listings, 0 new
[03:48:41]   Page 15: 15 listings, 15 new
[03:48:41]   Subtotal: 222 listings, 175 new
[03:48:41]   [Progress saved: 2657 leads]
[03:48:44] [116/124] CA/MB immigration-consultant
[03:48:45]   19 total results (up to 2 pages)
[03:48:45]   Page 1: 13 listings, 13 new
[03:48:49]   Page 2: 4 listings, 2 new
[03:48:49]   Subtotal: 17 listings, 15 new
[03:48:53] [117/124] CA/NB immigration-consultant
[03:48:54]   9 total results (up to 1 pages)
[03:48:54]   Page 1: 9 listings, 9 new
[03:48:54]   Subtotal: 9 listings, 9 new
[03:48:58] [118/124] CA/NL immigration-consultant
[03:48:58]   No results
[03:49:03] [119/124] CA/NS immigration-consultant
[03:49:04]   21 total results (up to 2 pages)
[03:49:04]   Page 1: 15 listings, 14 new
[03:49:08]   Page 2: 5 listings, 4 new
[03:49:08]   Subtotal: 20 listings, 18 new
[03:49:12] [120/124] CA/NT immigration-consultant
[03:49:12]   No results
[03:49:12]   [Progress saved: 2699 leads]
[03:49:16] [121/124] CA/NU immigration-consultant
[03:49:17]   No results
[03:49:22] [122/124] CA/ON immigration-consultant
[03:49:22]   405 total results (up to 15 pages)
[03:49:22]   Page 1: 12 listings, 10 new
[03:49:26]   Page 2: 16 listings, 12 new
[03:49:28]   Timeout, retrying...
[03:49:31]   Page 3: 15 listings, 14 new
[03:49:36]   Page 4: 15 listings, 15 new
[03:49:41]   Page 5: 13 listings, 13 new
[03:49:42]   Timeout, retrying...
[03:49:45]   Page 6: 14 listings, 13 new
[03:49:46]   Timeout, retrying...
[03:49:49]   Page 7: 15 listings, 15 new
[03:49:54]   Page 8: 14 listings, 12 new
[03:49:59]   Page 9: 15 listings, 14 new
[03:50:03]   Timeout, retrying...
[03:50:04]   Page 10: 15 listings, 10 new
[03:50:09]   Page 11: 14 listings, 11 new
[03:50:13]   Page 12: 14 listings, 11 new
[03:50:17]   Timeout, retrying...
[03:50:17]   Page 13: 12 listings, 11 new
[03:50:21]   Page 14: 15 listings, 12 new
[03:50:22]   Timeout, retrying...
[03:50:26]   Page 15: 15 listings, 2 new
[03:50:26]   Subtotal: 214 listings, 175 new
[03:50:31] [123/124] CA/PE immigration-consultant
[03:50:32]   1 total results (up to 1 pages)
[03:50:32]   Page 1: 1 listings, 1 new
[03:50:32]   Subtotal: 1 listings, 1 new
[03:50:36] [124/124] CA/SK immigration-consultant
[03:50:37]   85 total results (up to 6 pages)
[03:50:37]   Page 1: 15 listings, 15 new
[03:50:38]   Timeout, retrying...
[03:50:42]   Page 2: 15 listings, 14 new
[03:50:46]   Page 3: 15 listings, 2 new
[03:50:51]   Page 4: 15 listings, 14 new
[03:50:52]   Timeout, retrying...
[03:50:55]   Page 5: 15 listings, 13 new
[03:50:57]   Timeout, retrying...
[03:51:00]   Page 6: 10 listings, 0 new
[03:51:00]   Subtotal: 85 listings, 58 new
[03:51:04] 
[03:51:04] Category scraping complete: 2933 unique leads
[03:51:04] 
=== Profile Enrichment Phase: 2929 profiles to fetch ===
[03:51:04]   [1/2929] Enriching... (0 websites, 0 emails found)
[03:51:48]   Timeout, retrying...
[03:52:15]   Timeout, retrying...
[03:52:23]   Timeout, retrying...
[03:52:24]   Timeout, retrying...
[03:52:50]   Timeout, retrying...
[03:52:51]   [25/2929] Enriching... (24 websites, 0 emails found)
[03:52:59]   Timeout, retrying...
[03:52:59]   Timeout, retrying...
[03:53:25]   Timeout, retrying...
[03:53:34]   Timeout, retrying...
[03:53:40]   Timeout, retrying...
[03:54:15]   Timeout, retrying...
[03:54:50]   [50/2929] Enriching... (49 websites, 0 emails found)
[03:54:50]   [Progress saved: 50 profiles enriched]
[03:54:51]   Timeout, retrying...
[03:56:37]   Timeout, retrying...
[03:56:48]   [75/2929] Enriching... (74 websites, 0 emails found)
[03:57:12]   Timeout, retrying...
[03:57:47]   Timeout, retrying...
[03:58:01]   Timeout, retrying...
[03:58:35]   [100/2929] Enriching... (99 websites, 0 emails found)
[03:58:36]   [Progress saved: 100 profiles enriched]
[03:58:36]   Timeout, retrying...
[03:59:11]   Timeout, retrying...
[04:00:31]   [125/2929] Enriching... (124 websites, 0 emails found)
[04:01:39]   Timeout, retrying...
[04:02:14]   Timeout, retrying...
[04:02:25]   [150/2929] Enriching... (149 websites, 0 emails found)
[04:02:26]   [Progress saved: 150 profiles enriched]
[04:02:49]   Timeout, retrying...
[04:04:21]   [175/2929] Enriching... (174 websites, 0 emails found)
[04:06:14]   [200/2929] Enriching... (199 websites, 0 emails found)
[04:06:15]   [Progress saved: 200 profiles enriched]
[04:06:22]   Timeout, retrying...
[04:06:57]   Timeout, retrying...
[04:07:32]   Timeout, retrying...
[04:08:12]   [225/2929] Enriching... (224 websites, 0 emails found)
[04:10:02]   [250/2929] Enriching... (249 websites, 0 emails found)
[04:10:03]   [Progress saved: 250 profiles enriched]
[04:10:11]   Timeout, retrying...
[04:10:46]   Timeout, retrying...
[04:11:21]   Timeout, retrying...
[04:11:55]   [275/2929] Enriching... (274 websites, 0 emails found)
[04:13:44]   [300/2929] Enriching... (299 websites, 0 emails found)
[04:13:44]   [Progress saved: 300 profiles enriched]
[04:15:42]   Timeout, retrying...
[04:15:42]   Request error: socket hang up, retrying...
[04:16:10]   [325/2929] Enriching... (324 websites, 0 emails found)
[04:16:21]   Timeout, retrying...
[04:16:57]   Timeout, retrying...
[04:17:32]   Timeout, retrying...
[04:18:02]   [350/2929] Enriching... (349 websites, 0 emails found)
[04:18:02]   [Progress saved: 350 profiles enriched]
[04:18:19]   Timeout, retrying...
[04:18:54]   Timeout, retrying...
[04:19:18]   Timeout, retrying...
[04:19:30]   Timeout, retrying...
[04:19:53]   Timeout, retrying...
[04:19:56]   [375/2929] Enriching... (374 websites, 0 emails found)
[04:20:28]   Timeout, retrying...
[04:21:48]   [400/2929] Enriching... (399 websites, 0 emails found)
[04:21:48]   [Progress saved: 400 profiles enriched]
[04:22:35]   Timeout, retrying...
[04:23:10]   Timeout, retrying...
[04:23:46]   Timeout, retrying...
[04:23:46]   [425/2929] Enriching... (424 websites, 0 emails found)
[04:25:43]   [450/2929] Enriching... (449 websites, 0 emails found)
[04:25:43]   [Progress saved: 450 profiles enriched]
[04:27:37]   [475/2929] Enriching... (474 websites, 0 emails found)
[04:29:30]   [500/2929] Enriching... (499 websites, 0 emails found)
[04:29:31]   [Progress saved: 500 profiles enriched]
[04:31:05]   Timeout, retrying...
[04:31:22]   [525/2929] Enriching... (524 websites, 0 emails found)
[04:31:33]   Timeout, retrying...
[04:31:40]   Timeout, retrying...
[04:32:08]   Timeout, retrying...
[04:32:15]   Timeout, retrying...
[04:32:28]   Timeout, retrying...
[04:32:43]   Timeout, retrying...
[04:32:43]   Timeout, retrying...
[04:32:47]   Timeout, retrying...
[04:32:58]   Timeout, retrying...
[04:33:03]   Timeout, retrying...
[04:33:18]   Timeout, retrying...
[04:33:21]   [550/2929] Enriching... (549 websites, 0 emails found)
[04:33:22]   [Progress saved: 550 profiles enriched]
[04:33:22]   Timeout, retrying...
[04:33:33]   Timeout, retrying...
[04:33:39]   Timeout, retrying...
[04:33:53]   Timeout, retrying...
[04:33:57]   Timeout, retrying...
[04:34:08]   Timeout, retrying...
[04:35:13]   [575/2929] Enriching... (574 websites, 0 emails found)
[04:37:10]   [600/2929] Enriching... (599 websites, 0 emails found)
[04:37:11]   [Progress saved: 600 profiles enriched]
[04:37:13]   Timeout, retrying...
[04:37:48]   Timeout, retrying...
[04:38:12]   Timeout, retrying...
[04:38:23]   Timeout, retrying...
[04:38:47]   Timeout, retrying...
[04:38:54]   Timeout, retrying...
[04:39:01]   [625/2929] Enriching... (624 websites, 0 emails found)
[04:39:22]   Timeout, retrying...
[04:39:27]   Timeout, retrying...
[04:39:29]   Timeout, retrying...
[04:40:03]   Timeout, retrying...
[04:40:04]   Timeout, retrying...
[04:40:38]   Timeout, retrying...
[04:40:55]   [650/2929] Enriching... (649 websites, 0 emails found)
[04:40:56]   [Progress saved: 650 profiles enriched]
[04:41:39]   Timeout, retrying...
[04:42:10]   Timeout, retrying...
[04:42:14]   Timeout, retrying...
[04:42:45]   Timeout, retrying...
[04:42:48]   [675/2929] Enriching... (674 websites, 0 emails found)
[04:42:50]   Timeout, retrying...
[04:43:20]   Timeout, retrying...
[04:44:42]   [700/2929] Enriching... (699 websites, 0 emails found)
[04:44:43]   [Progress saved: 700 profiles enriched]
[04:46:10]   Timeout, retrying...
[04:46:37]   [725/2929] Enriching... (724 websites, 0 emails found)
[04:46:45]   Timeout, retrying...
[04:47:20]   Timeout, retrying...
[04:48:08]   Timeout, retrying...
[04:48:30]   [750/2929] Enriching... (749 websites, 0 emails found)
[04:48:31]   [Progress saved: 750 profiles enriched]
[04:48:43]   Timeout, retrying...
[04:49:19]   Timeout, retrying...
[04:50:25]   [775/2929] Enriching... (774 websites, 0 emails found)
[04:50:36]   Timeout, retrying...
[04:50:46]   Timeout, retrying...
[04:51:11]   Timeout, retrying...
[04:51:21]   Timeout, retrying...
[04:51:47]   Timeout, retrying...
[04:51:56]   Timeout, retrying...
[04:52:13]   [800/2929] Enriching... (799 websites, 0 emails found)
[04:52:14]   [Progress saved: 800 profiles enriched]
[04:52:29]   Timeout, retrying...
[04:53:05]   Timeout, retrying...
[04:53:23]   Timeout, retrying...
[04:53:40]   Timeout, retrying...
[04:53:58]   Timeout, retrying...
[04:54:05]   [825/2929] Enriching... (824 websites, 0 emails found)
[04:54:33]   Timeout, retrying...
[04:56:04]   [850/2929] Enriching... (849 websites, 0 emails found)
[04:56:04]   [Progress saved: 850 profiles enriched]
[04:57:57]   [875/2929] Enriching... (874 websites, 0 emails found)
[04:59:52]   [900/2929] Enriching... (899 websites, 0 emails found)
[04:59:53]   [Progress saved: 900 profiles enriched]
[05:00:22]   Timeout, retrying...
[05:00:58]   Timeout, retrying...
[05:01:33]   Timeout, retrying...
[05:01:51]   [925/2929] Enriching... (924 websites, 0 emails found)
[05:02:50]   Timeout, retrying...
[05:03:26]   Timeout, retrying...
[05:03:49]   [950/2929] Enriching... (949 websites, 0 emails found)
[05:03:50]   [Progress saved: 950 profiles enriched]
[05:04:01]   Timeout, retrying...
[05:04:19]   Timeout, retrying...
[05:04:41]   Timeout, retrying...
[05:04:55]   Timeout, retrying...
[05:05:06]   Timeout, retrying...
[05:05:16]   Timeout, retrying...
[05:05:30]   Timeout, retrying...
[05:05:41]   Timeout, retrying...
[05:05:43]   [975/2929] Enriching... (974 websites, 0 emails found)
[05:05:52]   Timeout, retrying...
[05:06:16]   Timeout, retrying...
[05:07:34]   [1000/2929] Enriching... (999 websites, 0 emails found)
[05:07:34]   [Progress saved: 1000 profiles enriched]
[05:07:45]   Timeout, retrying...
[05:08:20]   Timeout, retrying...
[05:08:56]   Timeout, retrying...
[05:09:27]   [1025/2929] Enriching... (1024 websites, 0 emails found)
[05:10:46]   Timeout, retrying...
[05:11:18]   [1050/2929] Enriching... (1049 websites, 0 emails found)
[05:11:19]   [Progress saved: 1050 profiles enriched]
[05:11:21]   Timeout, retrying...
[05:11:56]   Timeout, retrying...
[05:13:13]   [1075/2929] Enriching... (1074 websites, 0 emails found)
[05:14:52]   Timeout, retrying...
[05:15:05]   [1100/2929] Enriching... (1099 websites, 0 emails found)
[05:15:06]   [Progress saved: 1100 profiles enriched]
[05:15:18]   Timeout, retrying...
[05:15:27]   Timeout, retrying...
[05:15:53]   Timeout, retrying...
[05:16:02]   Timeout, retrying...
[05:16:28]   Timeout, retrying...
[05:17:00]   [1125/2929] Enriching... (1124 websites, 0 emails found)
[05:17:31]   Timeout, retrying...
[05:18:06]   Timeout, retrying...
[05:18:17]   Timeout, retrying...
[05:18:41]   Timeout, retrying...
[05:18:52]   Timeout, retrying...
[05:18:59]   [1150/2929] Enriching... (1149 websites, 0 emails found)
[05:19:00]   [Progress saved: 1150 profiles enriched]
[05:19:13]   Timeout, retrying...
[05:19:27]   Timeout, retrying...
[05:19:48]   Timeout, retrying...
[05:20:24]   Timeout, retrying...
[05:20:50]   [1175/2929] Enriching... (1174 websites, 0 emails found)
[05:22:42]   [1200/2929] Enriching... (1199 websites, 0 emails found)
[05:22:43]   [Progress saved: 1200 profiles enriched]
[05:23:51]   Timeout, retrying...
[05:24:20]   Timeout, retrying...
[05:24:26]   Timeout, retrying...
[05:24:33]   [1225/2929] Enriching... (1224 websites, 0 emails found)
[05:24:55]   Timeout, retrying...
[05:25:01]   Timeout, retrying...
[05:25:30]   Timeout, retrying...
[05:25:48]   Timeout, retrying...
[05:26:23]   Timeout, retrying...
[05:26:30]   [1250/2929] Enriching... (1249 websites, 0 emails found)
[05:26:31]   [Progress saved: 1250 profiles enriched]
[05:26:47]   Timeout, retrying...
[05:26:58]   Timeout, retrying...
[05:27:22]   Timeout, retrying...
[05:27:31]   Timeout, retrying...
[05:27:57]   Timeout, retrying...
[05:28:06]   Timeout, retrying...
[05:28:25]   [1275/2929] Enriching... (1274 websites, 0 emails found)
[05:28:42]   Timeout, retrying...
[05:28:55]   Timeout, retrying...
[05:29:30]   Timeout, retrying...
[05:29:46]   Timeout, retrying...
[05:30:00]   Timeout, retrying...
[05:30:06]   Timeout, retrying...
[05:30:20]   [1300/2929] Enriching... (1299 websites, 0 emails found)
[05:30:21]   [Progress saved: 1300 profiles enriched]
[05:30:21]   Timeout, retrying...
[05:30:35]   Timeout, retrying...
[05:30:56]   Timeout, retrying...
[05:31:11]   Timeout, retrying...
[05:31:32]   Timeout, retrying...
[05:32:07]   Timeout, retrying...
[05:32:35]   [1325/2929] Enriching... (1324 websites, 0 emails found)
[05:32:43]   Timeout, retrying...
[05:34:30]   [1350/2929] Enriching... (1349 websites, 0 emails found)
[05:34:31]   [Progress saved: 1350 profiles enriched]
[05:35:01]   Timeout, retrying...
[05:35:05]   Timeout, retrying...
[05:35:11]   Timeout, retrying...
[05:35:36]   Timeout, retrying...
[05:35:40]   Timeout, retrying...
[05:35:46]   Timeout, retrying...
[05:35:56]   Timeout, retrying...
[05:36:11]   Timeout, retrying...
[05:36:15]   Timeout, retrying...
[05:36:21]   Timeout, retrying...
[05:36:23]   [1375/2929] Enriching... (1374 websites, 0 emails found)
[05:36:31]   Timeout, retrying...
[05:37:06]   Timeout, retrying...
[05:37:24]   Timeout, retrying...
[05:37:59]   Timeout, retrying...
[05:38:23]   [1400/2929] Enriching... (1399 websites, 0 emails found)
[05:38:24]   [Progress saved: 1400 profiles enriched]
[05:38:34]   Timeout, retrying...
[05:40:03]   Timeout, retrying...
[05:40:14]   [1425/2929] Enriching... (1424 websites, 0 emails found)
[05:40:38]   Timeout, retrying...
[05:41:13]   Timeout, retrying...
[05:41:20]   Timeout, retrying...
[05:41:55]   Timeout, retrying...
[05:42:08]   [1450/2929] Enriching... (1449 websites, 0 emails found)
[05:42:09]   [Progress saved: 1450 profiles enriched]
[05:42:31]   Timeout, retrying...
[05:43:18]   Timeout, retrying...
[05:43:53]   Timeout, retrying...
[05:44:02]   [1475/2929] Enriching... (1474 websites, 0 emails found)
[05:44:28]   Timeout, retrying...
[05:44:42]   Timeout, retrying...
[05:44:51]   Timeout, retrying...
[05:45:17]   Timeout, retrying...
[05:45:26]   Timeout, retrying...
[05:45:52]   Timeout, retrying...
[05:45:54]   [1500/2929] Enriching... (1499 websites, 0 emails found)
[05:45:55]   [Progress saved: 1500 profiles enriched]
[05:45:59]   Timeout, retrying...
[05:46:01]   Timeout, retrying...
[05:46:33]   Timeout, retrying...
[05:46:34]   Timeout, retrying...
[05:47:08]   Timeout, retrying...
[05:47:09]   Timeout, retrying...
[05:47:44]   Timeout, retrying...
[05:47:49]   [1525/2929] Enriching... (1524 websites, 0 emails found)
[05:49:24]   Timeout, retrying...
[05:49:37]   [1550/2929] Enriching... (1549 websites, 0 emails found)
[05:49:38]   [Progress saved: 1550 profiles enriched]
[05:49:59]   Timeout, retrying...
[05:50:34]   Timeout, retrying...
[05:51:32]   [1575/2929] Enriching... (1574 websites, 0 emails found)
[05:53:00]   Timeout, retrying...
[05:53:27]   [1600/2929] Enriching... (1599 websites, 0 emails found)
[05:53:28]   [Progress saved: 1600 profiles enriched]
[05:53:35]   Timeout, retrying...
[05:54:10]   Timeout, retrying...
[05:54:30]   Timeout, retrying...
[05:54:35]   Timeout, retrying...
[05:55:06]   Timeout, retrying...
[05:55:10]   Timeout, retrying...
[05:55:21]   Timeout, retrying...
[05:55:23]   [1625/2929] Enriching... (1624 websites, 0 emails found)
[05:55:34]   Timeout, retrying...
[05:55:41]   Timeout, retrying...
[05:55:45]   Timeout, retrying...
[05:55:56]   Timeout, retrying...
[05:56:09]   Timeout, retrying...
[05:56:23]   Timeout, retrying...
[05:56:32]   Timeout, retrying...
[05:56:44]   Timeout, retrying...
[05:56:58]   Timeout, retrying...
[05:57:15]   [1650/2929] Enriching... (1649 websites, 0 emails found)
[05:57:15]   [Progress saved: 1650 profiles enriched]
[05:57:33]   Timeout, retrying...
[05:59:10]   [1675/2929] Enriching... (1674 websites, 0 emails found)
[06:00:58]   [1700/2929] Enriching... (1699 websites, 0 emails found)
[06:00:59]   [Progress saved: 1700 profiles enriched]
[06:01:14]   Timeout, retrying...
[06:01:49]   Timeout, retrying...
[06:02:25]   Timeout, retrying...
[06:02:58]   [1725/2929] Enriching... (1724 websites, 0 emails found)
[06:04:57]   [1750/2929] Enriching... (1749 websites, 0 emails found)
[06:04:59]   [Progress saved: 1750 profiles enriched]
[06:05:13]   Timeout, retrying...
[06:05:48]   Timeout, retrying...
[06:06:24]   Timeout, retrying...
[06:06:35]   Timeout, retrying...
[06:07:00]   [1775/2929] Enriching... (1774 websites, 0 emails found)
[06:07:10]   Timeout, retrying...
[06:07:46]   Timeout, retrying...
[06:09:00]   Timeout, retrying...
[06:09:04]   [1800/2929] Enriching... (1799 websites, 0 emails found)
[06:09:05]   [Progress saved: 1800 profiles enriched]
[06:09:35]   Timeout, retrying...
[06:09:49]   Timeout, retrying...
[06:10:10]   Timeout, retrying...
[06:10:24]   Timeout, retrying...
[06:10:59]   [1825/2929] Enriching... (1824 websites, 0 emails found)
[06:10:59]   Timeout, retrying...
[06:11:01]   Timeout, retrying...
[06:11:36]   Timeout, retrying...
[06:12:12]   Timeout, retrying...
[06:12:56]   [1850/2929] Enriching... (1849 websites, 0 emails found)
[06:12:57]   [Progress saved: 1850 profiles enriched]
[06:13:47]   Timeout, retrying...
[06:14:01]   Timeout, retrying...
[06:14:22]   Timeout, retrying...
[06:14:36]   Timeout, retrying...
[06:14:52]   [1875/2929] Enriching... (1874 websites, 0 emails found)
[06:14:57]   Timeout, retrying...
[06:15:11]   Timeout, retrying...
[06:15:54]   Timeout, retrying...
[06:16:29]   Timeout, retrying...
[06:16:31]   Timeout, retrying...
[06:16:47]   [1900/2929] Enriching... (1899 websites, 0 emails found)
[06:16:47]   [Progress saved: 1900 profiles enriched]
[06:17:04]   Timeout, retrying...
[06:17:06]   Timeout, retrying...
[06:17:41]   Timeout, retrying...
[06:18:03]   Timeout, retrying...
[06:18:35]   Timeout, retrying...
[06:18:38]   Timeout, retrying...
[06:18:50]   [1925/2929] Enriching... (1924 websites, 0 emails found)
[06:19:10]   Timeout, retrying...
[06:19:13]   Timeout, retrying...
[06:19:46]   Timeout, retrying...
[06:20:42]   [1950/2929] Enriching... (1949 websites, 0 emails found)
[06:20:43]   [Progress saved: 1950 profiles enriched]
[06:21:32]   Timeout, retrying...
[06:21:37]   Timeout, retrying...
[06:22:07]   Timeout, retrying...
[06:22:13]   Timeout, retrying...
[06:22:33]   Timeout, retrying...
[06:22:37]   Timeout, retrying...
[06:22:38]   [1975/2929] Enriching... (1974 websites, 0 emails found)
[06:22:42]   Timeout, retrying...
[06:22:48]   Timeout, retrying...
[06:23:08]   Timeout, retrying...
[06:23:08]   Timeout, retrying...
[06:23:13]   Timeout, retrying...
[06:23:43]   Timeout, retrying...
[06:23:43]   Timeout, retrying...
[06:23:48]   Timeout, retrying...
[06:24:19]   Timeout, retrying...
[06:24:31]   [2000/2929] Enriching... (1999 websites, 0 emails found)
[06:24:31]   [Progress saved: 2000 profiles enriched]
[06:24:57]   Timeout, retrying...
[06:25:32]   Timeout, retrying...
[06:26:07]   Timeout, retrying...
[06:26:27]   [2025/2929] Enriching... (2024 websites, 0 emails found)
[06:28:17]   [2050/2929] Enriching... (2049 websites, 0 emails found)
[06:28:17]   [Progress saved: 2050 profiles enriched]
[06:30:10]   [2075/2929] Enriching... (2074 websites, 0 emails found)
[06:32:08]   [2100/2929] Enriching... (2099 websites, 0 emails found)
[06:32:09]   [Progress saved: 2100 profiles enriched]
[06:33:06]   Timeout, retrying...
[06:33:41]   Timeout, retrying...
[06:34:03]   [2125/2929] Enriching... (2124 websites, 0 emails found)
[06:34:16]   Timeout, retrying...
[06:35:53]   [2150/2929] Enriching... (2149 websites, 0 emails found)
[06:35:54]   [Progress saved: 2150 profiles enriched]
[06:36:50]   Timeout, retrying...
[06:36:56]   Timeout, retrying...
[06:37:26]   Timeout, retrying...
[06:37:31]   Timeout, retrying...
[06:37:46]   [2175/2929] Enriching... (2174 websites, 0 emails found)
[06:38:01]   Timeout, retrying...
[06:38:06]   Timeout, retrying...
[06:39:38]   [2200/2929] Enriching... (2199 websites, 0 emails found)
[06:39:38]   [Progress saved: 2200 profiles enriched]
[06:41:04]   Timeout, retrying...
[06:41:29]   [2225/2929] Enriching... (2224 websites, 0 emails found)
[06:41:39]   Timeout, retrying...
[06:41:59]   Timeout, retrying...
[06:42:14]   Timeout, retrying...
[06:42:35]   Timeout, retrying...
[06:43:10]   Timeout, retrying...
[06:43:23]   [2250/2929] Enriching... (2249 websites, 0 emails found)
[06:43:24]   [Progress saved: 2250 profiles enriched]
[06:43:28]   Timeout, retrying...
[06:44:03]   Timeout, retrying...
[06:44:38]   Timeout, retrying...
[06:45:17]   [2275/2929] Enriching... (2274 websites, 0 emails found)
[06:45:43]   Timeout, retrying...
[06:46:17]   Timeout, retrying...
[06:46:18]   Timeout, retrying...
[06:46:52]   Timeout, retrying...
[06:46:53]   Timeout, retrying...
[06:47:07]   [2300/2929] Enriching... (2299 websites, 0 emails found)
[06:47:07]   [Progress saved: 2300 profiles enriched]
[06:47:27]   Timeout, retrying...
[06:47:37]   Timeout, retrying...
[06:48:12]   Timeout, retrying...
[06:48:25]   Timeout, retrying...
[06:48:47]   Timeout, retrying...
[06:48:56]   [2325/2929] Enriching... (2324 websites, 0 emails found)
[06:49:01]   Timeout, retrying...
[06:49:36]   Timeout, retrying...
[06:50:03]   Timeout, retrying...
[06:50:38]   Timeout, retrying...
[06:50:51]   [2350/2929] Enriching... (2349 websites, 0 emails found)
[06:50:52]   [Progress saved: 2350 profiles enriched]
[06:51:13]   Timeout, retrying...
[06:51:13]   Timeout, retrying...
[06:51:48]   Timeout, retrying...
[06:52:23]   Timeout, retrying...
[06:52:43]   [2375/2929] Enriching... (2374 websites, 0 emails found)
[07:27:05]   Request error: read ECONNRESET, retrying...
[08:00:09]   Request error: read ECONNRESET, retrying...
[08:19:21]   Request error: read ECONNRESET, retrying...
[08:52:17]   Request error: read ECONNRESET, retrying...
[09:40:08]   Timeout, retrying...
[09:48:52]   [2400/2929] Enriching... (2399 websites, 0 emails found)
[09:48:54]   Request error: read ECONNRESET, retrying...
[09:55:16]   Timeout, retrying...
[09:55:16]   Timeout, retrying...
[09:55:16]   Request error: socket hang up, retrying...
[10:10:49]   [Progress saved: 2400 profiles enriched]
[10:10:49]   Timeout, retrying...
[10:10:49]   Timeout, retrying...
[10:10:49]   Timeout, retrying...
[10:10:49]   Request error: socket hang up, retrying...
[10:10:49]   Request error: socket hang up, retrying...
[10:26:28]   Timeout, retrying...
[10:27:56]   Timeout, retrying...
[10:28:27]   Timeout, retrying...
[10:28:32]   Timeout, retrying...
[10:28:32]   Timeout, retrying...
[10:29:02]   Timeout, retrying...
[10:29:07]   Timeout, retrying...
[10:29:07]   Timeout, retrying...
[10:29:12]   [2425/2929] Enriching... (2424 websites, 0 emails found)
[10:29:42]   Timeout, retrying...
[10:31:05]   [2450/2929] Enriching... (2449 websites, 0 emails found)
[10:31:06]   [Progress saved: 2450 profiles enriched]
[10:32:40]   Timeout, retrying...
[10:32:50]   Timeout, retrying...
[10:33:00]   [2475/2929] Enriching... (2474 websites, 0 emails found)
[10:33:12]   Timeout, retrying...
[10:33:15]   Timeout, retrying...
[10:39:35]   Timeout, retrying...
[10:39:35]   Timeout, retrying...
[10:39:35]   Timeout, retrying...
[10:39:45]   Request error: read EADDRNOTAVAIL, retrying...
[10:40:58]   Timeout, retrying...
[10:40:58]   Timeout, retrying...
[10:41:07]   Request error: read EADDRNOTAVAIL, retrying...
[10:59:04]   Request error: getaddrinfo ENOTFOUND www.bbb.org, retrying...
[10:59:09]   Request error: getaddrinfo ENOTFOUND www.bbb.org, retrying...
[10:59:18]   Request error: getaddrinfo ENOTFOUND www.bbb.org, retrying...
[10:59:23]   Request error: getaddrinfo ENOTFOUND www.bbb.org, retrying...
[10:59:28]   Request error: getaddrinfo ENOTFOUND www.bbb.org, retrying...
[11:05:02]   Request error: getaddrinfo ENOTFOUND www.bbb.org, retrying...
[11:05:07]   Request error: getaddrinfo ENOTFOUND www.bbb.org, retrying...
[11:21:31]   Request error: getaddrinfo ENOTFOUND www.bbb.org, retrying...
[11:52:15]   Request error: getaddrinfo ENOTFOUND www.bbb.org, retrying...
[12:08:48]   Request error: getaddrinfo ENOTFOUND www.bbb.org, retrying...
[12:08:53]   Request error: getaddrinfo ENOTFOUND www.bbb.org, retrying...
[12:09:01]   Request error: getaddrinfo ENOTFOUND www.bbb.org, retrying...
[12:09:06]   Request error: getaddrinfo ENOTFOUND www.bbb.org, retrying...
[12:09:11]   Request error: getaddrinfo ENOTFOUND www.bbb.org, retrying...
[12:26:21]   Request error: getaddrinfo ENOTFOUND www.bbb.org, retrying...
[12:34:16]   Request error: getaddrinfo ENOTFOUND www.bbb.org, retrying...
[12:34:21]   Request error: getaddrinfo ENOTFOUND www.bbb.org, retrying...
[12:52:03]   Request error: getaddrinfo ENOTFOUND www.bbb.org, retrying...
[13:08:40]   Request error: getaddrinfo ENOTFOUND www.bbb.org, retrying...
[13:24:37]   Request error: getaddrinfo ENOTFOUND www.bbb.org, retrying...
[13:24:47]   Request error: getaddrinfo ENOTFOUND www.bbb.org, retrying...
[13:24:52]   Request error: getaddrinfo ENOTFOUND www.bbb.org, retrying...
[13:24:57]   Request error: getaddrinfo ENOTFOUND www.bbb.org, retrying...
[13:25:05]   Request error: getaddrinfo ENOTFOUND www.bbb.org, retrying...
[13:25:10]   Request error: getaddrinfo ENOTFOUND www.bbb.org, retrying...
[13:35:20]   Request error: getaddrinfo ENOTFOUND www.bbb.org, retrying...
[13:59:50]   Request error: getaddrinfo ENOTFOUND www.bbb.org, retrying...
[14:00:29]   Timeout, retrying...
[14:00:35]   Timeout, retrying...
[14:00:43]   [2500/2929] Enriching... (2490 websites, 0 emails found)
[14:00:44]   [Progress saved: 2500 profiles enriched]
[14:00:49]   Timeout, retrying...
[14:01:04]   Timeout, retrying...
[14:01:10]   Timeout, retrying...
[14:01:14]   Timeout, retrying...
[14:01:19]   Timeout, retrying...
[14:01:24]   Timeout, retrying...
[14:01:39]   Timeout, retrying...
[14:01:45]   Timeout, retrying...
[14:01:49]   Timeout, retrying...
[14:01:54]   Timeout, retrying...
[14:01:59]   Timeout, retrying...
[14:03:30]   Timeout, retrying...
[14:03:30]   Timeout, retrying...
[14:03:30]   Timeout, retrying...
[14:03:57]   [2525/2929] Enriching... (2515 websites, 0 emails found)
[14:04:05]   Timeout, retrying...
[14:04:40]   Timeout, retrying...
[14:05:51]   [2550/2929] Enriching... (2540 websites, 0 emails found)
[14:05:52]   [Progress saved: 2550 profiles enriched]
[14:07:51]   [2575/2929] Enriching... (2565 websites, 0 emails found)
[14:08:34]   Timeout, retrying...
[14:09:09]   Timeout, retrying...
[14:09:44]   Timeout, retrying...
[14:09:45]   [2600/2929] Enriching... (2589 websites, 0 emails found)
[14:09:46]   [Progress saved: 2600 profiles enriched]
[14:09:57]   Timeout, retrying...
[14:10:29]   Timeout, retrying...
[14:10:32]   Timeout, retrying...
[14:10:47]   Timeout, retrying...
[14:11:04]   Timeout, retrying...
[14:11:07]   Timeout, retrying...
[14:11:22]   Timeout, retrying...
[14:11:38]   Timeout, retrying...
[14:11:39]   Timeout, retrying...
[14:11:41]   [2625/2929] Enriching... (2614 websites, 0 emails found)
[14:11:57]   Timeout, retrying...
[14:12:01]   Timeout, retrying...
[14:12:13]   Timeout, retrying...
[14:12:31]   Timeout, retrying...
[14:12:36]   Timeout, retrying...
[14:12:49]   Timeout, retrying...
[14:13:06]   Timeout, retrying...
[14:13:11]   Timeout, retrying...
[14:13:34]   Timeout, retrying...
[14:13:35]   [2650/2929] Enriching... (2639 websites, 0 emails found)
[14:13:36]   [Progress saved: 2650 profiles enriched]
[14:13:41]   Timeout, retrying...
[14:13:47]   Timeout, retrying...
[14:14:10]   Timeout, retrying...
[14:14:22]   Timeout, retrying...
[14:14:45]   Timeout, retrying...
[14:14:58]   Timeout, retrying...
[14:15:24]   Timeout, retrying...
[14:15:33]   [2675/2929] Enriching... (2664 websites, 0 emails found)
[14:15:59]   Timeout, retrying...
[14:16:34]   Timeout, retrying...
[14:17:16]   Timeout, retrying...
[14:17:34]   [2700/2929] Enriching... (2689 websites, 0 emails found)
[14:17:35]   [Progress saved: 2700 profiles enriched]
[14:17:52]   Timeout, retrying...
[14:18:27]   Timeout, retrying...
[14:19:26]   [2725/2929] Enriching... (2714 websites, 0 emails found)
[14:19:48]   Timeout, retrying...
[14:20:23]   Timeout, retrying...
[14:20:44]   Timeout, retrying...
[14:20:58]   Timeout, retrying...
[14:21:19]   Timeout, retrying...
[14:21:23]   [2750/2929] Enriching... (2739 websites, 0 emails found)
[14:21:23]   [Progress saved: 2750 profiles enriched]
[14:21:54]   Timeout, retrying...
[14:23:20]   [2775/2929] Enriching... (2764 websites, 0 emails found)
[14:23:50]   Timeout, retrying...
[14:24:25]   Timeout, retrying...
[14:25:00]   Timeout, retrying...
[14:25:16]   [2800/2929] Enriching... (2789 websites, 0 emails found)
[14:25:17]   [Progress saved: 2800 profiles enriched]
[14:26:45]   Timeout, retrying...
[14:27:13]   [2825/2929] Enriching... (2814 websites, 0 emails found)
[14:27:20]   Timeout, retrying...
[14:27:33]   Timeout, retrying...
[14:27:55]   Timeout, retrying...
[14:28:08]   Timeout, retrying...
[14:28:37]   Timeout, retrying...
[14:28:43]   Timeout, retrying...
[14:29:05]   [2850/2929] Enriching... (2839 websites, 0 emails found)
[14:29:06]   [Progress saved: 2850 profiles enriched]
[14:29:12]   Timeout, retrying...
[14:29:47]   Timeout, retrying...
[14:30:16]   Timeout, retrying...
[14:30:51]   Timeout, retrying...
[14:31:03]   [2875/2929] Enriching... (2864 websites, 0 emails found)
[14:31:26]   Timeout, retrying...
[14:32:56]   [2900/2929] Enriching... (2889 websites, 0 emails found)
[14:32:56]   [Progress saved: 2900 profiles enriched]
[14:34:50]   [2925/2929] Enriching... (2914 websites, 0 emails found)
[14:35:16] Profile enrichment done: 2929 fetched, 10 errors, 2919 websites, 0 emails
[14:35:16] 
[14:35:16] ============================================================
[14:35:16] DONE
[14:35:16] Categories scraped: 124
[14:35:16] Pages scraped: 356
[14:35:16] No-result categories: 20
[14:35:16] Errors: 0
[14:35:16] 
[14:35:16] Total unique leads: 2933 (2159 US, 774 CA)
[14:35:16] With phone: 2933
[14:35:16] With website: 2919
[14:35:16] With email: 0
[14:35:16] With parsed name: 1801
[14:35:16] BBB Accredited: 2913
[14:35:16] Unique states/provinces: 57
[14:35:16] Unique cities: 865
[14:35:16] Output: /Users/fardeenchoudhury/mortar-lead-scraper/output/immigration-services-bbb.csv
