[23:32:29] ============================================================
[23:32:29] Cylex.us College Admissions Consultants Scraper
[23:32:29] ============================================================
[23:32:29] Search terms: 7
[23:32:29] Searches remaining: 7
[23:32:29] Max pages per term: 50
[23:32:29] Profile enrichment: ON
[23:32:29] Test mode: NO
[23:32:29] Output: /Users/fardeenchoudhury/mortar-lead-scraper/output/college-consultants-cylex.csv
[23:32:29] 
[23:32:29] [1/7] Searching: "college admissions consultant"
[23:32:29]   Page 1: https://www.cylex.us.com/s?q=college%20admissions%20consultant&z=
[23:32:29]   Forbidden (403) — waiting 10s (attempt 1/3)
[23:32:39]   Forbidden (403) — waiting 20s (attempt 2/3)
[23:32:59]   Forbidden (403) — waiting 30s (attempt 3/3)
[23:33:29]   Failed to fetch page 1 — skipping
[23:33:29]   "college admissions consultant" complete: 0 total listings, 0 new leads
[23:33:29]   [Progress saved: 0 total leads]
[23:33:33] [2/7] Searching: "college counselor"
[23:33:33]   Page 1: https://www.cylex.us.com/s?q=college%20counselor&z=
[23:33:33]   Forbidden (403) — waiting 10s (attempt 1/3)
[23:33:43]   Forbidden (403) — waiting 20s (attempt 2/3)
[23:34:03]   Forbidden (403) — waiting 30s (attempt 3/3)
[23:34:33]   Failed to fetch page 1 — skipping
[23:34:33]   "college counselor" complete: 0 total listings, 0 new leads
[23:34:33]   [Progress saved: 0 total leads]
[23:34:37] [3/7] Searching: "educational consultant"
[23:34:37]   Page 1: https://www.cylex.us.com/s?q=educational%20consultant&z=
[23:34:37]   Forbidden (403) — waiting 10s (attempt 1/3)
[23:34:47]   Forbidden (403) — waiting 20s (attempt 2/3)
