=== HTTP Website Email Crawler ===
Input:       output/eoir-with-domains.csv
Output:      output/eoir-crawled.csv
Concurrency: 12
Paths:       / /contact /contact-us /about /about-us
Rows: 5217 of 5217
  [0.5%] 25/5217, emails=2, 10.0/s, ETA 519s
  [1.0%] 50/5217, emails=6, 8.9/s, ETA 581s
  [1.4%] 75/5217, emails=12, 8.1/s, ETA 635s
  [1.9%] 100/5217, emails=15, 8.2/s, ETA 624s
  [2.4%] 125/5217, emails=19, 6.0/s, ETA 849s
  [2.9%] 150/5217, emails=29, 5.1/s, ETA 994s
  [3.4%] 175/5217, emails=35, 3.1/s, ETA 1626s
  [3.8%] 200/5217, emails=36, 3.3/s, ETA 1520s
  [4.3%] 225/5217, emails=39, 3.5/s, ETA 1426s
  [4.8%] 250/5217, emails=41, 3.7/s, ETA 1342s
  [5.3%] 275/5217, emails=45, 3.8/s, ETA 1301s
  [5.8%] 300/5217, emails=47, 4.0/s, ETA 1229s
  [6.2%] 325/5217, emails=53, 4.2/s, ETA 1165s
  [6.7%] 350/5217, emails=56, 4.2/s, ETA 1159s
  [7.2%] 375/5217, emails=60, 4.3/s, ETA 1126s
  [7.7%] 400/5217, emails=69, 4.3/s, ETA 1120s
  [8.1%] 425/5217, emails=72, 4.0/s, ETA 1198s
  [8.6%] 450/5217, emails=78, 4.1/s, ETA 1163s
  [9.1%] 475/5217, emails=83, 4.1/s, ETA 1157s
  [9.6%] 500/5217, emails=89, 3.9/s, ETA 1209s
  [10.1%] 525/5217, emails=93, 3.9/s, ETA 1203s
  [10.5%] 550/5217, emails=96, 3.9/s, ETA 1197s
  [11.0%] 575/5217, emails=103, 3.8/s, ETA 1222s
  [11.5%] 600/5217, emails=106, 3.8/s, ETA 1215s
  [12.0%] 625/5217, emails=110, 3.8/s, ETA 1208s
  [12.5%] 650/5217, emails=115, 3.7/s, ETA 1234s
  [12.9%] 675/5217, emails=121, 3.6/s, ETA 1262s
  [13.4%] 700/5217, emails=124, 3.5/s, ETA 1291s
  [13.9%] 725/5217, emails=129, 3.4/s, ETA 1321s
  [14.4%] 750/5217, emails=132, 3.4/s, ETA 1314s
  [14.9%] 775/5217, emails=135, 3.5/s, ETA 1269s
  [15.3%] 800/5217, emails=140, 3.5/s, ETA 1262s
  [15.8%] 825/5217, emails=144, 3.4/s, ETA 1292s
  [16.3%] 850/5217, emails=147, 3.4/s, ETA 1284s
  [16.8%] 875/5217, emails=152, 3.4/s, ETA 1277s
  [17.3%] 900/5217, emails=156, 3.4/s, ETA 1270s
  [17.7%] 925/5217, emails=159, 3.4/s, ETA 1262s
  [18.2%] 950/5217, emails=166, 3.4/s, ETA 1255s
  [18.7%] 975/5217, emails=168, 3.4/s, ETA 1248s
  [19.2%] 1000/5217, emails=171, 3.3/s, ETA 1278s
  [19.6%] 1025/5217, emails=174, 3.2/s, ETA 1310s
  [20.1%] 1050/5217, emails=178, 3.2/s, ETA 1302s
  [20.6%] 1075/5217, emails=183, 3.2/s, ETA 1294s
  [21.1%] 1100/5217, emails=192, 3.3/s, ETA 1248s
  [21.6%] 1125/5217, emails=198, 3.2/s, ETA 1279s
  [22.0%] 1150/5217, emails=201, 3.2/s, ETA 1271s
  [22.5%] 1175/5217, emails=207, 3.2/s, ETA 1263s
  [23.0%] 1200/5217, emails=212, 3.2/s, ETA 1255s
  [23.5%] 1225/5217, emails=215, 3.2/s, ETA 1248s
  [24.0%] 1250/5217, emails=221, 3.2/s, ETA 1240s
  [24.4%] 1275/5217, emails=223, 3.2/s, ETA 1232s
  [24.9%] 1300/5217, emails=229, 3.2/s, ETA 1224s
  [25.4%] 1325/5217, emails=233, 3.2/s, ETA 1216s
  [25.9%] 1350/5217, emails=237, 3.1/s, ETA 1247s
  [26.4%] 1375/5217, emails=241, 3.1/s, ETA 1239s
  [26.8%] 1400/5217, emails=246, 3.0/s, ETA 1272s
  [27.3%] 1425/5217, emails=251, 3.0/s, ETA 1264s
  [27.8%] 1450/5217, emails=253, 3.0/s, ETA 1256s
  [28.3%] 1475/5217, emails=256, 3.1/s, ETA 1207s
  [28.8%] 1500/5217, emails=259, 3.1/s, ETA 1199s
  [29.2%] 1525/5217, emails=264, 3.1/s, ETA 1191s
  [29.7%] 1550/5217, emails=273, 3.2/s, ETA 1146s
  [30.2%] 1575/5217, emails=277, 3.2/s, ETA 1138s
  [30.7%] 1600/5217, emails=283, 3.2/s, ETA 1130s
  [31.1%] 1625/5217, emails=285, 3.2/s, ETA 1123s
  [31.6%] 1650/5217, emails=290, 3.3/s, ETA 1081s
  [32.1%] 1675/5217, emails=293, 3.3/s, ETA 1073s
  [32.6%] 1700/5217, emails=297, 3.3/s, ETA 1066s
  [33.1%] 1725/5217, emails=300, 3.3/s, ETA 1058s
  [33.5%] 1750/5217, emails=302, 3.3/s, ETA 1051s
  [34.0%] 1775/5217, emails=305, 3.3/s, ETA 1043s
  [34.5%] 1800/5217, emails=309, 3.3/s, ETA 1035s
  [35.0%] 1825/5217, emails=311, 3.3/s, ETA 1028s
  [35.5%] 1850/5217, emails=314, 3.3/s, ETA 1020s
  [35.9%] 1875/5217, emails=315, 3.3/s, ETA 1013s
  [36.4%] 1900/5217, emails=318, 3.4/s, ETA 976s
  [36.9%] 1925/5217, emails=322, 3.4/s, ETA 968s
  [37.4%] 1950/5217, emails=326, 3.4/s, ETA 961s
  [37.9%] 1975/5217, emails=328, 3.4/s, ETA 954s
  [38.3%] 2000/5217, emails=336, 3.4/s, ETA 946s
  [38.8%] 2025/5217, emails=345, 3.4/s, ETA 939s
  [39.3%] 2050/5217, emails=350, 3.4/s, ETA 931s
  [39.8%] 2075/5217, emails=356, 3.4/s, ETA 924s
  [40.3%] 2100/5217, emails=364, 3.4/s, ETA 917s
  [40.7%] 2125/5217, emails=369, 3.4/s, ETA 909s
  [41.2%] 2150/5217, emails=378, 3.4/s, ETA 902s
  [41.7%] 2175/5217, emails=384, 3.4/s, ETA 895s
  [42.2%] 2200/5217, emails=388, 3.4/s, ETA 887s
  [42.6%] 2225/5217, emails=391, 3.4/s, ETA 880s
  [43.1%] 2250/5217, emails=394, 3.3/s, ETA 899s
  [43.6%] 2275/5217, emails=399, 3.3/s, ETA 892s
  [44.1%] 2300/5217, emails=403, 3.3/s, ETA 884s
  [44.6%] 2325/5217, emails=409, 3.3/s, ETA 876s
  [45.0%] 2350/5217, emails=415, 3.3/s, ETA 869s
  [45.5%] 2375/5217, emails=418, 3.3/s, ETA 861s
  [46.0%] 2400/5217, emails=420, 3.3/s, ETA 854s
  [46.5%] 2425/5217, emails=423, 3.3/s, ETA 846s
  [47.0%] 2450/5217, emails=427, 3.3/s, ETA 838s
  [47.4%] 2475/5217, emails=431, 3.3/s, ETA 831s
  [47.9%] 2500/5217, emails=435, 3.3/s, ETA 823s
  [48.4%] 2525/5217, emails=441, 3.2/s, ETA 841s
  [48.9%] 2550/5217, emails=446, 3.2/s, ETA 833s
  [49.4%] 2575/5217, emails=448, 3.2/s, ETA 826s
  [49.8%] 2600/5217, emails=452, 3.2/s, ETA 818s
  [50.3%] 2625/5217, emails=454, 3.3/s, ETA 785s
  [50.8%] 2650/5217, emails=454, 3.3/s, ETA 778s
  [51.3%] 2675/5217, emails=454, 3.3/s, ETA 770s
  [51.8%] 2700/5217, emails=454, 3.4/s, ETA 740s
  [52.2%] 2725/5217, emails=454, 3.4/s, ETA 733s
  [52.7%] 2750/5217, emails=454, 3.4/s, ETA 726s
  [53.2%] 2775/5217, emails=454, 3.4/s, ETA 718s
  [53.7%] 2800/5217, emails=454, 3.5/s, ETA 691s
  [54.1%] 2825/5217, emails=454, 3.5/s, ETA 683s
  [54.6%] 2850/5217, emails=454, 3.5/s, ETA 676s
  [55.1%] 2875/5217, emails=454, 3.6/s, ETA 651s
  [55.6%] 2900/5217, emails=454, 3.6/s, ETA 644s
  [56.1%] 2925/5217, emails=454, 3.6/s, ETA 637s
  [56.5%] 2950/5217, emails=454, 3.7/s, ETA 613s
  [57.0%] 2975/5217, emails=454, 3.7/s, ETA 606s
  [57.5%] 3000/5217, emails=454, 3.7/s, ETA 599s
  [58.0%] 3025/5217, emails=454, 3.8/s, ETA 577s
  [58.5%] 3050/5217, emails=454, 3.8/s, ETA 570s
  [58.9%] 3075/5217, emails=454, 3.8/s, ETA 564s
  [59.4%] 3100/5217, emails=454, 3.8/s, ETA 557s
  [59.9%] 3125/5217, emails=454, 3.9/s, ETA 536s
  [60.4%] 3150/5217, emails=454, 3.9/s, ETA 530s
  [60.9%] 3175/5217, emails=454, 3.9/s, ETA 524s
  [61.3%] 3200/5217, emails=454, 4.0/s, ETA 504s
  [61.8%] 3225/5217, emails=454, 4.0/s, ETA 498s
  [62.3%] 3250/5217, emails=454, 4.0/s, ETA 492s
  [62.8%] 3275/5217, emails=454, 4.1/s, ETA 474s
  [63.3%] 3300/5217, emails=454, 4.1/s, ETA 468s
  [63.7%] 3325/5217, emails=454, 4.1/s, ETA 461s
  [64.2%] 3350/5217, emails=454, 4.2/s, ETA 445s
  [64.7%] 3375/5217, emails=454, 4.2/s, ETA 439s
  [65.2%] 3400/5217, emails=454, 4.2/s, ETA 433s
  [65.7%] 3425/5217, emails=454, 4.3/s, ETA 417s
  [66.1%] 3450/5217, emails=454, 4.3/s, ETA 411s
  [66.6%] 3475/5217, emails=454, 4.3/s, ETA 405s
  [67.1%] 3500/5217, emails=454, 4.3/s, ETA 399s
  [67.6%] 3525/5217, emails=454, 4.4/s, ETA 385s
  [68.0%] 3550/5217, emails=454, 4.4/s, ETA 379s
  [68.5%] 3575/5217, emails=454, 4.4/s, ETA 373s
  [69.0%] 3600/5217, emails=454, 4.5/s, ETA 359s
  [69.5%] 3625/5217, emails=454, 4.5/s, ETA 354s
  [70.0%] 3650/5217, emails=454, 4.5/s, ETA 348s
  [70.4%] 3675/5217, emails=454, 4.6/s, ETA 335s
  [70.9%] 3700/5217, emails=454, 4.6/s, ETA 330s
  [71.4%] 3725/5217, emails=454, 4.6/s, ETA 324s
  [71.9%] 3750/5217, emails=454, 4.7/s, ETA 312s
  [72.4%] 3775/5217, emails=454, 4.7/s, ETA 307s
  [72.8%] 3800/5217, emails=454, 4.7/s, ETA 301s
  [73.3%] 3825/5217, emails=454, 4.7/s, ETA 296s
  [73.8%] 3850/5217, emails=454, 4.8/s, ETA 285s
  [74.3%] 3875/5217, emails=454, 4.8/s, ETA 280s
  [74.8%] 3900/5217, emails=454, 4.8/s, ETA 274s
  [75.2%] 3925/5217, emails=454, 4.9/s, ETA 264s
  [75.7%] 3950/5217, emails=454, 4.9/s, ETA 259s
  [76.2%] 3975/5217, emails=454, 4.9/s, ETA 253s
  [76.7%] 4000/5217, emails=454, 5.0/s, ETA 243s
  [77.2%] 4025/5217, emails=454, 5.0/s, ETA 238s
  [77.6%] 4050/5217, emails=454, 5.0/s, ETA 233s
  [78.1%] 4075/5217, emails=454, 5.1/s, ETA 224s
  [78.6%] 4100/5217, emails=454, 5.1/s, ETA 219s
  [79.1%] 4125/5217, emails=454, 5.1/s, ETA 214s
  [79.5%] 4150/5217, emails=454, 5.2/s, ETA 205s
  [80.0%] 4175/5217, emails=454, 5.2/s, ETA 200s
  [80.5%] 4200/5217, emails=454, 5.2/s, ETA 196s
  [81.0%] 4225/5217, emails=454, 5.2/s, ETA 191s
  [81.5%] 4250/5217, emails=454, 5.3/s, ETA 182s
  [81.9%] 4275/5217, emails=454, 5.3/s, ETA 178s
  [82.4%] 4300/5217, emails=454, 5.3/s, ETA 173s
  [82.9%] 4325/5217, emails=454, 5.4/s, ETA 165s
  [83.4%] 4350/5217, emails=454, 5.4/s, ETA 161s
  [83.9%] 4375/5217, emails=454, 5.4/s, ETA 156s
  [84.3%] 4400/5217, emails=454, 5.5/s, ETA 149s
  [84.8%] 4425/5217, emails=454, 5.5/s, ETA 144s
  [85.3%] 4450/5217, emails=454, 5.5/s, ETA 139s
  [85.8%] 4475/5217, emails=454, 5.6/s, ETA 133s
  [86.3%] 4500/5217, emails=454, 5.6/s, ETA 128s
  [86.7%] 4525/5217, emails=454, 5.6/s, ETA 124s
  [87.2%] 4550/5217, emails=454, 5.6/s, ETA 119s
  [87.7%] 4575/5217, emails=454, 5.7/s, ETA 113s
  [88.2%] 4600/5217, emails=454, 5.7/s, ETA 108s
  [88.7%] 4625/5217, emails=455, 5.7/s, ETA 104s
  [89.1%] 4650/5217, emails=457, 5.6/s, ETA 101s
  [89.6%] 4675/5217, emails=457, 5.7/s, ETA 95s
  [90.1%] 4700/5217, emails=457, 5.7/s, ETA 91s
  [90.6%] 4725/5217, emails=457, 5.7/s, ETA 86s
  [91.0%] 4750/5217, emails=459, 5.7/s, ETA 82s
  [91.5%] 4775/5217, emails=460, 5.7/s, ETA 78s
  [92.0%] 4800/5217, emails=461, 5.7/s, ETA 73s
  [92.5%] 4825/5217, emails=461, 5.7/s, ETA 69s
  [93.0%] 4850/5217, emails=462, 5.7/s, ETA 64s
  [93.4%] 4875/5217, emails=463, 5.6/s, ETA 61s
  [93.9%] 4900/5217, emails=465, 5.5/s, ETA 58s
  [94.4%] 4925/5217, emails=466, 5.5/s, ETA 53s
  [94.9%] 4950/5217, emails=468, 5.5/s, ETA 49s
  [95.4%] 4975/5217, emails=470, 5.5/s, ETA 44s
  [95.8%] 5000/5217, emails=470, 5.5/s, ETA 39s
  [96.3%] 5025/5217, emails=471, 5.6/s, ETA 34s
  [96.8%] 5050/5217, emails=473, 5.6/s, ETA 30s
  [97.3%] 5075/5217, emails=475, 5.6/s, ETA 25s
  [97.8%] 5100/5217, emails=476, 5.6/s, ETA 21s
  [98.2%] 5125/5217, emails=476, 5.6/s, ETA 16s
  [98.7%] 5150/5217, emails=477, 5.6/s, ETA 12s
  [99.2%] 5175/5217, emails=479, 5.6/s, ETA 8s
  [99.7%] 5200/5217, emails=482, 5.6/s, ETA 3s
