=== find-leads: "immigration consultant" in "Vancouver BC" (target 50) ===
Output: /Users/fardeenchoudhury/mortar-lead-scraper/output/find-leads_immigration-consultant_vancouver-bc.csv

[Stage 1] Discovery (Multi-Engine (Brave+Startpage+Mojeek+DDG))
  [multi-engine] "immigration consultant Vancouver BC"
[multi-search] Trying ddg...
  ddg: 20 results (10 new, 10 total)
[multi-search] Trying brave...
[multi-search] brave rate-limited — backing off 60s
  brave failed: Brave HTTP 429
[multi-search] Trying startpage...
  startpage: 10 results (7 new, 17 total)
  [multi-engine] ""immigration consultant" "Vancouver BC""
[multi-search] Trying mojeek...
  mojeek: 5 results (5 new, 5 total)
[multi-search] Trying ddg...
  ddg: 2 results (1 new, 6 total)
  [Stage 1] 22 unique domains in 2s

[Stage 2] Skipped (--no-people). Using generic email (info@, contact@) per domain.

[Stage 3] Email waterfall on 22 candidates
  [10/22] verified=0 catchall=0 not_found=10 (3m 2s)
  [20/22] verified=1 catchall=0 not_found=19 (7m 6s)
  [22/22] verified=1 catchall=0 not_found=21 (7m 7s)
  [Stage 3] 1 verified, 0 catch-all, 21 not found in 7m 7s

=== DONE ===
Time:         7m 10s
Businesses:   22
People:       22
With email:   1
Verified(70+): 1
CSV:          /Users/fardeenchoudhury/mortar-lead-scraper/output/find-leads_immigration-consultant_vancouver-bc.csv
