[03:21:39] Trustpilot Immigration Firms Scraper
[03:21:39] Mode: FULL
[03:21:39] 
[03:21:39] ═══ PHASE 1: Collecting business listings from category pages ═══
[03:21:39] 
[03:21:39] Category: US Immigration Attorney (up to 8 pages)
[03:21:39]   [Page 1/8] https://www.trustpilot.com/categories/immigration_attorney
[03:21:40]     Found 31 listings, 31 new
[03:21:43]   [Page 2/8] https://www.trustpilot.com/categories/immigration_attorney?page=2
[03:21:43]     Found 32 listings, 15 new
[03:21:47]   [Page 3/8] https://www.trustpilot.com/categories/immigration_attorney?page=3
[03:21:48]     Found 36 listings, 18 new
[03:21:53]   [Page 4/8] https://www.trustpilot.com/categories/immigration_attorney?page=4
[03:21:53]     Found 37 listings, 20 new
[03:21:57]   [Page 5/8] https://www.trustpilot.com/categories/immigration_attorney?page=5
[03:21:58]     Found 36 listings, 19 new
[03:22:02]   [Page 6/8] https://www.trustpilot.com/categories/immigration_attorney?page=6
[03:22:02]     Found 37 listings, 20 new
[03:22:06]   [Page 7/8] https://www.trustpilot.com/categories/immigration_attorney?page=7
[03:22:07]     Found 37 listings, 17 new
[03:22:10]   [Page 8/8] https://www.trustpilot.com/categories/immigration_attorney?page=8
[03:22:11]     Found 37 listings, 16 new
[03:22:15]   Total from US Immigration Attorney: 156 (156 new unique)
[03:22:15] 
[03:22:15] Category: US Immigration & Naturalization (up to 8 pages)
[03:22:15]   [Page 1/8] https://www.trustpilot.com/categories/immigration_and_naturalization_service
[03:22:15]     Found 31 listings, 31 new
[03:22:19]   [Page 2/8] https://www.trustpilot.com/categories/immigration_and_naturalization_service?page=2
[03:22:19]     Found 34 listings, 16 new
[03:22:22]   [Page 3/8] https://www.trustpilot.com/categories/immigration_and_naturalization_service?page=3
[03:22:23]     Found 37 listings, 19 new
[03:22:27]   [Page 4/8] https://www.trustpilot.com/categories/immigration_and_naturalization_service?page=4
[03:22:28]     Found 36 listings, 18 new
[03:22:32]   [Page 5/8] https://www.trustpilot.com/categories/immigration_and_naturalization_service?page=5
[03:22:32]     Found 38 listings, 20 new
[03:22:36]   [Page 6/8] https://www.trustpilot.com/categories/immigration_and_naturalization_service?page=6
[03:22:36]     Found 38 listings, 18 new
[03:22:41]   [Page 7/8] https://www.trustpilot.com/categories/immigration_and_naturalization_service?page=7
[03:22:42]     Found 38 listings, 19 new
[03:22:46]   [Page 8/8] https://www.trustpilot.com/categories/immigration_and_naturalization_service?page=8
[03:22:47]     Found 20 listings, 2 new
[03:22:51]   Total from US Immigration & Naturalization: 143 (109 new unique)
[03:22:51] 
[03:22:51] Category: UK Immigration Attorney (up to 16 pages)
[03:22:51]   [Page 1/16] https://uk.trustpilot.com/categories/immigration_attorney
[03:22:51]     Found 35 listings, 35 new
[03:22:55]   [Page 2/16] https://uk.trustpilot.com/categories/immigration_attorney?page=2
[03:22:55]     Found 39 listings, 19 new
[03:22:58]   [Page 3/16] https://uk.trustpilot.com/categories/immigration_attorney?page=3
[03:23:01]     Found 37 listings, 17 new
[03:23:05]   [Page 4/16] https://uk.trustpilot.com/categories/immigration_attorney?page=4
[03:23:07]     Found 38 listings, 18 new
[03:23:10]   [Page 5/16] https://uk.trustpilot.com/categories/immigration_attorney?page=5
[03:23:11]     Found 40 listings, 20 new
[03:23:16]   [Page 6/16] https://uk.trustpilot.com/categories/immigration_attorney?page=6
[03:23:17]     Found 40 listings, 20 new
[03:23:21]   [Page 7/16] https://uk.trustpilot.com/categories/immigration_attorney?page=7
[03:23:22]     Found 40 listings, 20 new
[03:23:25]   [Page 8/16] https://uk.trustpilot.com/categories/immigration_attorney?page=8
[03:23:27]     Found 37 listings, 17 new
[03:23:31]   [Page 9/16] https://uk.trustpilot.com/categories/immigration_attorney?page=9
[03:23:32]     Found 37 listings, 16 new
[03:23:35]   [Page 10/16] https://uk.trustpilot.com/categories/immigration_attorney?page=10
[03:23:35]     Found 39 listings, 19 new
[03:23:39]   [Page 11/16] https://uk.trustpilot.com/categories/immigration_attorney?page=11
[03:23:39]     Found 39 listings, 19 new
[03:23:43]   [Page 12/16] https://uk.trustpilot.com/categories/immigration_attorney?page=12
[03:23:43]     Found 40 listings, 20 new
[03:23:48]   [Page 13/16] https://uk.trustpilot.com/categories/immigration_attorney?page=13
[03:23:48]     Found 40 listings, 20 new
[03:23:53]   [Page 14/16] https://uk.trustpilot.com/categories/immigration_attorney?page=14
[03:23:54]     Found 40 listings, 18 new
[03:23:58]   [Page 15/16] https://uk.trustpilot.com/categories/immigration_attorney?page=15
[03:23:58]     Found 40 listings, 13 new
[03:24:01]   [Page 16/16] https://uk.trustpilot.com/categories/immigration_attorney?page=16
[03:24:03]     Found 28 listings, 4 new
[03:24:06]   Total from UK Immigration Attorney: 295 (295 new unique)
[03:24:06] 
[03:24:06] Category: UK Immigration & Naturalization (up to 10 pages)
[03:24:06]   [Page 1/10] https://uk.trustpilot.com/categories/immigration_and_naturalization_service
[03:24:06]     Found 35 listings, 35 new
[03:24:11]   [Page 2/10] https://uk.trustpilot.com/categories/immigration_and_naturalization_service?page=2
[03:24:11]     Found 37 listings, 18 new
[03:24:15]   [Page 3/10] https://uk.trustpilot.com/categories/immigration_and_naturalization_service?page=3
[03:24:16]     Found 38 listings, 19 new
[03:24:19]   [Page 4/10] https://uk.trustpilot.com/categories/immigration_and_naturalization_service?page=4
[03:24:20]     Found 38 listings, 19 new
[03:24:25]   [Page 5/10] https://uk.trustpilot.com/categories/immigration_and_naturalization_service?page=5
[03:24:26]     Found 38 listings, 19 new
[03:24:29]   [Page 6/10] https://uk.trustpilot.com/categories/immigration_and_naturalization_service?page=6
[03:24:30]     Found 34 listings, 15 new
[03:24:35]   [Page 7/10] https://uk.trustpilot.com/categories/immigration_and_naturalization_service?page=7
[03:24:35]     Found 36 listings, 17 new
[03:24:40]   [Page 8/10] https://uk.trustpilot.com/categories/immigration_and_naturalization_service?page=8
[03:24:40]     Found 39 listings, 20 new
[03:24:44]   [Page 9/10] https://uk.trustpilot.com/categories/immigration_and_naturalization_service?page=9
[03:24:45]     Found 39 listings, 18 new
[03:24:48]   [Page 10/10] https://uk.trustpilot.com/categories/immigration_and_naturalization_service?page=10
[03:24:49]     Found 31 listings, 10 new
[03:24:52]   Total from UK Immigration & Naturalization: 190 (89 new unique)
[03:24:52] 
[03:24:52] Phase 1 complete: 649 unique businesses found
[03:24:52] 
[03:24:52] ═══ PHASE 2: Scraping individual business profiles ═══
[03:24:52] 
[03:24:52] Profiles to scrape: 649
[03:24:52] 
[03:24:52] [1/649] lawfully.com
[03:24:52]   ✓ Lawfully | em:help@lawfully.com | 4.9★ | 4648 reviews | New York City
[03:24:57] [2/649] boundless.com
[03:24:57]   ✓ Boundless Immigration | ph:(855) 268-6353 | em:help@boundless.com | 4.8★ | 4849 reviews | Seattle
[03:25:02] [3/649] www.consumerlaw.com
[03:25:02]   ✓ Consumer Law Group | ph:(312) 620-7777 | em:info@consumerlaw.com | 4.8★ | 156 reviews | Chicago
[03:25:06] [4/649] marble.co
[03:25:06]   ✓ Marble Law | ph:(800) 297-1008 | em:hello@themarbleway.com | 4.2★ | 4448 reviews | San Diego
[03:25:09] [5/649] bydcash.com
[03:25:09]   ✓ BYDcash | ph:(786) 408-3838 | em:info@bydcash.com | 4.9★ | 255 reviews | Ponte Vedra
[03:25:12] [6/649] self-lawyer.com
[03:25:12]   ✓ Asel Williams, Esq. | ph:(888) 922-6632 | em:support@self-lawyer.com | 4.9★ | 92 reviews | New York City
[03:25:17] [7/649] tukki.ai
[03:25:17]   ✓ Tukki | em:info@tukki.ai | 4.7★ | 23 reviews
[03:25:22] [8/649] govisalawyer.com
[03:25:22]   ✓ GoVisa Lawyer (Pemberton Law, PLLC) | em:support@govisalawyer.com | 4.5★ | 175 reviews | Logan
[03:25:26] [9/649] alcocklaw.com
[03:25:26]   ✓ Alcock & Associates | ph:(602) 989-5000 | 4.5★ | 20 reviews | Phoenix
[03:25:30] [10/649] usimmigrationadvisor.com
[03:25:30]   ✓ Davies & Associates, LLC | ph:(860) 830-5665 | em:midavies@usimmigrationadvisor.com | 4.5★ | 16 reviews | New York
[03:25:35] [11/649] ourlovevisa.com
[03:25:35]   ✓ Our Love Visa | em:hello@ourlovevisa.com | 4.5★ | 15 reviews | New York
[03:25:39] [12/649] colindalelaw.co.uk
[03:25:39]   ✓ Colindalelaw | 4.5★ | 14 reviews
[03:25:43] [13/649] globalexpat.net
[03:25:43]   ✓ Global Expat | ph:(302) 468-6340 | em:mo@globalexpat.net | 4.5★ | 13 reviews | Wilmington
[03:25:46] [14/649] reelo.me
[03:25:47]   ✓ Reelo | em:hello@reelo.me | 4.4★ | 78 reviews
[03:25:51] [15/649] alphamigrationdubai.com
[03:25:51]   ✓ Alphamigrationdubai | ph:56 279 8656 | em:askalphamigration@gmail.com | 4.4★ | 10 reviews | Dubai
[03:25:55] [16/649] citapreviabot.com
[03:25:55]   ✓ Cita Previa Bot | em:suuport@citapreviabot.com | 4.3★ | 11 reviews | Covina
[03:25:59] [17/649] www.dotcomsolicitors.com
[03:26:00]   ✓ Dotcomsolicitors | 4.3★ | 10 reviews
[03:26:04] [18/649] subhanlaw.com
[03:26:05]   ✓ Subhan Law Office, LLC | ph:(414) 223-5718 | em:info@subhanlaw.com | 4.3★ | 9 reviews | Milwaukee
[03:26:09] [19/649] visapro.com
[03:26:10]   ✓ VisaPro.com | 4.3★ | 9 reviews
[03:26:13] [20/649] justiceimmigration.org
[03:26:13]   ✓ Justiceimmigration | 4.3★ | 9 reviews
[03:26:13]   [Progress saved: 20 total leads]
[03:26:18] [21/649] federalapostille.com
[03:26:18]   ✓ Federal Apostille | 4.1★ | 5 reviews
[03:26:23] [22/649] visa.govassist.com
[03:26:24]   ✓ Visa Govassist
[03:26:28] [23/649] legalproteam.com
[03:26:29]   ✓ LegalPro+ Team | ph:(727) 755-3425 | em:admin@legalproteam.com | 4.3★ | 8 reviews | Miami Beach
[03:26:33] [24/649] wasden.law
[03:26:34]   ✓ Wasden Immigration Litigation | ph:(844) 592-7336 | em:support@wasden.law | 4★ | 4 reviews
[03:26:38] [25/649] indiansabroad.in
[03:26:38]   ✓ Indiansabroad | ph:(913) 708-9087 | em:admission@indiansabroad.in | 4.1★ | 8 reviews | navi mumbai
[03:26:41] [26/649] relocationcompass.com
[03:26:42]   ✓ Relocationcompass | ph:+386071685170 | 3.8★ | 2 reviews | Celje
[03:26:46] [27/649] capitollawpartners.com
[03:26:46]   ✓ Capitol Law Partners | ph:(202) 440-2272 | em:info@capitollawpartners.com | 4.1★ | 5 reviews | Herndon
[03:26:51] [28/649] weparaguay.com
[03:26:51]   ✓ WeParaguay | ph:+595992023510 | em:info@weparaguay.com | 4.4★ | 10 reviews | Asunción
[03:26:55] [29/649] relohelper.com
[03:26:55]   ✓ Relohelper | em:relohelper@gmail.com | 3.7★ | 1 reviews
[03:27:00] [30/649] varimmigrationlaw.com
[03:27:00]   ✓ Vasquez, Asker & Rojas Law Group, PLLC | ph:(844) 272-5295 | em:legalteam@varimmigrationlaw.com | 3.7★ | 1 reviews | Hurst
[03:27:05] [31/649] 99legal.com
[03:27:05]   ✓ Kremenchuker Law Group | ph:(239) 995-3425 | em:leo@99legal.com | 4.2★ | 6 reviews | Fort Myers
[03:27:10] [32/649] globalexpatsupport.com
[03:27:10]   ✓ Global Expat Support | 4.3★ | 8 reviews
[03:27:14] [33/649] immigrationlawyers-london.com
[03:27:14]   ✓ Reiss Edwards | 4★ | 24 reviews
[03:27:18] [34/649] adriacom.me
[03:27:18]   ✓ Adriacom | 4★ | 4 reviews
[03:27:23] [35/649] cklawfirm.org
[03:27:23]   ✓ Cklawfirm | 4★ | 3 reviews
[03:27:27] [36/649] adambernards.com
[03:27:27]   ✓ Adam Bernard Attorneys | ph:(346) 355-6111 | em:info@adambernards.com | 4★ | 3 reviews | Houston
[03:27:32] [37/649] citizenshipselfie.com
[03:27:32]   ✓ Citizenshipselfie | 4★ | 3 reviews
[03:27:36] [38/649] greeneufuture.com
[03:27:36]   ✓ Greeneufuture | 3.9★ | 3 reviews
[03:27:40] [39/649] selamtaimmigration.com
[03:27:40]   ✓ Selamtaimmigration | 3.8★ | 2 reviews
[03:27:44] [40/649] eb1avisa.com
[03:27:45]   ✓ EB1AVisa.com | ph:(224) 354-1827 | em:hello@eb1avisa.com | 3.8★ | 2 reviews | Chicago
[03:27:45]   [Progress saved: 40 total leads]
[03:27:48] [41/649] www.wellingsandwilliams.com
[03:27:48]   ✓ Wellingsandwilliams | 3.8★ | 2 reviews
[03:27:52] [42/649] www.alliedlegal.us
[03:27:53]   ✓ Allied Legal PC  | ph:(510) 600-3083 | em:support@alliedlegal.us | 3.8★ | 2 reviews | Milpitas
[03:27:56] [43/649] directusimmigration.com
[03:27:57]   ✓ Direct U.S. Immigration | ph:(888) 853-4833 | em:inquiry@directusimmigration.com | 3.8★ | 2 reviews | Arlington
[03:28:00] [44/649] www.hudsonpc.com
[03:28:00]   ✓ Hudson Legal | 3.8★ | 2 reviews | Chicago
[03:28:05] [45/649] www.metroimmigration.com
[03:28:05]   ✓ Metroimmigration | 3.8★ | 2 reviews
[03:28:09] [46/649] cdrreportaustralia.com
[03:28:09]   ✓ Cdrreportaustralia | 3.7★ | 1 reviews
[03:28:13] [47/649] www.immigrationlawyerfl.com
[03:28:13]   ✓ Immigrationlawyerfl | 3.7★ | 1 reviews
[03:28:18] [48/649] visaimmigrationadvice.com
[03:28:18]   ✓ Visaimmigrationadvice | 3.7★ | 1 reviews
[03:28:22] [49/649] www.pkbimmigrationlaw.com
[03:28:22]   ✓ Pkbimmigrationlaw | 3.7★ | 1 reviews
[03:28:26] [50/649] visaflex.law
[03:28:26]   ✓ Visaflex | ph:(347) 837-1398 | em:omar@visaflex.law | 3.7★ | 1 reviews
[03:28:30] [51/649] integrity-legal.com
[03:28:30]   ✓ Integrity Legal | 3.7★ | 1 reviews
[03:28:34] [52/649] sakhialawgroup.com
[03:28:35]   ✓ Sakhialawgroup | 3.7★ | 1 reviews
[03:28:39] [53/649] www.costaricaimmigration.com
[03:28:39]   ✓ Costaricaimmigration | 3.7★ | 1 reviews
[03:28:43] [54/649] barbainegol-law.com
[03:28:44]   ✓ Barbainegol Law Firm LLC | ph:(210) 737-4488 | em:assistant@barbainegol-law.com | 3.7★ | 1 reviews | San Antonio
[03:28:48] [55/649] newborder.net
[03:28:49]   ✓ Global Expat Offshore | em:info@newborder.net | 3.7★ | 1 reviews | Wilmington
[03:28:54] [56/649] azharlawfirm.com
[03:28:54]   ✓ Azhar Law Firm | 3.7★ | 1 reviews
[03:28:57] [57/649] www.solutionsinlaw.co.uk
[03:28:57]   ✓ Solutionsinlaw | 3.7★ | 1 reviews
[03:29:01] [58/649] garthcoates.com
[03:29:02]   ✓ Garthcoates | 3.7★ | 1 reviews
[03:29:05] [59/649] hackinglawpractice.com
[03:29:06]   ✓ hackinglawpractice.com | 3.4★ | 2 reviews
[03:29:10] [60/649] trademarketview.tech
[03:29:11]   ✓ trademarketview.tech | 3.2★ | 2 reviews
[03:29:11]   [Progress saved: 60 total leads]
[03:29:14] [61/649] www.iafl.com
[03:29:14]   ✓ Iafl | 3.2★ | 1 reviews
[03:29:19] [62/649] www.antonyanmiranda.com
[03:29:19]   ✓ Antonyanmiranda | 3.2★ | 1 reviews
[03:29:23] [63/649] www.redpassports.eu
[03:29:23]   ✓ Redpassports | 3.2★ | 1 reviews
[03:29:26] [64/649] myimmigrationattorney.com
[03:29:27]   ✓ myimmigrationattorney.com | 3.2★ | 1 reviews
[03:29:30] [65/649] www.moonbeever.com
[03:29:30]   ✓ moonbeever.com | 3.2★ | 1 reviews
[03:29:34] [66/649] www.lorenalaterra.com
[03:29:35]   ✓ Lorenalaterra | 3.2★ | 1 reviews
[03:29:40] [67/649] eb3.work
[03:29:40]   ✓ eb3.work | ph:(866) 337-1403 | em:jobs@eb3.work | 3.2★ | 1 reviews | New York
[03:29:44] [68/649] www.abogadoextranjeriamadrid.org
[03:29:45]   ✓ Abogadoextranjeriamadrid | 3.2★ | 1 reviews
[03:29:49] [69/649] www.colombohurdlaw.com
[03:29:49]   ✓ Colombo & Hurd, PL | 3.2★ | 1 reviews
[03:29:54] [70/649] www.shihabimmigrationfirm.com
[03:29:55]   ✓ The Law Firm of Shihab & Associates | 3.2★ | 1 reviews
[03:29:58] [71/649] mtuk.law
[03:29:59]   ✓ MT UK Solicitors | ph:0203 319 3643 | em:info@mtuk.law | 3.2★ | 1 reviews | London
[03:30:02] [72/649] www.usmanbahmad.com
[03:30:03]   ✓ Usmanbahmad | 3.2★ | 1 reviews
[03:30:08] [73/649] trust-group.pro
[03:30:08]   ✓ Trust Group - Гражданство ЕС | 2.9★ | 2 reviews
[03:30:13] [74/649] defensora.com
[03:30:13]   ✓ Defensora | 2.9★ | 2 reviews
[03:30:17] [75/649] laligadefensora.com
[03:30:18]   ✓ Laligadefensora | 2.9★ | 2 reviews
[03:30:22] [76/649] dadlegal.com
[03:30:23]   ✓ Dadlegal | 2.9★ | 2 reviews
[03:30:26] [77/649] shusterman.com
[03:30:27]   ✓ Law Office of Carl Shusterman | ph:(213) 623-4592 | em:carl@shusterman.com | 2.9★ | 2 reviews | Torrance
[03:30:31] [78/649] www.echr.coe.int
[03:30:31]   ✓ COE | 2.8★ | 3 reviews
[03:30:34] [79/649] simplyimmigrate.com
[03:30:35]   ✓ Simplyimmigrate | 2.8★ | 3 reviews
[03:30:38] [80/649] govassistlegal.com
[03:30:38]   ✓ govassistlegal.com | ph:(888) 851-3850 | em:support@govassistlegal.com | 2.7★ | 13 reviews | Logan
[03:30:38]   [Progress saved: 80 total leads]
[03:30:41] [81/649] clarionsolicitors.com
[03:30:42]   ✓ clarionsolicitors.com | 2.7★ | 4 reviews
[03:30:45] [82/649] tajsolicitors.com
[03:30:45]   ✓ Taj Solicitors | 2.6★ | 8 reviews
[03:30:49] [83/649] millionmakers.com
[03:30:50]   ✓ Million Makers | ph:(929) 999-2153 | em:support@millionmakers.com | 2.6★ | 7 reviews
[03:30:53] [84/649] www.tghabogados.com
[03:30:54]   ✓ tghabogados.com | 2.6★ | 6 reviews
[03:30:59] [85/649] whitecase.com
[03:30:59]   ✓ White & Case | 2.6★ | 4 reviews
[03:31:03] [86/649] www.panama-immigration.net
[03:31:04]   ✓ panama-immigration.net | 2.5★ | 5 reviews
[03:31:08] [87/649] balcellsgroup.com
[03:31:09]   ✓ BALCELLS Group | 2.4★ | 35 reviews
[03:31:12] [88/649] www.abroadpathway.com
[03:31:13]   ✓ Abroad Pathway Immigration Consultant | 2.4★ | 10 reviews
[03:31:17] [89/649] www.fileright.com
[03:31:18]   ✓ FileRight.com | 2.3★ | 9 reviews | Henderson
[03:31:22] [90/649] immigrationservicesgroup.org
[03:31:23]   ✓ Immigrationservicesgroup | ph:(888) 203-6188 | em:support@immigrationservicesgroup.org | 2.1★ | 11 reviews | Garden City
[03:31:27] [91/649] i-immigrate.org
[03:31:28]   ✓ I Immigrate | 2★ | 24 reviews
[03:31:32] [92/649] red-passport.com
[03:31:33]   ✓ Red Passport | 1.6★ | 37 reviews
[03:31:38] [93/649] flimmigrationlaw.com
[03:31:38]   ✓ Florida Immigration Law Center, P.A. | ph:(941) 467-1696 | em:info@flimmigrationlaw.com | Port Charlotte
[03:31:43] [94/649] gitex.us
[03:31:43]   ✓ Gitex Inc. | ph:(845) 521-7888 | em:chief@gitex.us | Sheridan
[03:31:47] [95/649] scarboroughlaw.com
[03:31:47]   ✓ Scarborough Law
[03:31:50] [96/649] lawofficejma.com/en
[03:31:50]   ✓ Law Office of Jennifer Alonso | ph:(410) 290-0888 | em:info@lojalaw.com | Ellicott City
[03:31:54] [97/649] svlawpartners.com
[03:31:54]   ✓ Vasiliou Law | ph:(347) 967-6141 | em:kally@svlawpartners.com | Astoria
[03:31:58] [98/649] cyberfraudassistance.com
[03:31:58]   ✓ Cyberfraudassistance
[03:32:03] [99/649] salamimmigration.co.uk
[03:32:03]   ✓ Salam & Co | Manchester
[03:32:06] [100/649] immigratrust.com
[03:32:07]   ✓ ImmigraTrust Law - دفتر حقوقی مهاجرت آمریکا | ph:(949) 424-2045 | em:info@ImmigraTrust.com | Irvine
[03:32:07]   [Progress saved: 100 total leads]
[03:32:11] [101/649] www.ashtonrosslaw.com
[03:32:12]   ✓ Ashtonrosslaw
[03:32:16] [102/649] garciafrenchlaw.com
[03:32:16]   ✓ Garcia-French Law  | ph:(213) 414-8039 | em:mercedes@garciafrenchlaw.com | Miami
[03:32:20] [103/649] canadianimmigrationservices.org
[03:32:20]   ✓ Canadianimmigrationservices
[03:32:24] [104/649] atimmigrationlaw.com
[03:32:24]   ✓ atimmigrationlaw.com
[03:32:28] [105/649] www.kvisas.com
[03:32:28]   ✓ Holmes & Ramos Immigration Attorneys
[03:32:33] [106/649] lawfirm4immigrants.com
[03:32:33]   ✓ lawfirm4immigrants.com
[03:32:38] [107/649] getkeel.com
[03:32:39]   ✓ getkeel.com
[03:32:42] [108/649] hitchdefense.com
[03:32:43]   ✓ Hitch Defense Attorneys | ph:(502) 628-4270 | em:info@hitchdefense.com | Louisville
[03:32:47] [109/649] www.wilson-nesbitt.com
[03:32:47]   ✓ Wilson Nesbitt Solicitors
[03:32:50] [110/649] www.keystonelaw.com
[03:32:50]   ✓ Keystonelaw
[03:32:54] [111/649] kingsleykingsley.com
[03:32:55]   ✓ Kingsleykingsley
[03:32:59] [112/649] visa2us.com
[03:33:00]   ✓ Visa2us
[03:33:03] [113/649] asl-lawfirm.com
[03:33:04]   ✓ Asl Lawfirm
[03:33:07] [114/649] luqmanlaw.com
[03:33:08]   ✓ Luqman Law | ph:(301) 900-8680 | em:info@luqmanlaw.com | Frederick
[03:33:11] [115/649] www.lightmanimmigration.com
[03:33:12]   ✓ Lightmanimmigration
[03:33:16] [116/649] lawandborder.com
[03:33:17]   ✓ Chodorow Law Offices
[03:33:21] [117/649] uslegalvisa.com
[03:33:21]   ✓ M.C. Law Group, LLC
[03:33:25] [118/649] novo-legal.com
[03:33:25]   ✓ Novo Legal Group | ph:(303) 335-0250 | em:info@novo-legal.com | Denver
[03:33:29] [119/649] kinzerlaw.com
[03:33:29]   ✓ Kinzer & Musikar | ph:(631) 321-4444 | em:michael@kinzerlaw.com | Deer Park
[03:33:33] [120/649] openlawgroup.com
[03:33:33]   ✓ Open Law Group
[03:33:33]   [Progress saved: 120 total leads]
[03:33:37] [121/649] emfirm.com
[03:33:37]   ✓ Emfirm | Portland
[03:33:42] [122/649] malesculaw.com
[03:33:42]   ✓ Malescu Law | Business & Immigration  | ph:(786) 410-6841 | em:info@malesculaw.com | Miami
[03:33:47] [123/649] luxalaw.com
[03:33:47]   ✓ Luxa law | ph:(929) 277-1465 | em:info@luxalaw.com | New York
[03:33:52] [124/649] filamlawfirm.com
[03:33:53]   ✓ Filamlawfirm | ph:(941) 263-8130 | em:info@filamlawfirm.com | Port Charlotte
[03:33:56] [125/649] robinsonimmigration.com
[03:33:56]   ✓ Robinson Immigration Law | em:contact@robinsonimmigration.com | Nashville
[03:34:01] [126/649] brownellisassociates.com
[03:34:01]   ✓ Brownellisassociates | ph:(929) 220-1218 | em:Admin@BrownEllisAssociates.com  | Brooklyn 
[03:34:06] [127/649] www.litwinlaw.com
[03:34:06]   ✓ Litwin & Associates
[03:34:11] [128/649] www.brightimmigration.com
[03:34:11]   ✓ Bright Immigration
[03:34:15] [129/649] lawfirm1.com
[03:34:15]   ✓ Scott D. Pollock & Associates, P.C.
[03:34:19] [130/649] www.mayvisalaw.com
[03:34:20]   ✓ mayvisalaw.com
[03:34:25] [131/649] migrateto-canada.com
[03:34:25]   ✓ migrateto-canada.com
[03:34:30] [132/649] movaprotranslations.com
[03:34:30]   ✓ Movapro Translations
[03:34:34] [133/649] summitlawusa.com
[03:34:35]   ✓ Summitlawusa
[03:34:39] [134/649] jarrettfirm.com
[03:34:39]   ✓ Jarrett & Price | Savannah
[03:34:42] [135/649] gundersonimmigrationlaw.com
[03:34:43]   ✓ Gunderson Immigration Law | ph:(480) 750-7338 | em:contact@gundersonlawgroup.com | Tempe
[03:34:47] [136/649] mwe.com
[03:34:48]   ✓ MWE
[03:34:52] [137/649] bridgerlaw.com
[03:34:52]   ✓ Bridger Law Group | ph:(404) 482-3330 | em:info@BridgerLaw.com | Peachtree Corners
[03:34:57] [138/649] hoppocklawfirm.com
[03:34:57]   ✓ Hoppock Law Firm | ph:(913) 267-5511 | em:matthew@hoppocklawfirm.com | Shawnee
[03:35:02] [139/649] grapelaw.com
[03:35:02]   ✓ Grape Law Firm PLLC | ph:(212) 433-8383 | em:info@grapelaw.com | New York, NY
[03:35:06] [140/649] houston-criminalattorney.com
[03:35:07]   ✓ The Law Office of David A. Breston | ph:(713) 224-4040 | Houston
[03:35:07]   [Progress saved: 140 total leads]
[03:35:10] [141/649] zakon.lviv.ua
[03:35:10]   ✓ zakon.lviv.ua
[03:35:15] [142/649] roadtostatus.com
[03:35:15]   ✓ Roadtostatus
[03:35:20] [143/649] vortexlegal.com
[03:35:20]   ✓ vortexlegal.com
[03:35:24] [144/649] lawlogix.com
[03:35:24]   ✓ Lawlogix
[03:35:28] [145/649] immigroup.com
[03:35:28]   ✓ Immigroup
[03:35:32] [146/649] immigrationlawyerslosangeles.com
[03:35:33]   ✓ immigrationlawyerslosangeles.com
[03:35:37] [147/649] www.loigica.com
[03:35:37]   ✓ loigica.com
[03:35:42] [148/649] www.immi-usa.com
[03:35:42]   ✓ Law Offices of Shilpa Malik - SGM LAW GROUP
[03:35:46] [149/649] atonyamcclainlaw.com
[03:35:46]   ✓ Law Offices of Atonya McClain, PLLC | ph:(713) 568-6910 | em:atonyamcclainlaw@gmail.com | Katy
[03:35:50] [150/649] maniatislawoffice.com
[03:35:50]   ✓ Maniatis Law PLLC | ph:(615) 366-1211 | em:matt@maniatislawoffice.com | Nashville
[03:35:54] [151/649] hunteryostlaw.com
[03:35:55]   ✓ Law Offices of Dizengoff and Yost | ph:(267) 223-5862 | Philadelphia
[03:35:59] [152/649] onlinevisas.com
[03:36:00]   ✓ OnlineVisas | ph:(405) 310-4333 | em:information@velielaw.com | Norman
[03:36:04] [153/649] alston.com
[03:36:04]   ✓ Alston & Bird
[03:36:09] [154/649] garfinkel-law.com
[03:36:09]   ✓ Garfinkel Immigration Law | Bethesda
[03:36:14] [155/649] zafklaw.com
[03:36:14]   ✓ Zafar Khan Law LLC | ph:(617) 329-1236 | em:legal@zafklaw.com | Waltham
[03:36:19] [156/649] www.tubrujulalegal.net
[03:36:19]   ✓ Tu Brujula Legal PC
[03:36:23] [157/649] bordr.com
[03:36:23]   ✓ Bordr | em:support@bordr.com | 4.9★ | 2175 reviews
[03:36:27] [158/649] trackmyvisanow.com
[03:36:28]   ✓ Track My Visa Now | em:support@trackmyvisanow.com | 4.9★ | 535 reviews
[03:36:32] [159/649] www.thevisaandmore.com
[03:36:33]   ✓ Visa And More | ph:(832) 413-3669 | em:services@thevisaandmore.com | 4.8★ | 479 reviews
[03:36:38] [160/649] migrun.tech
[03:36:39]   ✓ migrun.tech | em:support@migrun.tech | 4.8★ | 438 reviews | Wilmington
[03:36:39]   [Progress saved: 160 total leads]
[03:36:42] [161/649] remotepeople.com
[03:36:43]   ✓ Remote People | 3.1★ | 97 reviews | New York
[03:36:46] [162/649] novomove.com
[03:36:47]   ✓ Novomove | em:support@novomove.com | 4.9★ | 149 reviews
[03:36:50] [163/649] filipinovisa.com
[03:36:51]   ✓ Filipino Visa | 4.8★ | 245 reviews
[03:36:54] [164/649] imigrata.com
[03:36:54]   ✓ IMIGRATA | ph:+351913118453 | em:info@imigrata.com | 4.7★ | 157 reviews | Atlanta
[03:36:57] [165/649] icoachimmigration.com
[03:36:58]   ✓ iCoach Support Services LLC | ph:(727) 423-8629 | em:info@icoachsupportservices.com | 4.7★ | 32 reviews | Saint Petersburg
[03:37:01] [166/649] taxqualityvalue.com
[03:37:02]   ✓ Tax Quality Value, LLC | ph:(518) 360-1894 | em:info@taxqualityvalue.com | 4.7★ | 31 reviews | ALBANY
[03:37:06] [167/649] stabroeksolutions.com
[03:37:07]   ✓ Stabroek Solutions | ph:(592) 686-4207 | em:info@stabroeksolutions.com | 4.7★ | 31 reviews | Georgetown
[03:37:11] [168/649] nybacs.com
[03:37:11]   ✓ New York Business Advisory & Corporate Services Inc. | ph:(917) 675-5278 | em:service@nybacs.com | 4.7★ | 24 reviews | New York
[03:37:16] [169/649] www.bdvsolutions.com
[03:37:16]   ✓ BDV Solutions | em:hello@bdvsolutions.com | 4.5★ | 61 reviews | Greenville
[03:37:20] [170/649] alvva.co
[03:37:21]   ✓ Alvva | ph:(650) 397-8890 | em:apoyo@alvva.co | 4.5★ | 39 reviews | Redwood City
[03:37:25] [171/649] bluevidaintl.com
[03:37:25]   ✓ Bluevida International | ph:(929) 673-6300 | em:corp@bluevidaintl.com | 4.5★ | 24 reviews | New York
[03:37:29] [172/649] howtobeadigitalnomad.com
[03:37:29]   ✓ How to Be a Digital Nomad LLC | em:contact@howtobeadigitalnomad.com | 4.5★ | 18 reviews | Dover
[03:37:34] [173/649] csmplt.com
[03:37:35]   ✓ CSMPLT | em:ivan.liashenko@csmplt.com | 4.4★ | 12 reviews | Miami
[03:37:39] [174/649] liveandstudy.eu
[03:37:39]   ✓ Liveandstudy | 4.2★ | 42 reviews
[03:37:43] [175/649] mahreentax.com
[03:37:44]   ✓ Mahreen Income  tax and Immigration | ph:(718) 600-9625 | em:info@mahreentax.com | 4.3★ | 10 reviews | Jamaica 
[03:37:48] [176/649] www.globalpathwayinc.com
[03:37:48]   ✓ Global Pathway | ph:(786) 510-1225 | em:daniela@globalpathwayinc.com | 3.7★ | 1 reviews | Miami
[03:37:52] [177/649] www.yusbelitonotaryandmultiservices.com
[03:37:53]   ✓ Yusbelito Notary Immigration & Tax Solutions LLC | ph:(737) 667-2630 | em:ynotimmigtaxsolllc@icloud.com | 4.4★ | 13 reviews | Del Valle
[03:37:57] [178/649] franceaccueil.com
[03:37:57]   ✓ France Accueil | em:webmaster@FranceAccueil.com | 3.7★ | 1 reviews
[03:38:02] [179/649] paraguaycheck.com
[03:38:02]   ✓ paraguaycheck.com | ph:(830) 209-7888 | em:hello@paraguaycheck.com | 3.7★ | 1 reviews | Sheridan
[03:38:07] [180/649] uscistranslations.com
[03:38:07]   ✓ USCIS-Certified Translations | ph:(737) 250-0401 | em:hello@uscistranslations.com | 4.4★ | 47 reviews | Houston
[03:38:07]   [Progress saved: 180 total leads]
[03:38:12] [181/649] swiftpassimmigration.com
[03:38:12]   ✓ Swiftpassimmigration | em:support@swiftpassimmigration.com | 4.4★ | 16 reviews | Newark
[03:38:16] [182/649] canadabylaw.com
[03:38:17]   ✓ Canadabylaw | 4.3★ | 16 reviews
[03:38:20] [183/649] latinossolutionsgroup.com
[03:38:20]   ✓ Latinos Solutions Group LLC | 4.3★ | 12 reviews
[03:38:24] [184/649] www.migrator.me
[03:38:25]   ✓ Migrator | em:af@migrator.me | 4.2★ | 20 reviews
[03:38:29] [185/649] citizenremote.com
[03:38:29]   ✓ Citizen Remote | em:hello@citizenremote.com | 4.2★ | 15 reviews | Middletown 
[03:38:34] [186/649] milbiatorresservices.com
[03:38:34]   ✓ Milbia Torres Services LLC | ph:(786) 464-5331 | em:info@contact.milbiatorresservices.com | 4.2★ | 9 reviews | North Miami
[03:38:39] [187/649] visapath.co
[03:38:39]   ✓ Visa Path LLC | ph:(518) 742-8214 | em:info@visapathconsulting.com | 4.2★ | 7 reviews | ALBANY
[03:38:44] [188/649] ikaigaiimmigration.com
[03:38:44]   ✓ Ikaigaiimmigration | 4.2★ | 6 reviews
[03:38:48] [189/649] dearbornimmigration.com
[03:38:49]   ✓ Dearborn Immigration Services | ph:(313) 290-0040 | em:Info@Dearbornimmigration.com | 4.2★ | 6 reviews | Dearborn
[03:38:53] [190/649] citizenwide.com
[03:38:53]   ✓ Citizenwide | em:support@citizenwide.com | 4.2★ | 6 reviews
[03:38:56] [191/649] italiancitizenshipassistance.com
[03:38:57]   ✓ Italian Citizenship Assistance | 4.1★ | 16 reviews
[03:39:00] [192/649] www.filipinafianceevisa.com
[03:39:01]   ✓ Filipina Fiancée Visa Service | ph:(702) 426-4503 | em:support@filipinafianceevisa.com | 4★ | 11 reviews | Las Vegas
[03:39:05] [193/649] jordanimmiservicesllc.com
[03:39:05]   ✓ Jordan Immigration Services LLC | ph:(877) 350-9226 | em:Greencardrebel@jordanimmiservicesllc.com | 4★ | 4 reviews | New York
[03:39:10] [194/649] gcinfo.org
[03:39:10]   ✓ gcinfo.org | 4★ | 4 reviews
[03:39:15] [195/649] agoravisa.com
[03:39:15]   ✓ Agoravisa | em:hello@agoravisa.com | 4★ | 4 reviews
[03:39:20] [196/649] expatwise.com
[03:39:20]   ✓ Expatwise | ph:(307) 533-4888 | em:contact@expatwise.com | 4★ | 3 reviews | Sheridan
[03:39:25] [197/649] blackvaultstrategies.com
[03:39:25]   ✓ BlackVault Strategies | ph:(929) 792-2083 | em:contact@blackvaultstrategies.com | 4★ | 3 reviews | New York
[03:39:30] [198/649] gloriousentreprise.com
[03:39:30]   ✓ Gloriousentreprise | em:contact@gloriousentreprise.com | 4★ | 3 reviews | rio rancho
[03:39:35] [199/649] latinoservicesnetwork.com
[03:39:35]   ✓ Latino Services Network | ph:(909) 543-1922 | em:lsn@latinoservicesnetwork.com | 3.9★ | 9 reviews | Rialto
[03:39:40] [200/649] acvian.com
[03:39:40]   ✓ Acvian LLC | ph:(754) 202-3681 | em:office@acvian.com | 3.8★ | 4 reviews | St. Petersburg
[03:39:40]   [Progress saved: 200 total leads]
[03:39:45] [201/649] beyondborderglobal.com
[03:39:46]   ✓ Beyond Border | em:info@beyondborderglobal.com | 3.8★ | 2 reviews
[03:39:50] [202/649] www.dileonegroup.com
[03:39:50]   ✓ Dileonegroup | 3.8★ | 2 reviews
[03:39:54] [203/649] gruposineva.com
[03:39:54]   ✓ Gruposineva | ph:(416) 333-8727 | em:Contact@gruposineva.com | 3.7★ | 5 reviews | Huston
[03:39:58] [204/649] www.latitudeworld.com
[03:39:58]   ✓ latitudeworld.com | 3.7★ | 2 reviews
[03:40:01] [205/649] maloneimmigration.com
[03:40:02]   ✓ Malone Immigration Law, LLC | ph:(678) 637-3741 | em:info@maloneimmigration.com | 3.7★ | 1 reviews | Atlanta
[03:40:07] [206/649] www.intergate-immigration.com
[03:40:07]   ✓ intergate-immigration.com | 3.7★ | 1 reviews
[03:40:12] [207/649] lesstaxation.com
[03:40:12]   ✓ LessTaxation® | em:legal@lesstaxation.com | 3.7★ | 1 reviews | Albuquerque
[03:40:16] [208/649] montemove.com
[03:40:17]   ✓ MonteMove | 3.7★ | 1 reviews
[03:40:21] [209/649] eb3wfs.com
[03:40:22]   ✓ EB-3 Workforce Solutions | ph:(305) 564-1311 | em:support@eb3wfs.com | 3.7★ | 1 reviews | Miami
[03:40:25] [210/649] findvisacounsellor.com
[03:40:25]   ✓ findvisacounsellor.com | 3.7★ | 1 reviews
[03:40:30] [211/649] novusimmigrationchennai.com
[03:40:30]   ✓ Novusimmigrationchennai | 3.7★ | 1 reviews
[03:40:35] [212/649] sunnysimmigration.com
[03:40:35]   ✓ Sunny’s Immigration Services | ph:(854) 236-8380 | em:amarilysma@sunnyims.com | 3.7★ | 1 reviews | Summerville
[03:40:40] [213/649] passportvisatravel.com
[03:40:40]   ✓ Passport Visa Travel | ph:(800) 935-0825 | em:info@pvtmiami.com | 3.7★ | 1 reviews | Miami
[03:40:44] [214/649] immignis.us
[03:40:44]   ✓ Immignis | ph:(518) 595-8794 | em:info@immignis.us | 3.7★ | 1 reviews | Albany
[03:40:48] [215/649] relocateltd.com
[03:40:49]   ✓ relocateltd.com | ph:(332) 232-7451 | em:Info@relocateltd.com | 3.6★ | 53 reviews | New York
[03:40:54] [216/649] idreem.com
[03:40:54]   ✓ Dreem Relocation | em:ask@idreem.com | 3.6★ | 16 reviews | Wilmington
[03:40:59] [217/649] euvosglobal.site
[03:40:59]   ✓ Euvosglobal | 3.2★ | 1 reviews
[03:41:03] [218/649] www.hijrahadvisors.com
[03:41:03]   ✓ Hijrahadvisors | 3.2★ | 1 reviews
[03:41:07] [219/649] portuguese-nationality.com
[03:41:07]   ✓ Portuguese Nationality | 3.2★ | 1 reviews
[03:41:12] [220/649] www.geteupassport.com
[03:41:12]   ✓ Geteupassport | 3.2★ | 1 reviews
[03:41:12]   [Progress saved: 220 total leads]
[03:41:16] [221/649] thejerzway.com
[03:41:16]   ✓ The Jerz Way | ph:(510) 985-9990 | em:Jerz@thejerzway.com | 3.2★ | 1 reviews | Riverton
[03:41:19] [222/649] www.etacanada-advice.com
[03:41:19]   ✓ etacanada-advice.com | 3.2★ | 1 reviews
[03:41:23] [223/649] canadaexpress.org
[03:41:23]   ✓ Canadaexpress | 3★ | 2 reviews
[03:41:27] [224/649] en.etacanada-advice.com
[03:41:27]   ✓ en.etacanada-advice.com | 2.9★ | 2 reviews
[03:41:32] [225/649] monvisafrancais.com
[03:41:32]   ✓ Monvisafrancais | 2.9★ | 2 reviews
[03:41:36] [226/649] canadaims.info
[03:41:36]   ✓ Canadaims | 2.8★ | 3 reviews
[03:41:39] [227/649] www.connectmigration.com
[03:41:40]   ✓ connectmigration.com | 2.6★ | 4 reviews
[03:41:44] [228/649] fragomen.com
[03:41:44]   ✓ Fragomen, Del Rey, Bernsen & Loewy | 2.5★ | 7 reviews | New York
[03:41:48] [229/649] www.pacificmigrates.com
[03:41:48]   ✓ Pacific Migration | 2.5★ | 5 reviews
[03:41:52] [230/649] betterplaceimmigration.com
[03:41:52]   ✓ Betterplaceimmigration | 2.4★ | 9 reviews
[03:41:57] [231/649] immi-net.com
[03:41:57]   ✓ Immi Net | ph:(888) 807-7665 | em:SUPPORT@IMMI-NET.COM | Pensacola
[03:42:02] [232/649] americangc.com
[03:42:02]   ✓ AMERICAN GC | ph:(888) 852-2601 | em:PR@americangc.com | 1.3★ | 85 reviews | Europe, Asia, Australia, Africa and
[03:42:05] [233/649] japaralegal.com
[03:42:06]   ✓ JAPARALEGAL LLC 
[03:42:09] [234/649] migrationmentor.us
[03:42:09]   ✓ Migration Mentor
[03:42:14] [235/649] smartusavisa.com
[03:42:14]   ✓ Smart USA Visa | ph:(412) 634-6621 | em:support@smartusavisa.com
[03:42:18] [236/649] newyorkareaimmigrationservices.com
[03:42:18]   ✓ Newyorkareaimmigrationservices | ph:(718) 973-9373 | em:info@newyorkimmigrationservices.com | New York
[03:42:23] [237/649] aglawnj.com
[03:42:23]   ✓ AG Law Firm | ph:(908) 336-7550 | em:admin@aglawnj.com |  New Brunswick
[03:42:27] [238/649] mercan.com
[03:42:27]   ✓ Mercan Capital
[03:42:31] [239/649] eb3hire.com
[03:42:31]   ✓ EB3 Hire
[03:42:35] [240/649] swiftimmigrate.com
[03:42:35]   ✓ Swift Immigrate | em:info@swiftimmigrate.com | Wilmington
[03:42:35]   [Progress saved: 240 total leads]
[03:42:39] [241/649] shaunimmigration.com
[03:42:39]   ✓ Shaun Immigration | ph:(647) 450-1000 | Mississauga
[03:42:44] [242/649] mkorinthobrand.com
[03:42:44]   ✓ Mkorinthobrand
[03:42:48] [243/649] immigrationwaiverlaw.com
[03:42:49]   ✓ Immigration Waiver Law Firm | ph:(214) 308-6515 | em:Gil@immigrationwaiverlaw.com | Richardson
[03:42:52] [244/649] horizonpathways.us
[03:42:53]   ✓ Horizon Pathways | ph:(800) 795-7153 | em:support@horizonpathways.us | Lanham
[03:42:58] [245/649] isa2usa.com
[03:42:58]   ✓ Immigration Solutions of America LLC | ph:(985) 365-1001 | em:customers@isa2usa.com | Mandeville
[03:43:02] [246/649] citizenanywhere.com
[03:43:02]   ✓ Citizen Anywhere | em:mark@citizenanywhere.com | Los Altos
[03:43:06] [247/649] dnexpress.org
[03:43:06]   ✓ DNExpress
[03:43:11] [248/649] steptogeorgia.ge
[03:43:11]   ✓ Step to Georgia
[03:43:16] [249/649] mightysolutions.us
[03:43:16]   ✓ Mighty Solutions LLC
[03:43:20] [250/649] ebteams.com
[03:43:20]   ✓ Ebteam | ph:(832) 278-6450 | em:contact@ebteams.com | Houston
[03:43:25] [251/649] forms.consulting
[03:43:25]   ✓ Forms
[03:43:29] [252/649] opensphere.ai
[03:43:30]   ✓ Opensphere | San Francisco
[03:43:34] [253/649] interpreteuscistampa.com
[03:43:34]   ✓ Interpreteuscistampa
[03:43:39] [254/649] thevisawiz.com
[03:43:39]   ✓ The Visa Wizard | em:contact@thevisawiz.com
[03:43:43] [255/649] polandpassport.com
[03:43:43]   ✓ PolandPassport.com
[03:43:47] [256/649] eb-5choice.com
[03:43:47]   ✓ Eb 5choice | ph:(858) 205-3542 | em:info@eb-5choice.com | San Francisco
[03:43:50] [257/649] everbary.com
[03:43:50]   ✓ eVerbary | ph:(505) 916-8399 | em:support@everbary.com | Albuquerque
[03:43:53] [258/649] myclassifiedads.net
[03:43:54]   ✓ My Classified Ads
[03:43:57] [259/649] visalan.com
[03:43:58]   ✓ VISALAN.COM | ph:(216) 245-7968 | em:filesmanager24@gmail.com
[03:44:01] [260/649] truebluemigration.com
[03:44:02]   ✓ True Blue Migration
[03:44:02]   [Progress saved: 260 total leads]
[03:44:05] [261/649] butlerandbrewer.com
[03:44:05]   ✓ butlerandbrewer.com
[03:44:09] [262/649] veorinaadvisors.com
[03:44:10]   ✓ Veorina Advisors Spain Visa & Relocation Experts | ph:(786) 822-6898 | em:office@veorinaadvisors.com | Miami
[03:44:14] [263/649] bayareaimmigrationservices.com
[03:44:14]   ✓ Bay Area Immigration services | ph:(510) 770-8700 | em:info@bayareaimmigrationservices.com | Fremont
[03:44:19] [264/649] servifrontera.com
[03:44:19]   ✓ SERVIFRONTERA LLC | ph:(346) 272-9901 | em:admin@servifrontera.com | Houston
[03:44:23] [265/649] www.italiandualcitizenship.net
[03:44:23]   ✓ Italiandualcitizenship
[03:44:27] [266/649] bic-immigration.com
[03:44:27]   ✓ Breytenbachs Immigration Consultants | ph:02074422160 | em:info@bic-immigration.com | 5★ | 1721 reviews | London
[03:44:30] [267/649] www.swiftimmigration.co.uk
[03:44:31]   ✓ Swift Immigration | ph:0800 6191167 | em:info@swiftimmigration.co.uk | 5★ | 1162 reviews | London
[03:44:35] [268/649] firstmigration.com
[03:44:35]   ✓ First Migration | ph:+44 02031782048 | em:contact@firstmigration.com | 5★ | 1045 reviews | LONDON
[03:44:40] [269/649] citylegalsolicitors.co.uk
[03:44:40]   ✓ City Legal Solicitors | ph:020 8175 4000 | em:enquires@citylegalsolicitors.co.uk | 5★ | 993 reviews | Harrow
[03:44:44] [270/649] woodcocknotarypublic.com
[03:44:44]   ✓ Woodcock Notary Public | ph:0800 049 2471 | em:info@woodcocknotarypublic.com | 4.9★ | 416 reviews | London 
[03:44:49] [271/649] synergyimmigrationsolutions.com
[03:44:50]   ✓ Synergy Immigration Solutions Ltd | ph:0203 1505359 | em:info@synergy-immigration.com | 4.8★ | 55 reviews | London
[03:44:54] [272/649] fivestarinternational.co.uk
[03:44:54]   ✓ Five Star International | ph:0141 339 7373 | em:enquiries@fivestarinternational.co.uk | 4.7★ | 293 reviews | Glasgow
[03:44:58] [273/649] xlaw.lawyer
[03:44:59]   ✓ X Law | ph:03302369248 | em:contact@xlaw.lawyer | 4.7★ | 34 reviews | Manchester
[03:45:03] [274/649] hs-legal.co.uk
[03:45:04]   ✓ HS LEGAL SOLICITORS | ph:01206500181 | em:info@hs-legal.co.uk | 4.5★ | 361 reviews | Colchester
[03:45:07] [275/649] bpaimmigrationlawyers.com
[03:45:08]   ✓ BPA Immigration Lawyers & Family Law | ph:0333 344 7471;   (207) 804-5640 | em:clientservices@bpaimmigrationlawyers.com; clientrelations@bpafamilylaw.com | 4.2★ | 28 reviews | Bristol
[03:45:12] [276/649] ukgic.com
[03:45:12]   ✓ ukgic.com | ph:+44 1865519431 | em:support@ukgic.com | 3.7★ | 91 reviews | Littlemore
[03:45:17] [277/649] davidsonmorris.com
[03:45:18]   ✓ DavidsonMorris | ph:020 7494 0118 | em:info@davidsonmorris.com | 5★ | 802 reviews | London
[03:45:21] [278/649] www.visalogic.net
[03:45:22]   ✓ Visalogic | ph:+44 01628775780 | em: enquiries@visalogic.net | 5★ | 253 reviews | Windsor
[03:45:27] [279/649] ukmigrationlawyers.com
[03:45:27]   ✓ UK Migration Lawyers | ph:0121 777 7715 | em:info@ukmigrationlawyers.co.uk | 4.9★ | 1285 reviews | Birmingham
[03:45:31] [280/649] lawlanesolicitors.co.uk
[03:45:32]   ✓ Law Lane Solicitors Limited | ph:0207 870 4870 | em:info@lawlanesolicitors.com | 4.9★ | 1253 reviews | London
[03:45:32]   [Progress saved: 280 total leads]
[03:45:35] [281/649] ashwoodsolicitors.co.uk
[03:45:36]   ✓ Ashwood Solicitors Limited | ph:0161 248 4444 | em:Info@ashwoodsolicitors.co.uk | 4.9★ | 509 reviews | Manchester
[03:45:40] [282/649] thelondonsolicitors.co.uk
[03:45:41]   ✓ Greymore | ph:02088081285 | em:cemal.turk@greymore.com | 4.9★ | 420 reviews | London
[03:45:45] [283/649] truthlegal.com
[03:45:45]   ✓ Truth Legal | ph:0330 314 1300 | em:enquiries@truthlegal.com | 4.9★ | 416 reviews | Harrogate
[03:45:49] [284/649] uvsuk.com
[03:45:49]   ✓ Unique Visa Services | ph:01619562003 | em:raj@uvsuk.com | 4.9★ | 312 reviews | Manchester
[03:45:53] [285/649] axis.lawyer
[03:45:54]   ✓ Axis Solicitors Limited | ph:0808 164 6778 | em:contact@axis.lawyer | 4.9★ | 307 reviews | Manchester
[03:45:57] [286/649] kulachisolicitors.co.uk
[03:45:58]   ✓ Kulachi Solicitors | ph:02033930930 | em:info@kulachisolicitors.co.uk | 4.8★ | 45 reviews | Croydon
[03:46:02] [287/649] www.jmw.co.uk
[03:46:02]   ✓ JMW | ph:0345 872 6666 | em:trustpilot@jmw.co.uk | 4.8★ | 1772 reviews | Manchester
[03:46:07] [288/649] www.knightsplc.com
[03:46:07]   ✓ Knights Professional Services | ph:0344 371 2562 | em:enquiries@knightsplc.com | 4.7★ | 895 reviews | Newcastle-Under-Lyme
[03:46:12] [289/649] migration-usa.com
[03:46:13]   ✓ Migration USA Ltd. | ph:07990 573343 | 001 (949) 881-6993 | em:info@migration-usa.com | 3.5★ | 5 reviews | Crowborough
[03:46:17] [290/649] hawflein.com
[03:46:18]   ✓ Hawflein Immigration | ph:020 3488 0702 | em:chris@hawflein.com | 4.9★ | 154 reviews | London
[03:46:22] [291/649] www.constantinelaw.co.uk
[03:46:22]   ✓ Constantine Law | ph:02036968230 | em:mail@constantinelaw.co.uk | 4★ | 3 reviews | London
[03:46:26] [292/649] l-xconsulting.co.uk
[03:46:27]   ✓ L-X Consulting Immigration Limited | ph:07703685088 | em:info@l-xconsulting.co.uk | 4★ | 3 reviews | Aberdeen
[03:46:31] [293/649] hpasolicitors.com
[03:46:31]   ✓ HPA Solicitors | ph:01254274786 | em:info@hpasolicitors.com | 4.7★ | 24 reviews | Blackburn 
[03:46:36] [294/649] lflaw.co.uk
[03:46:36]   ✓ LF Law | ph:02030046607 | em:info@lflaw.co.uk | 3.8★ | 2 reviews | London
[03:46:40] [295/649] apexlawsolicitors.co.uk
[03:46:40]   ✓ Apex Law Solicitors
[03:46:44] [296/649] rpksolicitors.com
[03:46:44]   ✓ RPK Immigration, Nationality & Visa Solicitors | ph:02039319820 | em:legal@rpksolicitors.com | 4★ | 3 reviews | London
[03:46:49] [297/649] romaniinukadvisors.co.uk
[03:46:50]   ✓ Romaniinukadvisors | ph:07939409935 | em:info@romaniinukadvisors.co.uk | 4★ | 3 reviews | LONDON
[03:46:54] [298/649] legendconsults.com
[03:46:55]   ✓ Legendconsults | ph:0330 236 9330 | em:hello@legendconsults.com | 3.7★ | 1 reviews | Milton Keynes
[03:46:58] [299/649] givslaw.com
[03:46:59]   ✓ GIVS Law | 4.7★ | 26 reviews
[03:47:03] [300/649] stonemontlaw.com
[03:47:03]   ✓ Stonemont Law | ph:+44 7777277505 | em:info@stonemontlaw.com | 4★ | 4 reviews | London
[03:47:03]   [Progress saved: 300 total leads]
[03:47:08] [301/649] edgewaterlegal.com
[03:47:09]   ✓ Edgewater Legal | ph:0208 068 6968 | em:enq@edgewaterlegal.com | 4.9★ | 280 reviews | London
[03:47:12] [302/649] saj.legal
[03:47:13]   ✓ SAJ Legal Solicitors | ph:+44 2071124946 | em:info@saj.legal | 4.9★ | 242 reviews | London
[03:47:16] [303/649] zrvisas.com
[03:47:17]   ✓ ZR Visas, UK | ph:01782 977899 | em:info@zrvisas.com | 4.9★ | 227 reviews | Stoke-on-Trent
[03:47:20] [304/649] batleylaw.co.uk
[03:47:21]   ✓ Batleylaw | ph:01924 664511 | em:waseem@batleylaw.co.uk | 4.9★ | 218 reviews | Batley
[03:47:25] [305/649] www.whsolicitors.co.uk
[03:47:26]   ✓ WH Solicitors | ph:01483 608 786 | em:contact@whsolicitors.co.uk | 4.9★ | 208 reviews | Woking
[03:47:30] [306/649] kingscourtlaw.com
[03:47:30]   ✓ Kings Court Law | ph:+44 02080883088 | em:office@kingscourtlaw.com | 4.9★ | 205 reviews | Northampton
[03:47:35] [307/649] www.immigrationbarrister.co.uk
[03:47:35]   ✓ Richmond Chambers Immigration Barristers | ph:0203 617 9173 | em:info@richmondchambers.com | 4.9★ | 200 reviews | London
[03:47:40] [308/649] mgbelegal.com
[03:47:40]   ✓ MGBe Legal | ph:02030538634 | em:contact@mgbelegal.com | 4.9★ | 173 reviews | London
[03:47:44] [309/649] www.bankviewsolicitors.co.uk
[03:47:45]   ✓ Bank View Solicitors | ph:01254660000 | em:info@bankviewsolicitors.co.uk | 4.9★ | 156 reviews | Blackburn
[03:47:49] [310/649] migrate.org.uk
[03:47:49]   ✓ Migrate.org.uk | 4.9★ | 153 reviews
[03:47:53] [311/649] seraphus.co.uk
[03:47:54]   ✓ Seraphus | ph:0208 811 1532 | em:info@seraphus.co.uk | 4.9★ | 146 reviews | London
[03:47:58] [312/649] amicussolicitors.co.uk
[03:47:59]   ✓ Amicus Solicitors | ph:01614344448 | em:enquiries@amicussolicitors.co.uk | 4.9★ | 134 reviews | Manchester
[03:48:04] [313/649] whytecroftford.com
[03:48:04]   ✓ Whytecroft Ford | ph:020 8757 5751 | em:info@whytecroftford.com | 4.9★ | 113 reviews | Longford, Heathrow
[03:48:08] [314/649] immigrationadvicelondon.co.uk
[03:48:09]   ✓ Expert Immigration Advice UK | Melanie Wong | ph:02033026864 | em:enquiries@immigrationadvicelondon.co.uk | 4.9★ | 105 reviews | LONDON
[03:48:12] [315/649] visainn.co.uk
[03:48:13]   ✓ Visa Inn | ph:07979987124 | em:allan.immigration@gmail.com | 4.9★ | 103 reviews | Berkhamsted
[03:48:17] [316/649] visas247.com
[03:48:17]   ✓ Visas 24/7 - UK Immigration Lawyers  | ph:02034056381 | em:info@visas247.com | 4.9★ | 98 reviews | London
[03:48:21] [317/649] kassolicitors.uk
[03:48:21]   ✓ Kassolicitors | ph:07869806506 | em:info@kassolicitors.uk | 4.9★ | 90 reviews | Glasgow
[03:48:26] [318/649] thorpewilson.co.uk
[03:48:26]   ✓ Thorpe Wilson Solicitors | ph:01706 522542 | em:info@thorpewilson.co.uk | 4.9★ | 89 reviews | Manchester
[03:48:31] [319/649] 1st4immigration.com
[03:48:31]   ✓ 1st 4Immigration Ltd | ph:07795471483 | em:info@1st4immigration.com | 4.9★ | 83 reviews | London
[03:48:36] [320/649] ukimmigrationsolicitors.co.uk
[03:48:37]   ✓ ukimmigrationsolicitors.co.uk | ph:02033844389 | em:hello@ukimmigrationsolicitors.co.uk | 4.8★ | 740 reviews | London
[03:48:37]   [Progress saved: 320 total leads]
[03:48:41] [321/649] lexlegal.com
[03:48:41]   ✓ Lex Legal | ph:07739699968 | em:info@lexlegal.com | 4.8★ | 206 reviews | London
[03:48:46] [322/649] mylegalservices.co.uk
[03:48:46]   ✓ My Legal Services | ph:020 3732 4736 | em:info@mylegalservices.co.uk | 4.8★ | 159 reviews | London
[03:48:50] [323/649] aspencrown.co.uk
[03:48:51]   ✓ Aspencrown | ph:01206 489 077 | em:enquiries@aspencrown.co.uk | 4.8★ | 95 reviews | Colchester
[03:48:55] [324/649] iq-legal.co.uk
[03:48:56]   ✓ IQ Legal Solicitors | ph:07966536769 | em:contact@iq-legal.co.uk | 4.8★ | 72 reviews | Birmingham
[03:49:00] [325/649] ukvisaexpert.com
[03:49:00]   ✓ www.ukvisaexpert.com | ph:02085726386 | em:info@ukvisaexpert.com | 4.8★ | 72 reviews | Brentford
[03:49:04] [326/649] www.davidgray.co.uk
[03:49:04]   ✓ David Gray Solicitors | ph:0191 232 9547 | em:lawyers@davidgray.co.uk | 4.8★ | 71 reviews | Newcastle upon Tyne
[03:49:08] [327/649] wherecani.live
[03:49:08]   ✓ Where Can I Live | em:info@wherecani.live | 4.8★ | 65 reviews | London
[03:49:11] [328/649] vmdsolicitors.co.uk
[03:49:11]   ✓ VMD Solicitors | ph:020 8514 8703 | em:info@vmdsolicitors.co.uk | 4.8★ | 54 reviews | London
[03:49:15] [329/649] skillclear.co.uk
[03:49:15]   ✓ SkillClear Immigration Services | ph:01732 741611 | em:enquiries@skillclear.co.uk | 4.8★ | 53 reviews | Sevenoaks
[03:49:19] [330/649] www.clssolicitors.com
[03:49:20]   ✓ City of London Solicitors | ph:020 3003 5953 | em:info@clssolicitors.com | 4.8★ | 50 reviews | London
[03:49:24] [331/649] elsg.co.uk
[03:49:25]   ✓ ELSG Ltd | ph:02036270223 | em:info@elsg.co.uk | 4.8★ | 47 reviews | Watford
[03:49:28] [332/649] hkerinuklaw.com
[03:49:28]   ✓ 從零開始。英國法律界新丁 | ph:07425197450 | em:hkerinuklaw@gmail.com | 4.8★ | 47 reviews | Leicester
[03:49:33] [333/649] lawyery.co
[03:49:33]   ✓ Lawyery solicitors | ph:02035761275 | em:info@lawyery.co | 4.8★ | 43 reviews | London
[03:49:37] [334/649] sharifmckenzie.com
[03:49:38]   ✓ Sharif McKenzie Solicitors | ph:020 3883 1401 | em:info@sharifmckenzie.com | 4.8★ | 41 reviews | London
[03:49:42] [335/649] prolegissolicitors.co.uk
[03:49:42]   ✓ Prolegis Solicitors | ph:0800 0126410 | em:info@prolegissolicitors.co.uk | 4.8★ | 40 reviews | Bradford
[03:49:46] [336/649] diassolicitors.com
[03:49:46]   ✓ Dias Solicitors | ph:02038650636 | em:info@diassolicitors.com | 4.8★ | 39 reviews | London
[03:49:50] [337/649] www.icslegal.com
[03:49:51]   ✓ ICS Legal | ph:02072373388 | em:info@icslegal.com | 4.7★ | 832 reviews | London
[03:49:55] [338/649] manaksolicitors.co.uk
[03:49:55]   ✓ Manak Solicitors | ph:01689 870 769 | em:info@manaksolicitors.co.uk | 4.7★ | 482 reviews | Orpington
[03:49:59] [339/649] woodcocklaw.co.uk
[03:49:59]   ✓ Woodcock Law & Notary Public | ph:0330 133 6480 | em:info@woodcocknotarypublic.com | 4.7★ | 414 reviews | London
[03:50:02] [340/649] www.msdsolicitors.co.uk
[03:50:03]   ✓ MSD Solicitors | ph:0161 503 0553 | em:info@msdsolicitors.co.uk | 4.7★ | 218 reviews | Manchester
[03:50:03]   [Progress saved: 340 total leads]
[03:50:06] [341/649] cranbrooklegal.com
[03:50:07]   ✓ Cranbrook Legal | ph:0208 215 0053 | em:info@cranbrooklegal.com | 4.7★ | 86 reviews | London
[03:50:11] [342/649] yisolutions.co.uk
[03:50:11]   ✓ Your Immigration Solutions | ph:+44 01172482998 | em:contact@yisolutions.co.uk | 4.7★ | 54 reviews | Bristol
[03:50:15] [343/649] wilsonimmigrationservices.co.uk
[03:50:15]   ✓ Wilson Immigration Services  | ph:07879711436 | em:info@wilsonimmigrationservices.co.uk | 4.7★ | 36 reviews | London
[03:50:19] [344/649] goldmansolutions.co.uk
[03:50:19]   ✓ Goldman Solutions | ph:+44 7418355866 | em:1@goldmansolutions.co.uk | 4.7★ | 34 reviews | London
[03:50:24] [345/649] afterathena.co.uk
[03:50:24]   ✓ AfterAthena | ph:0333 188 6564 | em:enquiries@afterathena.co.uk | 4.7★ | 34 reviews
[03:50:28] [346/649] mlslegal.co.uk
[03:50:28]   ✓ MLS Legal  | ph:07826729444 | em:izabela@mlslegal.co.uk | 4.7★ | 33 reviews | ST ALBANS, HERTFORDSHIRE, 
[03:50:33] [347/649] akias.co.uk
[03:50:33]   ✓ AK Immigration Advisory Service | ph:+44 7547435450 | em:info@akias.co.uk | 4.7★ | 31 reviews | Aberdeen
[03:50:37] [348/649] mulgravelaw.co.uk
[03:50:38]   ✓ Mulgrave Law - Immigration Lawyers London | ph:020 7253 7248 | em:info@mulgravelaw.co.uk | 4.7★ | 29 reviews | London
[03:50:41] [349/649] www.mantonsolicitors.com
[03:50:42]   ✓ Manton Solicitors Ltd | ph:01582 256266 | em:Enquiry@mantonsolicitors.com | 4.7★ | 27 reviews | Luton
[03:50:46] [350/649] www.ayjsolicitors.com
[03:50:47]   ✓ A Y & J Solicitors | ph:+44 2074047933 | em:contact@ayjsolicitors.com | 4.6★ | 513 reviews | London
[03:50:51] [351/649] www.connaughtlaw.com
[03:50:51]   ✓ Connaught Law | ph:0203 909 8388 | em:enquiries@connaughtlaw.com | 4.6★ | 208 reviews | London
[03:50:56] [352/649] bglaw.co.uk
[03:50:57]   ✓ Berlad Graham LLP | ph:0330 175 5655 | em:info@bglaw.co.uk | 4.6★ | 143 reviews | Uxbridge
[03:51:00] [353/649] harrisandgreensolicitors.com
[03:51:00]   ✓ Harris & Green Solicitors Ltd | ph:01132707002 | em:z.b@harrisandgreensolicitors.com | 4.6★ | 97 reviews | Leeds
[03:51:04] [354/649] waterstonelegal.co.uk
[03:51:05]   ✓ Waterstone Legal | ph:02070639040 | em:enquiries@wslegal.co.uk | 4.6★ | 65 reviews | London
[03:51:09] [355/649] www.amansolicitors.com
[03:51:09]   ✓ Aman Solicitors | 4.6★ | 53 reviews
[03:51:14] [356/649] sunrisesolicitors.co.uk
[03:51:14]   ✓ SUNRISE SOLICITORS | 4.6★ | 44 reviews
[03:51:19] [357/649] www.e2visaexpress.com
[03:51:19]   ✓ E2 Visa Express | ph:+44 1702820012 | em:hello@e2visaexpress.com | 4.6★ | 40 reviews
[03:51:24] [358/649] www.imperiumchambers.co.uk
[03:51:24]   ✓ Imperium Chambers | 4.6★ | 24 reviews | London
[03:51:29] [359/649] ezags.io
[03:51:29]   ✓ E-ZAGS | em:order@ezags.io | 4.6★ | 24 reviews
[03:51:32] [360/649] immigration-consultants.co.uk
[03:51:33]   ✓ Immigration Consultants | ph:07856241359 | em:info@immigration-consultants.co.uk | 4.6★ | 23 reviews | London 
[03:51:33]   [Progress saved: 360 total leads]
[03:51:36] [361/649] jsaimonlaw.co.uk
[03:51:37]   ✓ J Saimon Law Limited | 4.6★ | 23 reviews
[03:51:40] [362/649] earlsworth.co.uk
[03:51:40]   ✓ Earlsworth Immigration Law | ph:0330 229 1213 | em:hello@earlsworth.co.uk | 4.6★ | 22 reviews | Birmingham
[03:51:45] [363/649] lawsmithsolicitors.co.uk
[03:51:45]   ✓ LAWSMITH SOLICITORS | ph:01279312185 | em:ams@lawsmithsolicitors.co.uk | 4.6★ | 22 reviews | Harlow
[03:51:50] [364/649] morganhassolicitors.co.uk
[03:51:50]   ✓ Morganhassolicitors | ph:+44 2072491337 | em:info@morganhas.co.uk | 4.6★ | 22 reviews | London
[03:51:54] [365/649] tl-prawnik.co.uk
[03:51:54]   ✓ Truth Legal - Polski Prawnik | ph:01423 788538 | em:mirek@truthlegal.com | 4.6★ | 21 reviews | Harrogate
[03:51:59] [366/649] deluxelawchambers.co.uk
[03:51:59]   ✓ Deluxe Law Chambers | ph:01614644140 | em:info@deluxelawchambers.co.uk | 4.6★ | 21 reviews | Manchester
[03:52:03] [367/649] qisimmigration.co.uk
[03:52:03]   ✓ Quick Immigration Solutions | ph:01214486350 | em:info@qisimmigration.co.uk | 4.6★ | 20 reviews | Birmingham
[03:52:07] [368/649] immigrationinn.co.uk
[03:52:08]   ✓ IMMIGRATION INN | ph:01234818794 | em:INFO@IMMIGRATIONINN.CO.UK | 4.6★ | 17 reviews | Bedford
[03:52:11] [369/649] www.krestonsolicitors.com
[03:52:12]   ✓ Kreston Solicitors | ph:0203 793 0862 | em:enquiries@krestonsolicitors.com | 4.5★ | 62 reviews | London
[03:52:17] [370/649] visavistauk.com
[03:52:17]   ✓ Visavistauk | 4.5★ | 44 reviews
[03:52:21] [371/649] haripotru.co.uk
[03:52:21]   ✓ Hari Potru Visas & Immigration | ph:07753259649 | em:haripotru@potru.co.uk | 4.5★ | 37 reviews | Ilford
[03:52:24] [372/649] owlandsnake.co.uk
[03:52:25]   ✓ Owl and Snake Immigration | ph:07368642591 | em:info@owlandsnake.co.uk | 4.5★ | 17 reviews | Epsom
[03:52:29] [373/649] janmanuel.co.uk
[03:52:29]   ✓ Jan Manuel Solicitors  | ph:02037613993 | em:info@janmanuel.co.uk | 4.5★ | 16 reviews | London
[03:52:34] [374/649] www.ulasolicitors.com
[03:52:34]   ✓ ULA Solicitors | ph:02084510236 | em:info@ulasolicitors.com | 4.5★ | 16 reviews | London
[03:52:39] [375/649] visalegal.com
[03:52:40]   ✓ Visa Legal | 4.5★ | 14 reviews | London
[03:52:44] [376/649] consul.online
[03:52:45]   ✓ Consul Online | ph:+48698143637 | 4.5★ | 14 reviews | London
[03:52:49] [377/649] vipvisa.net
[03:52:50]   ✓ VIP Visa | ph:+44 2033933747 | em:info@vipvisa.net | 4.5★ | 14 reviews | London
[03:52:53] [378/649] cybralegal.com
[03:52:54]   ✓ Cybra Legal (ceased trading) | 4.5★ | 13 reviews | London
[03:52:57] [379/649] walkthruvisa.com
[03:52:57]   ✓ Walkthruvisa Ltd | ph:08000862468 | em:contact@walkthruvisa.com | 4.5★ | 13 reviews | Edinburgh
[03:53:01] [380/649] veritassolicitors.co.uk
[03:53:02]   ✓ Veritas Solicitors | ph:08444 781 999 | em:info@veritassolicitors.co.uk | 4.4★ | 420 reviews | Manchester
[03:53:02]   [Progress saved: 380 total leads]
[03:53:05] [381/649] immigrationsolicitorsuk.com
[03:53:06]   ✓ UK Immigration Solicitors | ph:01274 955310 | em:info@immigrationsolicitors.uk.com | 4.4★ | 81 reviews | Bradford
[03:53:10] [382/649] visaforbulgaria.com
[03:53:11]   ✓ Visa For Bulgaria | ph:07543550069 | em:tanya@visaforbulgaria.com | 4.4★ | 29 reviews | London
[03:53:15] [383/649] www.global-law.co.uk
[03:53:15]   ✓ Anyvisa | ph:+44 2033933328 | em:Info@any-visa.com | 4.4★ | 25 reviews | LONDON
[03:53:18] [384/649] csblaw.co.uk
[03:53:19]   ✓ CSB Solicitors | ph:0203 818 5280 | em:admin@csblaw.co.uk | 4.4★ | 15 reviews | London
[03:53:22] [385/649] farhanlaw.co.uk
[03:53:23]   ✓ Farhan and Co Solicitors | ph:01412378787 | em:info@farhanlaw.co.uk | 4.4★ | 15 reviews | Glasgow
[03:53:26] [386/649] angelov.law
[03:53:27]   ✓ Angelov Solicitors | ph:+44 2080882555 | em:info@angelov.law | 4.4★ | 13 reviews
[03:53:31] [387/649] epochlegal.co.uk
[03:53:32]   ✓ Epochlegal | 4.4★ | 12 reviews
[03:53:36] [388/649] hbimmigration.com
[03:53:36]   ✓ HB Immigration | 4.4★ | 12 reviews
[03:53:41] [389/649] baileyjameslegal.com
[03:53:42]   ✓ Bailey James Legal | ph:+44 7308590065 | em:info@baileyjameslegal.com | 4.4★ | 12 reviews | London, United Kingdom
[03:53:46] [390/649] tedimmigration.co.uk
[03:53:46]   ✓ Ted Immigration | ph:07380 848585 | em:info@tedimmigration.co.uk | 4.4★ | 12 reviews | London
[03:53:50] [391/649] master-legal-services.com
[03:53:50]   ✓ Master Legal Services | ph:020 8935 5205 | em:a.s@master-legal-services.com | 4.4★ | 11 reviews | London
[03:53:54] [392/649] 1-absolute-advisor.com
[03:53:54]   ✓ 1 Absolute-advisor | ph:02079936762 | em:info@1-absolute-advisor.com | 4.4★ | 10 reviews | London
[03:53:59] [393/649] iasservices.org.uk
[03:54:00]   ✓ Immigration Advice Service | ph:020 3411 1966 | em:info@iasservices.org.uk | 4.3★ | 4635 reviews | London
[03:54:04] [394/649] dosfinds.com
[03:54:04]   ✓ Dos | em:contact@dosfinds.com | 4.3★ | 23 reviews | London
[03:54:09] [395/649] davenportsolicitors.com
[03:54:10]   ✓ Davenport Solicitors Ltd | ph:0207 903 6888 | em:contact@davenportsolicitors.com | 4.3★ | 22 reviews | London
[03:54:14] [396/649] immigrationresolution.co.uk
[03:54:15]   ✓ Immigrationresolution | ph:+44 1234632969 | em:office@immigrationresolution.co.uk | 4.3★ | 17 reviews |  London
[03:54:18] [397/649] otb.legal
[03:54:18]   ✓ OTB Legal | ph:03301116682 | em:hello@otb.legal | 4.3★ | 10 reviews | Nottingham
[03:54:22] [398/649] wrightjustice.co.uk
[03:54:22]   ✓ Wright Justice Solicitors | ph:01217724512 | em:info@wrightjustice.co.uk | 4.3★ | 10 reviews | Birmingham
[03:54:27] [399/649] kmckenzie.co.uk
[03:54:27]   ✓ McKenzie | ph:+44 7901558466 | em:kmckenzie@kmckenzie.co.uk | 4.3★ | 10 reviews | London
[03:54:30] [400/649] bayaimmigration.com
[03:54:31]   ✓ Bayaimmigration | ph:03301180393 | em:joss@bayaimmigration.com | 4.3★ | 9 reviews | Nottingham
[03:54:31]   [Progress saved: 400 total leads]
[03:54:34] [401/649] acplegalservices.co.uk
[03:54:34]   ✓ ACP Legal Services | ph:01162963634 | em:info@acplegalservices.co.uk | 4.3★ | 9 reviews | Leicester
[03:54:37] [402/649] www.alroselegal.com
[03:54:38]   ✓ Alrose Legal Immigration Services | em:info@alroselegal.com | 4.3★ | 9 reviews
[03:54:42] [403/649] oliverandhasani.co.uk
[03:54:42]   ✓ Oliver and Hasani Solicitors | 4.3★ | 9 reviews
[03:54:47] [404/649] mblawltd.com
[03:54:47]   ✓ MB Law Ltd Solicitors | ph:02088633666 | em:info@mblawltd.com | 4.3★ | 9 reviews | Hounslow
[03:54:51] [405/649] just-immigration.co.uk
[03:54:52]   ✓ Just Immigration Solicitors | ph:07928985778 | em:agnes.lai@just-immigration.co.uk | 4.3★ | 8 reviews | Guildford
[03:54:55] [406/649] kdadvisors.co.uk
[03:54:56]   ✓ KD Immigration Experts | ph:01213922441 | em:info@kdadvisors.co.uk | 4.3★ | 7 reviews | Birmingham
[03:54:59] [407/649] melioralegal.com
[03:54:59]   ✓ Meliora Legal | ph:0141 266 0270 | em:info@melioralegal.com | 4.3★ | 7 reviews | Glasgow
[03:55:04] [408/649] www.birketts.co.uk
[03:55:04]   ✓ Birketts | ph:0808 169 4320 | 4.2★ | 80 reviews | Ipswich
[03:55:08] [409/649] online-barrister.co.uk
[03:55:08]   ✓ OB | 4.2★ | 60 reviews
[03:55:12] [410/649] sulemanlegal.co.uk
[03:55:12]   ✓ Suleman Legal Services | ph:07309074667 | em:mohamed@sulemanlegal.co.uk | 4.2★ | 26 reviews | Milton Keynes
[03:55:16] [411/649] hawkinslaw.co.uk
[03:55:16]   ✓ Hawkins Law | ph:02071777579 | em:info@hawkinslaw.co.uk | 4.2★ | 13 reviews | London
[03:55:21] [412/649] proctorhobbs.com
[03:55:21]   ✓ P H | ph:0808 196 8212 | em:enquiries@proctorhobbs.com | 4.2★ | 7 reviews |  Bradford 
[03:55:26] [413/649] gloteelimited.co.uk
[03:55:26]   ✓ Glotee Legal  Limited | ph:01708300608 | em:info@gloteelimited.co.uk | 4.2★ | 6 reviews | Romford
[03:55:30] [414/649] distinct.law
[03:55:31]   ✓ Distinct Law | 4.2★ | 6 reviews
[03:55:35] [415/649] immigrationlawyerslondonuk.co.uk
[03:55:35]   ✓  Adamir Immigration Solicitors London | ph:02033020074 | em:contact@adamirsolicitors.com | 4.2★ | 6 reviews | London
[03:55:39] [416/649] solidaire.co.uk
[03:55:40]   ✓ Solidaire Solicitors  | ph:0333 3394 786 | em:info@solidaire.co.uk | 4.1★ | 5 reviews | Milton Keynes 
[03:55:43] [417/649] spanishvisas.co.uk
[03:55:43]   ✓ Spanish Visa Specialists | ph:+44 01619321451 | em:info@spanishvisas.co.uk | 4.1★ | 5 reviews | M3 3HF
[03:55:47] [418/649] primeimmigration.org.uk
[03:55:48]   ✓ Prime Immigration Consultants | ph:07551943554 | em:ashraf@primeimmigration.org.uk | 4.1★ | 5 reviews | London
[03:55:52] [419/649] xpertimmigration.co.uk
[03:55:53]   ✓ Xpert Immigration | ph:07494774429 | em:visas@xpertimmigration.co.uk | 4.1★ | 5 reviews | Leighton Buzzard
[03:55:56] [420/649] www.rivingtonsolicitors.co.uk
[03:55:57]   ✓ Rivington Solicitors | ph:07766229409 | em:info@rivingtonsolicitors.co.uk | 4.1★ | 5 reviews | London
[03:55:57]   [Progress saved: 420 total leads]
[03:56:01] [421/649] alstern.co.uk
[03:56:02]   ✓ Alstern Solicitors  | ph:02039239188 | em:info@alsternsolicitors.co.uk | 4.1★ | 5 reviews | London
[03:56:06] [422/649] kayalegal.co.uk
[03:56:06]   ✓ Kaya Legal Immigration & Visa Consultancy | ph:07595549244 | em:info@kayalegal.co.uk | 4.1★ | 5 reviews | London
[03:56:10] [423/649] smklaw.co.uk
[03:56:10]   ✓ SMK Law Solicitors | ph:02085774101 | em:info@smklaw.co.uk | 4.1★ | 5 reviews | HOUNSLOW
[03:56:14] [424/649] www.giambronelaw.com
[03:56:15]   ✓ Giambrone Law | ph:02071839482 | em:info@giambronelaw.com | 4★ | 375 reviews | London
[03:56:19] [425/649] thamesmigration.com
[03:56:19]   ✓ Thames Migration | ph:02089960120 | em:info@thamesmigration.com | 4★ | 4 reviews | London
[03:56:22] [426/649] helpwithmyvisa.com
[03:56:23]   ✓ Help With My Visa | em:info@helpwithmyvisa.com | 4★ | 4 reviews
[03:56:27] [427/649] immtell.com
[03:56:28]   ✓ Immtell | ph:020 3910 6641 | em:info@immtell.com | 4★ | 4 reviews | London
[03:56:33] [428/649] vimmigration.co.uk
[03:56:33]   ✓ Vimmigration | ph:07947692485 | em:info@vimmigration.co.uk | 4★ | 4 reviews | Birmingham 
[03:56:37] [429/649] www.mbssolicitors.co.uk
[03:56:37]   ✓ MBS Solicitors | ph:0131 337 4100 | em:Ali@mbssolicitors.co.uk | 4★ | 4 reviews | Edinburgh
[03:56:42] [430/649] premium-visa-solutions.com
[03:56:42]   ✓ Premium Visa Solutions | ph:+44 7513621625 | em:info@premium-visa-solutions.com | 4★ | 3 reviews | London
[03:56:45] [431/649] lucienlegal.com
[03:56:46]   ✓ Lucien Legal | ph:020 3355 6166 | em:info@lucienlegal.com | 4★ | 3 reviews | Croydon
[03:56:50] [432/649] schengentravel.co.uk
[03:56:50]   ✓ Schengentravel | 4★ | 3 reviews
[03:56:55] [433/649] legal.training
[03:56:55]   ✓ Immigration Advice Service Legal training | ph:03334149244 | em:training@iasuk.org | 3.9★ | 29 reviews | Manchester
[03:56:59] [434/649] www.immigoservices.com
[03:57:00]   ✓ Immigo Global Services | ph:07825740616 | em:info@immigoservices.com | 3.9★ | 7 reviews | High Wycombe, Buckinghamshire
[03:57:04] [435/649] drlawsolicitors.co.uk
[03:57:04]   ✓ Dr. Law Solicitors  | ph:02085910920 | em:info@drlawsolicitors.co.uk | 3.9★ | 6 reviews | Barking 
[03:57:07] [436/649] www.workpermit.com
[03:57:07]   ✓ Workpermit.com Law | 3.9★ | 5 reviews
[03:57:11] [437/649] lawandlawyers.co.uk
[03:57:12]   ✓ Law and Lawyers Solicitors | ph:02085865657 | em:info@lawandlawyers.co.uk | 3.8★ | 343 reviews | London
[03:57:16] [438/649] www.kingsleynapley.co.uk
[03:57:16]   ✓ Kingsley Napley | ph:02078141200 | em:enquiries@kingsleynapley.co.uk | 3.8★ | 131 reviews | London
[03:57:20] [439/649] shoreslegal.com
[03:57:20]   ✓ Shores & Legal Limited | ph:02070976778 | em:antonio.lam@shoreslegal.com | 3.8★ | 9 reviews | London
[03:57:24] [440/649] highlegalsolicitors.co.uk
[03:57:24]   ✓ Highlegalsolicitors | ph:07734883955 | em:SS@highlegalsolicitors.co.uk | 3.8★ | 5 reviews | Lancashire
[03:57:24]   [Progress saved: 440 total leads]
[03:57:28] [441/649] henleazelaw.co.uk
[03:57:28]   ✓ Henleazelaw | ph:+44 74427868321 | em:asim@henleazelaw.co.uk | 3.8★ | 2 reviews | Bristol
[03:57:32] [442/649] chingfordlegal.com
[03:57:32]   ✓ Chingfordlegal | ph:02082155555 | em:info@chingfordlegal.com | 3.8★ | 2 reviews | London
[03:57:35] [443/649] topuklawyers.co.uk
[03:57:35]   ✓ Topuklawyers | 3.8★ | 2 reviews
[03:57:39] [444/649] redwingimmigration.co.uk
[03:57:40]   ✓ Redwing Immigration | 3.8★ | 2 reviews
[03:57:45] [445/649] uvslaw.co.uk
[03:57:45]   ✓ UVS Law. | ph:03301337986 | em:info@uvslaw.co.uk | 3.8★ | 2 reviews | Burton-on-Trent
[03:57:50] [446/649] mqsolicitors.com
[03:57:50]   ✓ MQ Solicitors | 3.8★ | 2 reviews
[03:57:55] [447/649] maliksimmigrationoffice.co.uk
[03:57:55]   ✓ Maliks Immigration Office | ph:07306327786 | em:maliksimmigrationoffice@gmail.com | 3.8★ | 2 reviews | Hemel Hempstead
[03:57:59] [448/649] www.tmfortis.co.uk
[03:57:59]   ✓ tmfortis.co.uk | 3.8★ | 2 reviews
[03:58:03] [449/649] vipnomads.com
[03:58:03]   ✓ VIP Nomads | ph:+44 7365605601 | em:info@vipnomads.com | 3.8★ | 2 reviews | London
[03:58:07] [450/649] gb-law.uk
[03:58:07]   ✓ Bogdan Law Office Ltd | ph:+44 1212966767 | em:info@gb-law.uk | 3.8★ | 2 reviews | Birmingham
[03:58:12] [451/649] www.clklegal.co.uk
[03:58:12]   ✓ CLK Legal | ph:02038860378 | em:info@clklegal.co.uk | 3.7★ | 13 reviews | London
[03:58:17] [452/649] morganhillsolicitors.com
[03:58:17]   ✓ morganhillsolicitors.com | ph:07506262500 | em:info@morganhillsolicitors.com | 3.7★ | 4 reviews | London
[03:58:21] [453/649] londonlegalint.co.uk
[03:58:21]   ✓ Londonlegalint | 3.7★ | 3 reviews
[03:58:26] [454/649] samarssolicitors.com
[03:58:27]   ✓ Samarssolicitors | 3.7★ | 1 reviews
[03:58:31] [455/649] capitallegal-solicitors.com
[03:58:31]   ✓ Capital Legal Solicitors | ph:+44 1895236920 | em:info@capitallegal-solicitors.com | 3.7★ | 1 reviews | London
[03:58:34] [456/649] lauradevine.com
[03:58:35]   ✓ Lauradevine | 3.7★ | 1 reviews
[03:58:38] [457/649] www.chadwicknott.co.uk
[03:58:38]   ✓ Chadwick Nott | 3.7★ | 1 reviews
[03:58:43] [458/649] lotusimmigration.com
[03:58:43]   ✓ Lotus Immigration | em:info@lotusimmigration.com | 3.7★ | 1 reviews | London
[03:58:47] [459/649] paperplanevisas.co.uk
[03:58:47]   ✓ PaperPlane Visas | em:hello@paperplanevisas.co.uk | 3.7★ | 1 reviews
[03:58:52] [460/649] hkuksupport.co.uk
[03:58:52]   ✓ Hkuksupport | ph:+85259667760 | em:info@hkuksupport.co.uk | 3.7★ | 1 reviews | Binfield
[03:58:52]   [Progress saved: 460 total leads]
[03:58:56] [461/649] thegigalegal.com
[03:58:56]   ✓ GigaLegal Limited | ph:+44 7428668336 | em:info@thegigalegal.com | 3.7★ | 1 reviews | London
[03:59:01] [462/649] i-migrator.com
[03:59:01]   ✓ I-Migrator | 3.7★ | 1 reviews
[03:59:05] [463/649] aaraflaw.co.uk
[03:59:05]   ✓ Aaraf Immigration Lawyers | ph:0203 442 0292 | em:contact@aaraflaw.co.uk | 3.7★ | 1 reviews | London
[03:59:08] [464/649] redstonesolicitors.co.uk
[03:59:08]   ✓ Redstonesolicitors | ph:00442039405959 | em:yd@redstonesolicitors.co.uk | 3.7★ | 1 reviews | London
[03:59:11] [465/649] www.eofs.co.uk
[03:59:12]   ✓ Eofs | ph:08432489779 | em:Edward@eofs.co.uk | 3.7★ | 1 reviews | London
[03:59:16] [466/649] lexhousesolicitors.co.uk
[03:59:17]   ✓ Lexhousesolicitors | ph:02921329169 | em:info@lexhousesolicitors.co.uk | 3.7★ | 1 reviews | Cardiff
[03:59:21] [467/649] www.westkinassociates.com
[03:59:21]   ✓ Westkin Associates - Immigration Law Specialists | 3.7★ | 1 reviews | London
[03:59:26] [468/649] www.fjg.co.uk
[03:59:26]   ✓ Fisher Jones Greenwood Solicitors | ph:01206835300 | em:info@fjg.co.uk | 3.6★ | 58 reviews | Colchester
[03:59:29] [469/649] www.levisolicitors.co.uk
[03:59:30]   ✓ Levi Solicitors | ph:0800 988 7756 | em:info@levisolicitors.co.uk | 3.6★ | 45 reviews | Leeds
[03:59:33] [470/649] gardnerchampion.co.uk
[03:59:33]   ✓ Gardner Champion Solicitors | ph:03330344629 | em:hello@gardnerchampion.co.uk | 3.6★ | 19 reviews | Rugeley
[03:59:38] [471/649] parkviewsolicitors.co.uk
[03:59:38]   ✓ Parkview Solicitors & Higher Court Advocates | ph:01204 565234 | em:info@parkviewsolicitors.co.uk | 3.6★ | 9 reviews | Bolton
[03:59:42] [472/649] bsimmigration.co.uk
[03:59:42]   ✓ LawSentis | ph:+44 7733648414 | em:info@lawsentis.com  | 3.6★ | 5 reviews | London
[03:59:47] [473/649] solicitorsinn.co.uk
[03:59:48]   ✓ Solicitors' Inn | ph:02035008000 | em:saffi@solicitorsinn.co.uk | 3.4★ | 2 reviews | London
[03:59:52] [474/649] primarcsolicitors.com
[03:59:53]   ✓ Primarc Solicitors | ph:020 8912 2280 | em:info@primarcsolicitors.com | 3.3★ | 22 reviews | London
[03:59:56] [475/649] sks-law.co.uk
[03:59:57]   ✓ SKS LAW | ph:07713 049948 | em:Info@sks-law.co.uk | 3.3★ | 8 reviews | Leicester
[04:00:01] [476/649] sinclairslaw.co.uk
[04:00:03]   ✓ Sinclairslaw | 3.3★ | 4 reviews
[04:00:06] [477/649] dascaniolaw.co.uk
[04:00:07]   ✓ D’Ascanio Law | ph:02071831734 | em:contact@dascaniolaw.co.uk | 3.2★ | 5 reviews | London
[04:00:10] [478/649] cartermonroe.co.uk
[04:00:10]   ✓ Carter Monroe Solicitors | ph:0161 505 8888 | em:info@cartermonroe.co.uk | 3.2★ | 3 reviews | Manchester
[04:00:14] [479/649] vargasconsultancy.co.uk
[04:00:14]   ✓ Vargas Consultancy | ph:020 3983 0067 | em:contact@vargascl.co.uk | 3.2★ | 1 reviews | London
[04:00:18] [480/649] www.lloydscliffordsolicitors.co.uk
[04:00:19]   ✓ Lloydscliffordsolicitors | 3.2★ | 1 reviews
[04:00:19]   [Progress saved: 480 total leads]
[04:00:23] [481/649] pjward.co.uk
[04:00:24]   ✓ Pjward | 3.2★ | 1 reviews
[04:00:27] [482/649] lexenlaw.com
[04:00:28]   ✓ Lexen Law | ph:+44 7305016387 | em:visa@lexenlaw.co | 3.2★ | 1 reviews | London
[04:00:31] [483/649] www.farringdon-law.co.uk
[04:00:31]   ✓ Farringdon Law | 3.2★ | 1 reviews
[04:00:35] [484/649] bartons.co.uk
[04:00:35]   ✓ Bartons Solicitors | 3.1★ | 4 reviews
[04:00:39] [485/649] zenithimmigrationsolicitors.com
[04:00:39]   ✓ Zenith Immigration Solicitors | ph:01706  646 840 | em:info@zenithlawyers.com | 2.9★ | 10 reviews | Rochdale
[04:00:43] [486/649] amansolicitors.co.uk
[04:00:43]   ✓ Aman Solicitors | ph:0121 328 4455 | em:info@amansolicitors.co.uk | 2.9★ | 4 reviews | Birmingham
[04:00:46] [487/649] prosperguardlegal.com
[04:00:47]   ✓ Prosperguardlegal | 2.9★ | 2 reviews
[04:00:50] [488/649] immigrationlawyersuk.co.uk
[04:00:51]   ✓ Immigrationlawyersuk | 2.9★ | 2 reviews
[04:00:55] [489/649] satha.co.uk
[04:00:55]   ✓ S. Satha & Co Solicitors | ph:02084719484 | em:info@satha.co.uk | 2.9★ | 2 reviews | LONDON
[04:01:00] [490/649] www.wilsonllp.co.uk
[04:01:00]   ✓ Wilsonllp | 2.9★ | 2 reviews
[04:01:04] [491/649] phoenixlaw.org.uk
[04:01:05]   ✓ Phoenixlaw | 2.9★ | 2 reviews
[04:01:08] [492/649] www.haywards-solicitors.co.uk
[04:01:08]   ✓ haywards-solicitors.co.uk | 2.9★ | 2 reviews
[04:01:13] [493/649] immigrationandmigration.com
[04:01:13]   ✓ IaM (Immigration and Migration) | 2.8★ | 7 reviews | London
[04:01:18] [494/649] silveroaksolicitors.com
[04:01:18]   ✓ SO Solicitors | 2.8★ | 5 reviews
[04:01:22] [495/649] wslaw.co.uk
[04:01:22]   ✓ Winckworth Sherwood | ph:020 7593 5000 | em:info@wslaw.co.uk | 2.8★ | 3 reviews | London
[04:01:25] [496/649] icslaw.co.uk
[04:01:26]   ✓ Icslaw | 2.8★ | 3 reviews
[04:01:31] [497/649] www.scwlegal.co.uk
[04:01:31]   ✓ Scwlegal | 2.8★ | 3 reviews
[04:01:36] [498/649] primussolicitors.com
[04:01:36]   ✓ Primussolicitors | ph:01612225860 | em:info@primussoliciors.com | 2.7★ | 7 reviews | Manchester
[04:01:41] [499/649] settlu.com
[04:01:41]   ✓ Settlu | em:support@settlu.com | 2.6★ | 5 reviews | London
[04:01:45] [500/649] riverwaylaw.com
[04:01:45]   ✓ Riverway Law | ph:020 3488 4545 | em:info@riverwaylaw.com | 2.6★ | 5 reviews | London
[04:01:45]   [Progress saved: 500 total leads]
[04:01:50] [501/649] www.swedenvisa.co.uk
[04:01:50]   ✓ Swedenvisa | 2.5★ | 6 reviews | London
[04:01:55] [502/649] www.charlesrussellspeechlys.com
[04:01:55]   ✓ Charles Russell Speechlys | 2.2★ | 8 reviews | London
[04:01:59] [503/649] primeimmigration.co.uk
[04:02:00]   ✓ Prime Immigration Ltd | ph:02037527045 | em:info@primeimmigration.co.uk | 2.1★ | 11 reviews | London
[04:02:04] [504/649] manns-solutions.com
[04:02:05]   ✓ Manns Solutions | ph:+44 02079936346 | em:evgeny@manns-solutions.com | 1.7★ | 77 reviews | London
[04:02:09] [505/649] haskewlaw.com
[04:02:09]   ✓ Haskew Law | ph:020 3884 1147 | em:admin@haskewlaw.com | 1.7★ | 38 reviews | Farnham
[04:02:13] [506/649] www.dacbeachcroft.com
[04:02:13]   ✓ DAC Beachcroft | 1.4★ | 44 reviews | London
[04:02:16] [507/649] global-migrate.com
[04:02:17]   ✓ global-migrate.com | ph:+97143031955 | 1.3★ | 170 reviews | dubai
[04:02:21] [508/649] uklawbridge.co.uk
[04:02:21]   ✓ UK Law Bridge | ph:+44 7450630055 | em:support@uklawbridge.co.uk | Wisbech
[04:02:26] [509/649] chaseimmigration.co.uk
[04:02:26]   ✓ Chase Immigration | GLASGOW
[04:02:29] [510/649] 193countriesconsortium.com
[04:02:30]   ✓ 193 Countries Consortium | ph:07796966127 | em:aashin25@gmail.com | London, United Kingdom
[04:02:33] [511/649] certifyingacceptanceagent.co.uk
[04:02:34]   ✓ Certifying Acceptance Agent | ph:020 7712 1705 | em:info@certifyingacceptanceagent.co.uk | London
[04:02:37] [512/649] jnssolicitors.com
[04:02:37]   ✓ JNS Solicitors | ph:+44 02036260759 | em:info@jnssolicitors.com | London
[04:02:42] [513/649] ayjsolicitors.co.uk
[04:02:42]   ✓ AY & J Solicitors | em:info@ayjsolicitors.co.uk
[04:02:46] [514/649] 786-law.co.uk
[04:02:47]   ✓ 786 Law Associates | ph:02031377866 | em:info@786-law.co.uk | BARKING, ESSEX
[04:02:50] [515/649] penninesolicitors.co.uk
[04:02:50]   ✓ Pennine Solicitors | ph:01706671434 | em:law@penninesolicitors.co.uk | Rochdale
[04:02:54] [516/649] rkmlaw.co.uk
[04:02:55]   ✓ Rkmlaw | ph:07588 632225 | em:info@rkmlaw.co.uk | Potters Bar
[04:02:58] [517/649] 3boltcourt.com
[04:02:58]   ✓ 3boltcourt.com | ph:07783904770 | em:clerks@3boltcourt.com | London
[04:03:03] [518/649] hunterstonelaw.com
[04:03:04]   ✓ Hunterstonelaw | London
[04:03:08] [519/649] malcolmandco.co.uk
[04:03:09]   ✓ malcolmandco.co.uk | ph:020 7613 4300 | em:info@malcolmandco.co.uk | London
[04:03:12] [520/649] arklawuk.com
[04:03:12]   ✓ Ark Law Limited | ph:0203 633 6005 | em:info@arklawuk.com | Crawley
[04:03:12]   [Progress saved: 520 total leads]
[04:03:16] [521/649] maconsultants.uk
[04:03:16]   ✓ MAC Healthcare and Training
[04:03:20] [522/649] lawsonhunte.com
[04:03:20]   ✓ Lawson Hunte Immigration Services 
[04:03:25] [523/649] premiumsolicitors.co.uk
[04:03:25]   ✓ Premiumsolicitors | ph:00442039303900 | em:info@premiumsolicitors.co.uk | London
[04:03:30] [524/649] immigration2uk.com
[04:03:31]   ✓ L&P Consultant limited (Immigration Services) | ph:07878807921 | em:info@immigration2uk.com | Birmingham
[04:03:34] [525/649] amnestysolicitors.com
[04:03:35]   ✓ Amnesty Solicitors | ph:020 7183 8463 | em:info@amnestysolicitors.com | London
[04:03:39] [526/649] winrowsolicitors.co.uk
[04:03:39]   ✓ Winrow Solicitors | ph:01286 269226 | em:admin@winrowsolicitors.co.uk | Caernarfon
[04:03:43] [527/649] 5plaw.co.uk
[04:03:44]   ✓ 5plaw
[04:03:47] [528/649] northmansterling.com
[04:03:47]   ✓ Northman & Sterling
[04:03:52] [529/649] skksolicitors.com
[04:03:52]   ✓ SKK Solicitors
[04:03:56] [530/649] lmimmigration.co.uk
[04:03:56]   ✓ Lmimmigration
[04:04:01] [531/649] excellentlegalservices.co.uk
[04:04:01]   ✓ Excellent Legal Services | ph:0161 505 0502 | em:Info@excellentlegalservices.co.uk | Manchester
[04:04:06] [532/649] frenchconnectionshcb.com
[04:04:06]   ✓ frenchconnectionshcb.com | ph:+33185657498 | em:info@frenchconnectionshcb.com | London
[04:04:10] [533/649] annamariazeka.com
[04:04:11]   ✓ Annamaria Zeka Immigration | ph:02070500696 | em:enquiries@annamariazeka.com
[04:04:14] [534/649] legato-law.co.uk
[04:04:15]   ✓ Legato | ph:+44 7595915189 | em:agata@legato-law.co.uk | Basingstoke
[04:04:19] [535/649] arkasolicitors.co.uk
[04:04:19]   ✓ Arkasolicitors | ph:01618200789 | em:enquiries@arkasolicitors.co.uk | Salford, Manchester
[04:04:24] [536/649] khurshedlawchamberuk.com
[04:04:24]   ✓ Khurshed Law Chamber | ph:07828694424 | em:info@khurshedlawchamberuk.com | London
[04:04:29] [537/649] tyndall.uk
[04:04:29]   ✓ Tyndall & Co. Limited | ph:+44 2081337722 | em:be@tyndall.uk | London
[04:04:33] [538/649] brownwallet.co.uk
[04:04:33]   ✓ Brownwallet
[04:04:37] [539/649] ukimmigrationltd.com
[04:04:38]   ✓ UK Immigration ltd | ph:+44 7944417890 | em:info@ukimmigrationltd.com | Birmingham
[04:04:41] [540/649] welshdale.com
[04:04:42]   ✓ Welshdale | ph:0203 514 9950 | em:info@welshdale.com | Sheffield
[04:04:42]   [Progress saved: 540 total leads]
[04:04:46] [541/649] outpostlaw.com
[04:04:46]   ✓ Outpost Immigration | ph:+44 7488600580 | em:info@outpostlaw.com
[04:04:51] [542/649] www.yourimmigrationlawyer.co.uk
[04:04:51]   ✓ Yourimmigrationlawyer
[04:04:56] [543/649] nofrontiers.co.uk
[04:04:56]   ✓ Nofrontiers
[04:05:00] [544/649] ukmvisa.co.uk
[04:05:00]   ✓ UKM Visa & Immigration Consultancy Ltd
[04:05:05] [545/649] grkent.co.uk
[04:05:05]   ✓ Global Recruitment Kent | ph:07984610396 | em:guneet@grkent.co.uk | Ramsgate
[04:05:09] [546/649] rheksolicitors.co.uk
[04:05:10]   ✓ Rheksolicitors | ph:03300882219 | em:info@rheksolicitors.co.uk | Manchester
[04:05:14] [547/649] globalexpat.io
[04:05:14]   ✓ Global Expat Consular | ph:+44 7441349055 | em:info@globalexpat.io | London
[04:05:18] [548/649] manuamponsah.com
[04:05:19]   ✓ Manuamponsah
[04:05:23] [549/649] uklisl.co.uk
[04:05:23]   ✓ UK Legal and Immigration Services Limited 
[04:05:26] [550/649] corporateimmigrationuk.com
[04:05:27]   ✓ Corporate immigration
[04:05:31] [551/649] settlalegal.com
[04:05:32]   ✓ Settla Legal | ph:+44 7732778091 | em:info@settlalegal.com | London
[04:05:36] [552/649] westkeylegal.com
[04:05:36]   ✓ Westkey Legal Associates | ph:02035350107 | em:info@westkeylegal.com | Richmond
[04:05:41] [553/649] www.immigrationsolicitors4me.co.uk
[04:05:42]   ✓ Immigrationsolicitors4me
[04:05:45] [554/649] arkaslaw.co.uk
[04:05:45]   ✓ arkaslaw.co.uk
[04:05:49] [555/649] passportia.org
[04:05:49]   ✓ Passportia Limited | ph:02036955385 | em:marketing@passportia.org | LONDON
[04:05:52] [556/649] winvolved.co.uk
[04:05:53]   ✓ Winvolved Consultancy Ltd | ph:03332244822 | em:team@winvolvedlegal.co.uk | London
[04:05:56] [557/649] www.sterlingshore.co.uk
[04:05:57]   ✓ Sterlingshore
[04:06:01] [558/649] alphaandomegalawyers.com
[04:06:02]   ✓ Alpha&Omega Lawyers | ph:07424908378 | em:info@alphaandomegalawyers.com | London
[04:06:05] [559/649] aneasyvisa.com
[04:06:06]   ✓ aneasyvisa.com | ph:02071931996 | London
[04:06:09] [560/649] www.lloyddonnelly.co.uk
[04:06:09]   ✓ Lloyddonnelly
[04:06:09]   [Progress saved: 560 total leads]
[04:06:13] [561/649] www.princevisa.com
[04:06:14]   ✓ Prince Visa Service | ph:02077301207 | em:info@princevisa.com | 5★ | 1243 reviews | London
[04:06:19] [562/649] eurowinsolutions.com
[04:06:19]   ✓ EuroWin Solutions | ph:02030869209 | em:contact@eurowinsolutions.com | 5★ | 591 reviews | LONDON
[04:06:23] [563/649] bridgepartnersuk.com
[04:06:25]   ✓ Bridge Partners Immigration | ph:02033973897 | em:info@bridgepartnersuk.com | 4.9★ | 133 reviews | London
[04:06:28] [564/649] anchorless.io
[04:06:28]   ✓ AnchorLess | em:contact@anchorless.io | 4.8★ | 1167 reviews | London
[04:06:31] [565/649] faranitaylor.com
[04:06:32]   ✓ Farani Taylor | ph:02072421666 | em:enquiries@faranitaylor.com | 4.8★ | 439 reviews | London
[04:06:36] [566/649] englishexamcentre.com
[04:06:36]   ✓ English Exam Centre  | ph:07399722921 | em:selt@englishexamcentre.com | 4.5★ | 838 reviews | London 
[04:06:40] [567/649] move2thai.com
[04:06:40]   ✓ Move2Thai | 4.2★ | 6 reviews
[04:06:43] [568/649] settledimmigration.co.uk
[04:06:44]   ✓ Settled Immigration Limited | ph:+44 7777796449 | em:admin@settledimmigration.co.uk | 4★ | 3 reviews | Sandy
[04:06:47] [569/649] ukimmigrationpathways.co.uk
[04:06:47]   ✓ UK Immigration Pathways  | ph:0121 812 6600 | em:info@ukimmigrationpathways.co.uk | 4★ | 3 reviews | Birmingham
[04:06:51] [570/649] chargesolutions.co.uk
[04:06:52]   ✓ Chargesolutions | 3.7★ | 1 reviews
[04:06:55] [571/649] mayfairimmigration.co.uk
[04:06:56]   ✓ Mayfair Immigration | ph:0203 468 4741 | em:hello@mayfairimmigration.co.uk | 4.9★ | 196 reviews | London
[04:06:59] [572/649] amtlawyers.co.uk
[04:07:00]   ✓ AMT Lawyers | ph:01254 698317 | em:info@amtlawyers.co.uk | 4.9★ | 179 reviews | Blackburn
[04:07:04] [573/649] lawlex.co.uk
[04:07:04]   ✓ Lawlex Solicitors | ph:020 3432 7706 | em:info@lawlex.co.uk | 4.9★ | 133 reviews | 122 Leadenhall St
[04:07:08] [574/649] ukvisaworks.com
[04:07:08]   ✓ UK Visa Works | ph:08452242516 | em:info@ukvisaworks.com | 4.8★ | 124 reviews | London
[04:07:12] [575/649] westlandmark.com
[04:07:12]   ✓ Westland Mark | ph:07305464777 | em:info@westlandmark.com | 4.8★ | 111 reviews | London
[04:07:16] [576/649] nexusvisas.co.uk
[04:07:16]   ✓ Nexus Visas and Immigration | ph:0203 598 7413 | em:immigration@nexusvisas.co.uk | 4.8★ | 67 reviews | New Malden
[04:07:20] [577/649] praia.club
[04:07:21]   ✓ European Odyssey | ph:+44 7487325199 | em:hello@europeanodyssey.com | 4.8★ | 60 reviews | London
[04:07:24] [578/649] thequeensburygroup.com
[04:07:25]   ✓ Queensbury | ph:02070962041 | em:info@thequeensburygroup.com | 4.7★ | 34 reviews | Milton keynes
[04:07:29] [579/649] sortielegal.com
[04:07:29]   ✓ Sortie Legal | ph:+44 7943989438 | em:info@sortielegal.com | 4.7★ | 28 reviews | LONDON
[04:07:34] [580/649] www.gbsimmigration.com
[04:07:34]   ✓ GBS UK Immigration | ph:02392658262 | em:info@gbsimmigration.com | 4.7★ | 23 reviews | Portsmouth
[04:07:34]   [Progress saved: 580 total leads]
[04:07:39] [581/649] y-axis.co.uk
[04:07:40]   ✓ Y Axis UK | ph:+44 1253226009 | em:info@y-axis.co.uk | 4.6★ | 162 reviews | Southampton
[04:07:43] [582/649] hexedes.com
[04:07:43]   ✓ Hexedes Group Ltd | em:info@hexedes.com  | 4.6★ | 70 reviews | London
[04:07:48] [583/649] vira.co.uk
[04:07:48]   ✓ Vira International Limited | ph:02088635811 | em:info@vira.co.uk | 4.6★ | 27 reviews | London
[04:07:53] [584/649] premiervisas.com
[04:07:54]   ✓ Premier Visas | ph:+44 02077887812 | em:enquiry@premiervisas.com | 4.6★ | 24 reviews | London
[04:07:57] [585/649] coventrystreet.co.uk
[04:07:58]   ✓ Coventry Street Advisors | ph:+44 7458148355 | em:enquiries@coventrystreet.co.uk | 4.6★ | 18 reviews | London
[04:08:02] [586/649] enrichyourcareer.com
[04:08:03]   ✓ Enrich Your Career Ltd | ph:07898447829 | em:info@enrichyourcareer.com | 4.6★ | 17 reviews
[04:08:06] [587/649] www.visapositive.com
[04:08:07]   ✓ Visa Positive | em:visa@visapositive.com | 4.5★ | 72 reviews
[04:08:12] [588/649] getmynif.com
[04:08:12]   ✓ Getmynif.com
[04:08:16] [589/649] emigral.uk
[04:08:16]   ✓ Emigral | ph:07442549908 | em:sunny@emigral.uk | 4.5★ | 13 reviews | London
[04:08:19] [590/649] secureaccountsltd.co.uk
[04:08:19]   ✓ Secure Accounts Limited | ph:01212852534 | em:info@secureaccountsltd.co.uk | 4.5★ | 13 reviews | Birmingham
[04:08:23] [591/649] cypruscitizenships.com
[04:08:24]   ✓ Cyprus Citizenships | ph:+44 7757165715 | em:info@cypruscitizenships.com | 4.4★ | 19 reviews | Cardiff
[04:08:27] [592/649] linkanddaylawyers.co.uk
[04:08:27]   ✓ Linkanddaylawyers | ph:0044 7471 588460 | em:inquiry@linkanddaylawyers.co.uk | 4.4★ | 11 reviews | London
[04:08:31] [593/649] afmgreece.com
[04:08:32]   ✓ AFM Greece | em:hello@afmgreece.com | 4.3★ | 11 reviews
[04:08:36] [594/649] cypriotbydescent.co.uk
[04:08:36]   ✓ Cypriot By Descent | ph:+44 7356262809 | em:info@cypriotbydescent.co.uk | 4.3★ | 8 reviews | London
[04:08:40] [595/649] fuwment.co.uk
[04:08:40]   ✓ Fuwment | ph:07756967350 | em:info@fuwment.co.uk | 4.3★ | 8 reviews | Manchester
[04:08:44] [596/649] evisacompany.com
[04:08:44]   ✓ eVisa Company | ph:+44 7365605601 | em:info@evisacompany.com | 4.3★ | 8 reviews | London
[04:08:47] [597/649] sterling-law.co.uk
[04:08:48]   ✓ Sterling & Law Associates | 4.2★ | 123 reviews | London
[04:08:51] [598/649] sterlingmigration.com
[04:08:52]   ✓ Sterling Migration | ph:0238 212 5504 | em:admin@sterlingmigration.com | 4.2★ | 11 reviews | London
[04:08:56] [599/649] lawyer365.co.uk
[04:08:56]   ✓ Lawyer 365 - Lawyers by Video App | ph:0121 274 2313 | em:hello@lawyer365.co.uk | 4.2★ | 8 reviews | Stratford Upon Avon
[04:09:01] [600/649] aneasyvisa.co.uk
[04:09:01]   ✓ An Easy Visa Ltd | ph:0207 193 1996 | em:info@easy-visa.co.uk | 4.1★ | 5 reviews | London
[04:09:01]   [Progress saved: 600 total leads]
[04:09:04] [601/649] aspenoverseas.com
[04:09:05]   ✓ Aspen Overseas Immigration  | ph:07946226790 | em:info@aspenoverseas.com | 4.1★ | 5 reviews | London
[04:09:08] [602/649] skylitevisa.com
[04:09:08]   ✓ Skylite Visa | ph:02080904515 | em:accounts@skylitevisa.com | 4.1★ | 5 reviews | London
[04:09:11] [603/649] mi-immigration-advice.com
[04:09:12]   ✓ DOES NOT EXIST ANYMORE. | 4.1★ | 5 reviews
[04:09:16] [604/649] irishcitizenshiphelper.com
[04:09:17]   ✓ Irish Citizenship Helper | em:hello@irishcitizenshiphelper.com | 4.1★ | 5 reviews
[04:09:20] [605/649] mvcglaw.co.uk
[04:09:21]   ✓ MVCG LAW | ph:07427677807 | em:info@mvcglaw.co.uk | 4★ | 5 reviews | London
[04:09:24] [606/649] thetaxgeeks.co.uk
[04:09:25]   ✓ The Tax Geeks Limited | ph:020 4634 0444 | em:info@thetaxgeeks.co.uk | 4★ | 4 reviews | London 
[04:09:29] [607/649] guardianimmigration.co.uk
[04:09:30]   ✓ Guardian Immigration | ph:07888000430 | em:info@guardianimmigration.co.uk | 4★ | 4 reviews | London
[04:09:34] [608/649] hextonslaw.com
[04:09:34]   ✓ Hextons Law LTD | ph:01582201911 | em:info@hextonslaw.com | 4★ | 3 reviews | Luton
[04:09:38] [609/649] haleemachambers.co.uk
[04:09:38]   ✓ HALEEMA IMMIGRATION CHAMBERS | ph:07368 366984 | em:info@haleemachambers.co.uk | 4★ | 3 reviews | ASHFORD
[04:09:42] [610/649] safebridgeimmigration.co.uk
[04:09:43]   ✓ Safebridge Immigration Services  | ph:+44 7776916787 | em:info@safebridgeimmigration.co.uk | 4★ | 3 reviews | London
[04:09:47] [611/649] salmovisa.com
[04:09:47]   ✓ Salmo Visa | em:amber@salmovisa.com | 3.9★ | 8 reviews
[04:09:50] [612/649] migration-advice.com
[04:09:50]   ✓ Migration Advice Australia | em:margot@migration-advice.com | 3.8★ | 2 reviews | Winchester
[04:09:55] [613/649] www.mandarinvisa.co.uk
[04:09:55]   ✓ Mandarinvisa | 3.8★ | 2 reviews
[04:10:00] [614/649] www.homewise-environmental.com
[04:10:00]   ✓ Homewise Environmental | 3.7★ | 1 reviews
[04:10:03] [615/649] globaltax.services
[04:10:04]   ✓ Global Mobility Tax Services | em:info@globaltax.services | 3.7★ | 1 reviews | London
[04:10:07] [616/649] immiggreat.com
[04:10:07]   ✓ Immiggreat | 3.7★ | 1 reviews
[04:10:11] [617/649] globalease.co.uk
[04:10:12]   ✓ Globalease | ph:+44 7378160814 | em:info@globalease.co.uk | 3.7★ | 1 reviews | London
[04:10:16] [618/649] oceanicfinance.uk
[04:10:17]   ✓ Oceanicfinance | 3.6★ | 2 reviews
[04:10:21] [619/649] kewalion.co.uk
[04:10:22]   ✓ Kewalion & Co Solicitors
[04:10:26] [620/649] consultantservice.co.uk
[04:10:26]   ✓ BG КОНСУЛТАНТСКИ УСЛУГИ В ОБЕДИНЕНОТО КРАЛСТВО | ph:+44 7780242982 | em:contact@consultantservice.co.uk | London
[04:10:26]   [Progress saved: 620 total leads]
[04:10:30] [621/649] www.vazirgroup.com
[04:10:30]   ✓ vazirgroup.com | 3.2★ | 4 reviews
[04:10:34] [622/649] metinukvisa.com
[04:10:34]   ✓ Metin UK Visa Solutions | ph:07999007686 | em:metelondon@outlook.com | 3★ | 9 reviews | ESSEX
[04:10:39] [623/649] www.xiphiasimmigration.com
[04:10:39]   ✓ XIPHIAS Immigration | 2.9★ | 5 reviews
[04:10:43] [624/649] ukgvs.com
[04:10:44]   ✓ UK Global Visa Services | ph:+44 1172051746 | em:support@ukgvs.com | 2.7★ | 128 reviews | Bristol
[04:10:48] [625/649] www.horizonimmigrations.com
[04:10:49]   ✓ horizonimmigrations.com | ph:+44 2038372970 | em:info@horizonimmigrations.com | 2.7★ | 4 reviews | London
[04:10:54] [626/649] www.dvsolicitors.com
[04:10:54]   ✓ DV Solicitors | ph:+44 1234350244 | em:info@dvsolicitors.com | 2.6★ | 13 reviews | Bedford
[04:10:58] [627/649] shehzadlaw.co.uk
[04:10:59]   ✓ Shehzad Law Chambers Ltd
[04:11:03] [628/649] gyawilliams.co.uk
[04:11:03]   ✓ Gya Williams Immigration | ph:0117 205 0177 | em:info@gyawilliams.co.uk | Bristol
[04:11:06] [629/649] simmigrate.com
[04:11:07]   ✓ Simmigrate | ph:+44 02034323219 | em:contact@simmigrate.com | London
[04:11:10] [630/649] ivservices.co.uk
[04:11:11]   ✓ IVS Immigration & Visa Services | ph:0800 772 0820 | em:dev@ivservices.co.uk | Hayes
[04:11:14] [631/649] evisaimmigration.com
[04:11:15]   ✓ evisaimmigration.com
[04:11:19] [632/649] nexusvisas.com
[04:11:20]   ✓ Nexus Visas | ph:02086385532 | em:enquiries@nexusvisas.com | London
[04:11:24] [633/649] petrovchik.com
[04:11:24]   ✓ Petrovchik | ph:+44 7360270092 | em:info@petrovchik.com
[04:11:28] [634/649] migrate.london
[04:11:29]   ✓ Migrate | em:hello@migrate.london | London
[04:11:32] [635/649] londonpioneer.co.uk
[04:11:32]   ✓ LONDON PIONEER COLLEGE | ph:02085940036 | em:info@londonpioneer.co.uk | Barking
[04:11:36] [636/649] nmils.com
[04:11:36]   ✓ N & M Immigration Lawyers | ph:01707707626 | em:info@nmils.com | Welwyn Garden City
[04:11:41] [637/649] resinaro.com
[04:11:41]   ✓ Resinaro | em:resinaro@proton.me | Leeds
[04:11:46] [638/649] eceyilmaz.co.uk
[04:11:46]   ✓ Eceyilmaz | ph:+44 7933209197 | em:info@eceyilmaz.co.uk | London
[04:11:49] [639/649] www.goldenvisas.com
[04:11:49]   ✓ Goldenvisas
[04:11:54] [640/649] www.vgandpartners.com
[04:11:55]   ✓ vgandpartners.com
[04:11:55]   [Progress saved: 640 total leads]
[04:11:59] [641/649] davidparley.co.uk
[04:11:59]   ✓ David Parley | ph:07579 566666 | em:info@davidparley.co.uk | London
[04:12:03] [642/649] yourdualcitizenship.com
[04:12:04]   ✓ Yourdualcitizenship | em:Support@yourdualcitizenship.com
[04:12:08] [643/649] visaprofessionals.com
[04:12:08]   ✓ Visa Professionals Immigration Lawyers | London
[04:12:11] [644/649] biroudeorice.co.uk
[04:12:12]   ✓ Biroudeorice | ph:07505708214 | em:info@biroudeorice.co.uk | Edinburgh, United Kingdom
[04:12:16] [645/649] southgatehill.co.uk
[04:12:16]   ✓ Southgatehill | ph:02035769360 | em:info@southgatehill.co.uk | London
[04:12:19] [646/649] ukvisas.co.uk
[04:12:20]   ✓ UK Visas | Rudgwick
[04:12:24] [647/649] selectvisaservices.co.uk
[04:12:24]   ✓ Select Visa Services | ph:01179736801 | em:info@selectvisaservices.co.uk | Clifton, Bristol
[04:12:27] [648/649] ahjimmigration.co.uk
[04:12:28]   ✓ AHJ Immigration | ph:01218282224 | em:Hello@ahjimmigration.co.uk | Birmingham
[04:12:32] [649/649] hubblebubble.club
[04:12:33]   ✓ Hubble Bubble - Career Counselling for Overseas Education | ph:+44 07904800485 | em:jevinzac@hubblebubble.uk.com | Edinburgh
[04:12:37] 
[04:12:37] ════════════════════════════════════════════════════════════
[04:12:37] DONE
[04:12:37] Profiles scraped: 649 (0 errors)
[04:12:37] Total unique leads: 649
[04:12:37] With phone: 383
[04:12:37] With email: 423
[04:12:37] With website: 649
[04:12:37] With rating: 470 (avg: 4.01)
[04:12:37] With parsed name: 86
[04:12:37] Countries: US, IN, SI, PY, ES, UK, GY, FR, CA, AE
[04:12:37] Unique cities: 174
[04:12:37] Output: /Users/fardeenchoudhury/mortar-lead-scraper/output/immigration-firms-trustpilot.csv
