[19:30:50] === UK Education Consultants & Agents Scraper ===
[19:30:50] Mode: FULL
[19:30:50] Source filter: all
[19:30:50] Output: /Users/fardeenchoudhury/mortar-lead-scraper/output/uk-education-consultants-extra.csv
[19:30:50] 
=== Source 1: AEGIS Guardianship Organisations ===
[19:30:50]   Fetching https://aegisuk.net/organisations/
[19:30:51]   Found 66 guardianship orgs with full data (see-more-trigger)
[19:30:51]   Guardianship orgs: 66
[19:30:51]   Schools/colleges: 298
[19:30:51]   AEGIS total: 364 leads (166 with email, 345 with phone)
[19:30:51]   -> aegis: 364 leads
[19:30:51]   -> Saved 364 total leads to CSV
[19:30:51] 
=== Source 2: English UK Partner Agency Directory ===
[19:30:51]   Page 1/13
[19:30:52]     20 agencies
[19:30:55]   Page 2/13
[19:30:55]     20 agencies
[19:30:58]   Page 3/13
[19:30:58]     20 agencies
[19:31:01]   Page 4/13
[19:31:01]     20 agencies
[19:31:04]   Page 5/13
[19:31:04]     20 agencies
[19:31:07]   Page 6/13
[19:31:07]     20 agencies
[19:31:09]   Page 7/13
[19:31:10]     20 agencies
[19:31:12]   Page 8/13
[19:31:13]     20 agencies
[19:31:15]   Page 9/13
[19:31:16]     20 agencies
[19:31:18]   Page 10/13
[19:31:19]     20 agencies
[19:31:21]   Page 11/13
[19:31:22]     20 agencies
[19:31:25]   Page 12/13
[19:31:25]     20 agencies
[19:31:27]   Page 13/13
[19:31:27]     8 agencies
[19:31:30]   English UK total: 248 leads (248 with email)
[19:31:30]   -> englishuk: 248 leads
[19:31:30]   -> Saved 612 total leads to CSV
[19:31:30] 
=== Source 3: Education Agents Guide (UK) ===
[19:31:30]   Phase 1: Fetching agent index
[19:31:30]   Found 1957 agent profile links
[19:31:30]   Phase 2: Fetching 1957 profile pages...
[19:33:41]   Progress: 50/1957 (50 leads, 43 emails, 1 errors)
[19:59:55]     Checkpoint: 100 leads saved (100/1957)
[19:59:57]   Progress: 100/1957 (100 leads, 89 emails, 2 errors)
[20:02:13]   Progress: 150/1957 (150 leads, 125 emails, 3 errors)
[20:04:25]     Checkpoint: 200 leads saved (200/1957)
[20:04:28]   Progress: 200/1957 (200 leads, 154 emails, 3 errors)
[20:06:42]   Progress: 250/1957 (250 leads, 204 emails, 3 errors)
[20:08:49]     Checkpoint: 300 leads saved (300/1957)
[20:08:51]   Progress: 300/1957 (300 leads, 228 emails, 3 errors)
[20:11:05]   Progress: 350/1957 (350 leads, 239 emails, 3 errors)
[20:13:13]     Checkpoint: 400 leads saved (400/1957)
[20:13:16]   Progress: 400/1957 (400 leads, 249 emails, 3 errors)
[20:15:29]   Progress: 450/1957 (450 leads, 281 emails, 3 errors)
[20:17:40]     Checkpoint: 500 leads saved (500/1957)
[20:17:43]   Progress: 500/1957 (500 leads, 293 emails, 3 errors)
[20:19:55]   Progress: 550/1957 (550 leads, 295 emails, 3 errors)
[20:22:03]     Checkpoint: 600 leads saved (600/1957)
[20:22:06]   Progress: 600/1957 (600 leads, 330 emails, 3 errors)
[20:24:18]   Progress: 650/1957 (650 leads, 373 emails, 3 errors)
[20:26:30]     Checkpoint: 700 leads saved (700/1957)
[20:26:33]   Progress: 700/1957 (700 leads, 414 emails, 4 errors)
[20:28:43]   Progress: 750/1957 (750 leads, 457 emails, 4 errors)
[20:30:49]     Checkpoint: 800 leads saved (800/1957)
[20:30:52]   Progress: 800/1957 (800 leads, 507 emails, 4 errors)
[20:33:03]   Progress: 850/1957 (850 leads, 551 emails, 4 errors)
[20:35:13]     Checkpoint: 900 leads saved (900/1957)
[20:35:16]   Progress: 900/1957 (900 leads, 596 emails, 5 errors)
[20:37:27]   Progress: 950/1957 (950 leads, 633 emails, 5 errors)
[20:39:35]     Checkpoint: 1000 leads saved (1000/1957)
[20:39:37]   Progress: 1000/1957 (1000 leads, 671 emails, 5 errors)
[20:41:48]   Progress: 1050/1957 (1050 leads, 717 emails, 5 errors)
[20:43:55]     Checkpoint: 1100 leads saved (1100/1957)
[20:43:58]   Progress: 1100/1957 (1100 leads, 761 emails, 5 errors)
[20:46:09]   Progress: 1150/1957 (1150 leads, 807 emails, 5 errors)
[20:48:17]     Checkpoint: 1200 leads saved (1200/1957)
[20:48:20]   Progress: 1200/1957 (1200 leads, 851 emails, 5 errors)
[20:50:32]   Progress: 1250/1957 (1250 leads, 897 emails, 5 errors)
[20:52:42]     Checkpoint: 1300 leads saved (1300/1957)
[20:52:44]   Progress: 1300/1957 (1300 leads, 936 emails, 6 errors)
[20:55:00]   Progress: 1350/1957 (1350 leads, 976 emails, 6 errors)
[20:57:08]     Checkpoint: 1400 leads saved (1400/1957)
[20:57:11]   Progress: 1400/1957 (1400 leads, 1021 emails, 6 errors)
[20:59:21]   Progress: 1450/1957 (1450 leads, 1056 emails, 6 errors)
[21:01:31]     Checkpoint: 1500 leads saved (1500/1957)
[21:01:33]   Progress: 1500/1957 (1500 leads, 1094 emails, 8 errors)
[21:03:43]   Progress: 1550/1957 (1550 leads, 1114 emails, 10 errors)
[21:05:49]     Checkpoint: 1600 leads saved (1600/1957)
[21:05:51]   Progress: 1600/1957 (1600 leads, 1125 emails, 10 errors)
[21:08:01]   Progress: 1650/1957 (1650 leads, 1173 emails, 10 errors)
[21:10:09]     Checkpoint: 1700 leads saved (1700/1957)
[21:10:11]   Progress: 1700/1957 (1700 leads, 1221 emails, 10 errors)
[21:12:24]   Progress: 1750/1957 (1750 leads, 1271 emails, 10 errors)
[21:14:35]     Checkpoint: 1800 leads saved (1800/1957)
[21:14:37]   Progress: 1800/1957 (1800 leads, 1320 emails, 10 errors)
[21:16:48]   Progress: 1850/1957 (1850 leads, 1369 emails, 10 errors)
[21:19:01]     Checkpoint: 1900 leads saved (1900/1957)
[21:19:04]   Progress: 1900/1957 (1900 leads, 1419 emails, 10 errors)
[21:21:16]   Progress: 1950/1957 (1950 leads, 1468 emails, 11 errors)
[21:21:34]   EdAgentsGuide total: 1957 leads (1475 with email, 11 errors)
[21:21:34]   -> edagents: 1957 leads
[21:21:34]   -> Saved 2569 total leads to CSV
[21:21:34] 
=== Source 4: UKCISA Member Institutions ===
[21:21:34]   Fetching https://www.ukcisa.org.uk/Membership/List-of-current-members
[21:21:35]     Found 389 member institutions
[21:21:35]   UKCISA total: 389 leads
[21:21:35]   -> ukcisa: 389 leads
[21:21:35]   -> Saved 2958 total leads to CSV
[21:21:35] 
=== Source 5: QAA Provider Search ===
[21:21:35]   Page 1/15
[21:21:36]     9 providers
[21:21:38]   Page 2/15
[21:21:39]     9 providers
[21:21:42]   Page 3/15
[21:21:42]     9 providers
[21:21:45]   Page 4/15
[21:21:45]     9 providers
[21:21:48]   Page 5/15
[21:21:48]     9 providers
[21:21:51]   Page 6/15
[21:21:51]     9 providers
[21:21:54]   Page 7/15
[21:21:55]     9 providers
[21:21:57]   Page 8/15
[21:21:58]     9 providers
[21:22:01]   Page 9/15
[21:22:01]     9 providers
[21:22:04]   Page 10/15
[21:22:05]     9 providers
[21:22:07]   Page 11/15
[21:22:08]     9 providers
[21:22:11]   Page 12/15
[21:22:11]     9 providers
[21:22:14]   Page 13/15
[21:22:14]     1 providers
[21:22:16]   Page 14/15
[21:22:17]     1 providers
[21:22:19]   Page 15/15
[21:22:19]     1 providers
[21:22:22]   QAA total: 100 leads
[21:22:22]   -> qaa: 100 leads
[21:22:22]   -> Saved 3058 total leads to CSV
[21:22:22] 
============================================================
[21:22:22] DONE
[21:22:22] Total leads: 2885 (from 3058 raw)
[21:22:22]   With email: 1726
[21:22:22]   With phone: 2282
[21:22:22]   With website: 2362
[21:22:22] 
By source:
[21:22:22]   edagentsguide: 1785
[21:22:22]   ukcisa: 389
[21:22:22]   aegis: 363
[21:22:22]   englishuk: 248
[21:22:22]   qaa: 100
[21:22:22] 
By country:
[21:22:22]   UK: 2637
[21:22:22]   United Kingdom: 75
[21:22:22]   Unknown: 22
[21:22:22]   Italy: 20
[21:22:22]   Turkey: 20
[21:22:22]   Saudi Arabia: 10
[21:22:22]   Argentina: 9
[21:22:22]   China: 9
[21:22:22]   Spain: 8
[21:22:22]   Russia: 8
[21:22:22]   Brazil: 6
[21:22:22]   Ukraine: 6
[21:22:22]   France: 6
[21:22:22]   Switzerland: 5
[21:22:22]   Portugal: 5
[21:22:22] 
Output: /Users/fardeenchoudhury/mortar-lead-scraper/output/uk-education-consultants-extra.csv
