[04:40:08] Visa/Immigration Directory Scraper
[04:40:08] Mode: FULL (all states)
[04:40:08] Sources: FindAnImmigrationAttorney.com, ImmigrationAdvocates.org, MurthyLaw.com, Top Firms
[04:40:08] Output: /Users/fardeenchoudhury/mortar-lead-scraper/output/immigration-lawyers-visa-directories.csv
[04:40:08] 
[04:40:08] 
[04:40:08] === Source 1: FindAnImmigrationAttorney.com ===
[04:40:08] [FAIA 1/51] Alabama (AL)
[04:40:11]   AL: 3 new leads
[04:40:11] [FAIA 2/51] Alaska (AK)
[04:40:14]   AK: 2 new leads
[04:40:14] [FAIA 3/51] Arizona (AZ)
[04:40:17]   AZ: 20 new leads
[04:40:17] [FAIA 4/51] Arkansas (AR)
[04:40:20]   AR: 5 new leads
[04:40:20] [FAIA 5/51] California (CA)
[04:40:50]   CA: 255 new leads
[04:40:50] [FAIA 6/51] Colorado (CO)
[04:40:55]   CO: 33 new leads
[04:40:55] [FAIA 7/51] Connecticut (CT)
[04:40:58]   CT: 16 new leads
[04:40:58] [FAIA 8/51] Delaware (DE)
[04:41:01]   DE: 1 new leads
[04:41:01] [FAIA 9/51] District of Columbia (DC)
[04:41:01]   HTTP 404 - no page for District of Columbia
[04:41:01]   DC: 0 new leads
[04:41:01] [FAIA 10/51] Florida (FL)
[04:41:21]   FL: 168 new leads
[04:41:21] [FAIA 11/51] Georgia (GA)
[04:41:29]   GA: 32 new leads
[04:41:29] [FAIA 12/51] Hawaii (HI)
[04:41:31]   Timeout, retrying...
[04:41:32]   HI: 10 new leads
[04:41:32] [FAIA 13/51] Idaho (ID)
[04:41:35]   ID: 1 new leads
[04:41:35] [FAIA 14/51] Illinois (IL)
[04:41:44]   IL: 56 new leads
[04:41:44] [FAIA 15/51] Indiana (IN)
[04:41:47]   IN: 13 new leads
[04:41:47] [FAIA 16/51] Iowa (IA)
[04:41:50]   IA: 4 new leads
[04:41:50] [FAIA 17/51] Kansas (KS)
[04:41:53]   KS: 4 new leads
[04:41:53] [FAIA 18/51] Kentucky (KY)
[04:41:55]   KY: 6 new leads
[04:41:55] [FAIA 19/51] Louisiana (LA)
[04:41:57]   LA: 6 new leads
[04:41:57] [FAIA 20/51] Maine (ME)
[04:42:00]   ME: 4 new leads
[04:42:00] [FAIA 21/51] Maryland (MD)
[04:42:04]   Timeout, retrying...
[04:42:06]   MD: 34 new leads
[04:42:06] [FAIA 22/51] Massachusetts (MA)
[04:42:15]   MA: 66 new leads
[04:42:15] [FAIA 23/51] Michigan (MI)
[04:42:18]   MI: 21 new leads
[04:42:18] [FAIA 24/51] Minnesota (MN)
[04:42:21]   MN: 21 new leads
[04:42:21] [FAIA 25/51] Mississippi (MS)
[04:42:24]   MS: 1 new leads
[04:42:24] [FAIA 26/51] Missouri (MO)
[04:42:27]   MO: 16 new leads
[04:42:27] [FAIA 27/51] Montana (MT)
[04:42:29]   MT: 2 new leads
[04:42:29] [FAIA 28/51] Nebraska (NE)
[04:42:32]   NE: 7 new leads
[04:42:32] [FAIA 29/51] Nevada (NV)
[04:42:35]   NV: 25 new leads
[04:42:35] [FAIA 30/51] New Hampshire (NH)
[04:42:37]   Timeout, retrying...
[04:42:39]   NH: 3 new leads
[04:42:39] [FAIA 31/51] New Jersey (NJ)
[04:42:44]   NJ: 45 new leads
[04:42:44] [FAIA 32/51] New Mexico (NM)
[04:42:47]   NM: 3 new leads
[04:42:47] [FAIA 33/51] New York (NY)
[04:43:01]   NY: 103 new leads
[04:43:01] [FAIA 34/51] North Carolina (NC)
[04:43:08]   NC: 32 new leads
[04:43:08] [FAIA 35/51] North Dakota (ND)
[04:43:11]   ND: 1 new leads
[04:43:11] [FAIA 36/51] Ohio (OH)
[04:43:17]   OH: 36 new leads
[04:43:17] [FAIA 37/51] Oklahoma (OK)
[04:43:21]   OK: 1 new leads
[04:43:21] [FAIA 38/51] Oregon (OR)
[04:43:25]   OR: 14 new leads
[04:43:25] [FAIA 39/51] Pennsylvania (PA)
[04:43:32]   PA: 32 new leads
[04:43:32] [FAIA 40/51] Rhode Island (RI)
[04:43:34]   RI: 2 new leads
[04:43:34] [FAIA 41/51] South Carolina (SC)
[04:43:36]   SC: 3 new leads
[04:43:36] [FAIA 42/51] South Dakota (SD)
[04:43:40]   SD: 25 new leads
[04:43:40] [FAIA 43/51] Tennessee (TN)
[04:43:43]   TN: 19 new leads
[04:43:43] [FAIA 44/51] Texas (TX)
[04:43:59]   TX: 124 new leads
[04:43:59] [FAIA 45/51] Utah (UT)
[04:44:02]   UT: 3 new leads
[04:44:02] [FAIA 46/51] Vermont (VT)
[04:44:05]   VT: 0 new leads
[04:44:05] [FAIA 47/51] Virginia (VA)
[04:44:14]   VA: 52 new leads
[04:44:14] [FAIA 48/51] Washington (WA)
[04:44:21]   WA: 50 new leads
[04:44:21] [FAIA 49/51] West Virginia (WV)
[04:44:24]   WV: 0 new leads
[04:44:24] [FAIA 50/51] Wisconsin (WI)
[04:44:27]   WI: 17 new leads
[04:44:27] [FAIA 51/51] Wyoming (WY)
[04:44:30]   WY: 0 new leads
[04:44:30] FindAnImmigrationAttorney.com total: 1397 leads
[04:44:30] [Progress saved: 1397 leads after Source 1]
[04:44:30] 
[04:44:30] === Source 2: ImmigrationAdvocates.org ===
[04:44:30] [IAN 1/51] Alabama (AL)
[04:44:33]   AL: 7 new leads
[04:44:33] [IAN 2/51] Alaska (AK)
[04:44:35]   AK: 2 new leads
[04:44:35] [IAN 3/51] Arizona (AZ)
[04:44:42]   AZ: 22 new leads
[04:44:42] [IAN 4/51] Arkansas (AR)
[04:44:45]   AR: 4 new leads
[04:44:45] [IAN 5/51] California (CA)
[04:45:19]   CA: 214 new leads
[04:45:19] [IAN 6/51] Colorado (CO)
[04:45:22]   CO: 19 new leads
[04:45:22] [IAN 7/51] Connecticut (CT)
[04:45:29]   CT: 28 new leads
[04:45:29] [IAN 8/51] Delaware (DE)
[04:45:32]   DE: 6 new leads
[04:45:32] [IAN 9/51] District of Columbia (DC)
[04:45:35]   DC: 17 new leads
[04:45:35] [IAN 10/51] Florida (FL)
[04:45:45]   FL: 58 new leads
[04:45:45] [IAN 11/51] Georgia (GA)
[04:45:48]   GA: 16 new leads
[04:45:48] [IAN 12/51] Hawaii (HI)
[04:45:51]   HI: 5 new leads
[04:45:51] [IAN 13/51] Idaho (ID)
[04:45:55]   ID: 7 new leads
[04:45:55] [IAN 14/51] Illinois (IL)
[04:46:05]   IL: 56 new leads
[04:46:05] [IAN 15/51] Indiana (IN)
[04:46:09]   IN: 17 new leads
[04:46:09] [IAN 16/51] Iowa (IA)
[04:46:12]   IA: 18 new leads
[04:46:12] [IAN 17/51] Kansas (KS)
[04:46:15]   KS: 8 new leads
[04:46:15] [IAN 18/51] Kentucky (KY)
[04:46:18]   KY: 19 new leads
[04:46:18] [IAN 19/51] Louisiana (LA)
[04:46:21]   LA: 11 new leads
[04:46:21] [IAN 20/51] Maine (ME)
[04:46:24]   ME: 3 new leads
[04:46:24] [IAN 21/51] Maryland (MD)
[04:46:29]   MD: 23 new leads
[04:46:29] [IAN 22/51] Massachusetts (MA)
[04:46:38]   MA: 41 new leads
[04:46:38] [IAN 23/51] Michigan (MI)
[04:46:45]   MI: 38 new leads
[04:46:45] [IAN 24/51] Minnesota (MN)
[04:46:51]   MN: 24 new leads
[04:46:51] [IAN 25/51] Mississippi (MS)
[04:46:54]   MS: 4 new leads
[04:46:54] [IAN 26/51] Missouri (MO)
[04:46:58]   MO: 13 new leads
[04:46:58] [IAN 27/51] Montana (MT)
[04:47:01]   MT: 1 new leads
[04:47:01] [IAN 28/51] Nebraska (NE)
[04:47:03]   NE: 12 new leads
[04:47:03] [IAN 29/51] Nevada (NV)
[04:47:06]   NV: 10 new leads
[04:47:06] [IAN 30/51] New Hampshire (NH)
[04:47:09]   NH: 3 new leads
[04:47:09] [IAN 31/51] New Jersey (NJ)
[04:47:16]   NJ: 34 new leads
[04:47:16] [IAN 32/51] New Mexico (NM)
[04:47:20]   NM: 8 new leads
[04:47:20] [IAN 33/51] New York (NY)
[04:47:49]   NY: 178 new leads
[04:47:49] [IAN 34/51] North Carolina (NC)
[04:47:55]   NC: 37 new leads
[04:47:55] [IAN 35/51] North Dakota (ND)
[04:47:58]   ND: 3 new leads
[04:47:58] [IAN 36/51] Ohio (OH)
[04:48:05]   OH: 23 new leads
[04:48:05] [IAN 37/51] Oklahoma (OK)
[04:48:11]   OK: 26 new leads
[04:48:11] [IAN 38/51] Oregon (OR)
[04:48:15]   OR: 17 new leads
[04:48:15] [IAN 39/51] Pennsylvania (PA)
[04:48:22]   PA: 24 new leads
[04:48:22] [IAN 40/51] Rhode Island (RI)
[04:48:24]   RI: 5 new leads
[04:48:24] [IAN 41/51] South Carolina (SC)
[04:48:27]   SC: 20 new leads
[04:48:27] [IAN 42/51] South Dakota (SD)
[04:48:30]   SD: 4 new leads
[04:48:30] [IAN 43/51] Tennessee (TN)
[04:48:33]   TN: 17 new leads
[04:48:33] [IAN 44/51] Texas (TX)
[04:48:50]   TX: 98 new leads
[04:48:50] [IAN 45/51] Utah (UT)
[04:48:53]   UT: 6 new leads
[04:48:53] [IAN 46/51] Vermont (VT)
[04:48:56]   VT: 2 new leads
[04:48:56] [IAN 47/51] Virginia (VA)
[04:49:03]   VA: 23 new leads
[04:49:03] [IAN 48/51] Washington (WA)
[04:49:08]   WA: 33 new leads
[04:49:08] [IAN 49/51] West Virginia (WV)
[04:49:11]   WV: 5 new leads
[04:49:11] [IAN 50/51] Wisconsin (WI)
[04:49:14]   WI: 15 new leads
[04:49:14] [IAN 51/51] Wyoming (WY)
[04:49:18]   WY: 3 new leads
[04:49:18] ImmigrationAdvocates.org total: 1287 leads
[04:49:18] [Progress saved: 2684 leads after Source 2]
[04:49:18] 
[04:49:18] === Source 3: MurthyLaw.com (Team Page) ===
[04:49:18]   Found 30 attorneys on team page
[04:50:03] MurthyLaw.com total: 15 leads
[04:50:03] [Progress saved: 2699 leads after Source 3]
[04:50:03] 
[04:50:03] === Source 4: Top Immigration Firm Team Pages ===
[04:50:03]   Checking VisaPlace...
[04:50:09]   Checking Boundless Immigration...
[04:50:09]   Rate limited (403), waiting 5s...
[04:50:14]   Rate limited (403), waiting 10s...
[04:50:24]   Rate limited (403), waiting 15s...
[04:50:37]   Timeout, retrying...
[04:50:39]   Timeout, retrying...
[04:50:42]   Checking Wolfsdorf Rosenthal LLP (WR Immigration)...
[04:50:42]   Rate limited (403), waiting 10s...
[04:50:43]     Scraped 1 attorneys from page
[04:50:44]   Timeout, retrying...
[04:50:46]   Checking Klasko Immigration Law Partners...
[04:50:47]   Rate limited (403), waiting 15s...
[04:50:50]   Checking Siskind Susser PC...
[04:50:52]   Checking Fragomen, Del Rey, Bernsen & Loewy...
[04:50:52]   Rate limited (403), waiting 15s...
[04:50:53]     Scraped 1 attorneys from page
[04:50:54]   Timeout, retrying...
[04:50:55]   Checking Berry Appleman & Leiden LLP (BAL)...
[04:50:55]     Scraped 0 attorneys from page
[04:50:57]   Checking Wildes & Weinberg PC...
[04:50:58]     Scraped 0 attorneys from page
[04:51:01]   Checking Ogletree Deakins (Immigration Practice)...
[04:51:01]     Scraped 0 attorneys from page
[04:51:03]   Checking Duane Morris LLP (Immigration Practice)...
[04:51:04]     Scraped 0 attorneys from page
[04:51:07]   Checking Jackson Lewis PC (Immigration Practice)...
[04:51:07]     Scraped 0 attorneys from page
[04:51:10]   Checking FosterGarvey PC (Immigration Practice)...
[04:51:10]     Scraped 0 attorneys from page
[04:51:12]   Timeout, retrying...
[04:51:13]   Timeout, retrying...
[04:51:13] Top Firms total: 14 leads
[04:51:13] 
[04:51:13] ============================================================
[04:51:13] DONE
[04:51:13] Time: 665.4s
[04:51:13] Total unique leads: 2713
[04:51:13] With phone: 1410
[04:51:13] With email: 956
[04:51:13] With website: 1378
[04:51:13] With parsed name: 568
[04:51:13] Unique states: 53
[04:51:13] Sources: 4
[04:51:13] 
[04:51:13] By source:
[04:51:13]   FindAnImmigrationAttorney.com: 1397
[04:51:13]   ImmigrationAdvocates.org: 1287
[04:51:13]   MurthyLaw.com: 15
[04:51:13]   TopFirm-TeamPage: 14
[04:51:13] 
[04:51:13] Output: /Users/fardeenchoudhury/mortar-lead-scraper/output/immigration-lawyers-visa-directories.csv
[04:51:15]   Rate limited (403), waiting 15s...
[04:51:16]   Timeout, retrying...
[04:51:17]   Timeout, retrying...
[04:51:20]   Timeout, retrying...
[04:51:22]   Timeout, retrying...
[04:51:45]   Timeout, retrying...
[04:51:49]   Timeout, retrying...
[04:51:50]   Timeout, retrying...
[04:51:53]   Timeout, retrying...
[04:52:23]   Timeout, retrying...
[04:52:26]   Timeout, retrying...
